Archive member included to satisfy reference by file (symbol)

/usr/lib/gcc/arm-none-eabi/13.2.1/../../../arm-none-eabi/lib/thumb/v8-m.main+dp/hard/libc.a(libc_a-strtoll.o)
                              build/kernel/src/klibc/rt_vsscanf.o (strtoll)
/usr/lib/gcc/arm-none-eabi/13.2.1/../../../arm-none-eabi/lib/thumb/v8-m.main+dp/hard/libc.a(libc_a-memset.o)
                              /usr/lib/gcc/arm-none-eabi/13.2.1/../../../arm-none-eabi/lib/thumb/v8-m.main+dp/hard/crt0.o (memset)
/usr/lib/gcc/arm-none-eabi/13.2.1/../../../arm-none-eabi/lib/thumb/v8-m.main+dp/hard/libc.a(libc_a-strtod.o)
                              build/kernel/src/klibc/rt_vsscanf.o (strtod)
/usr/lib/gcc/arm-none-eabi/13.2.1/../../../arm-none-eabi/lib/thumb/v8-m.main+dp/hard/libc.a(libc_a-locale.o)
                              /usr/lib/gcc/arm-none-eabi/13.2.1/../../../arm-none-eabi/lib/thumb/v8-m.main+dp/hard/libc.a(libc_a-strtod.o) (__global_locale)
/usr/lib/gcc/arm-none-eabi/13.2.1/../../../arm-none-eabi/lib/thumb/v8-m.main+dp/hard/libc.a(libc_a-strchr.o)
                              build/kernel/components/libc/compilers/common/cstring.o (strchr)
/usr/lib/gcc/arm-none-eabi/13.2.1/../../../arm-none-eabi/lib/thumb/v8-m.main+dp/hard/libc.a(libc_a-strcmp.o)
                              /usr/lib/gcc/arm-none-eabi/13.2.1/../../../arm-none-eabi/lib/thumb/v8-m.main+dp/hard/libc.a(libc_a-locale.o) (strcmp)
/usr/lib/gcc/arm-none-eabi/13.2.1/../../../arm-none-eabi/lib/thumb/v8-m.main+dp/hard/libc.a(libc_a-gdtoa-gethex.o)
                              /usr/lib/gcc/arm-none-eabi/13.2.1/../../../arm-none-eabi/lib/thumb/v8-m.main+dp/hard/libc.a(libc_a-strtod.o) (__gethex)
/usr/lib/gcc/arm-none-eabi/13.2.1/../../../arm-none-eabi/lib/thumb/v8-m.main+dp/hard/libc.a(libc_a-strtoul.o)
                              build/kernel/src/kservice.o (strtoul)
/usr/lib/gcc/arm-none-eabi/13.2.1/../../../arm-none-eabi/lib/thumb/v8-m.main+dp/hard/libc.a(libc_a-mbtowc_r.o)
                              /usr/lib/gcc/arm-none-eabi/13.2.1/../../../arm-none-eabi/lib/thumb/v8-m.main+dp/hard/libc.a(libc_a-locale.o) (__ascii_mbtowc)
/usr/lib/gcc/arm-none-eabi/13.2.1/../../../arm-none-eabi/lib/thumb/v8-m.main+dp/hard/libc.a(libc_a-strncmp.o)
                              /usr/lib/gcc/arm-none-eabi/13.2.1/../../../arm-none-eabi/lib/thumb/v8-m.main+dp/hard/libc.a(libc_a-strtod.o) (strncmp)
/usr/lib/gcc/arm-none-eabi/13.2.1/../../../arm-none-eabi/lib/thumb/v8-m.main+dp/hard/libc.a(libc_a-impure.o)
                              /usr/lib/gcc/arm-none-eabi/13.2.1/../../../arm-none-eabi/lib/thumb/v8-m.main+dp/hard/libc.a(libc_a-strtoll.o) (_impure_ptr)
/usr/lib/gcc/arm-none-eabi/13.2.1/../../../arm-none-eabi/lib/thumb/v8-m.main+dp/hard/libc.a(libc_a-strtoull.o)
                              build/kernel/src/klibc/rt_vsscanf.o (strtoull)
/usr/lib/gcc/arm-none-eabi/13.2.1/../../../arm-none-eabi/lib/thumb/v8-m.main+dp/hard/libc.a(libc_a-strtold.o)
                              build/kernel/src/klibc/rt_vsscanf.o (strtold)
/usr/lib/gcc/arm-none-eabi/13.2.1/../../../arm-none-eabi/lib/thumb/v8-m.main+dp/hard/libc.a(libc_a-atoi.o)
                              build/kernel/components/drivers/pin/dev_pin.o (atoi)
/usr/lib/gcc/arm-none-eabi/13.2.1/../../../arm-none-eabi/lib/thumb/v8-m.main+dp/hard/libc.a(libc_a-strtol.o)
                              /usr/lib/gcc/arm-none-eabi/13.2.1/../../../arm-none-eabi/lib/thumb/v8-m.main+dp/hard/libc.a(libc_a-atoi.o) (_strtol_r)
/usr/lib/gcc/arm-none-eabi/13.2.1/../../../arm-none-eabi/lib/thumb/v8-m.main+dp/hard/libc.a(libc_a-wctomb_r.o)
                              /usr/lib/gcc/arm-none-eabi/13.2.1/../../../arm-none-eabi/lib/thumb/v8-m.main+dp/hard/libc.a(libc_a-locale.o) (__ascii_wctomb)
/usr/lib/gcc/arm-none-eabi/13.2.1/../../../arm-none-eabi/lib/thumb/v8-m.main+dp/hard/libc.a(libc_a-strrchr.o)
                              build/kernel/components/libc/compilers/common/cstring.o (strrchr)
/usr/lib/gcc/arm-none-eabi/13.2.1/../../../arm-none-eabi/lib/thumb/v8-m.main+dp/hard/libc.a(libc_a-malloc.o)
                              build/kernel/components/libc/compilers/common/cstring.o (malloc)
/usr/lib/gcc/arm-none-eabi/13.2.1/../../../arm-none-eabi/lib/thumb/v8-m.main+dp/hard/libc.a(libc_a-memcpy.o)
                              ra/fsp/src/bsp/cmsis/Device/RENESAS/Source/system.o (memcpy)
/usr/lib/gcc/arm-none-eabi/13.2.1/../../../arm-none-eabi/lib/thumb/v8-m.main+dp/hard/libc.a(libc_a-findfp.o)
                              /usr/lib/gcc/arm-none-eabi/13.2.1/../../../arm-none-eabi/lib/thumb/v8-m.main+dp/hard/libc.a(libc_a-impure.o) (__sf)
/usr/lib/gcc/arm-none-eabi/13.2.1/../../../arm-none-eabi/lib/thumb/v8-m.main+dp/hard/libc.a(libc_a-exit.o)
                              /usr/lib/gcc/arm-none-eabi/13.2.1/../../../arm-none-eabi/lib/thumb/v8-m.main+dp/hard/crt0.o (exit)
/usr/lib/gcc/arm-none-eabi/13.2.1/../../../arm-none-eabi/lib/thumb/v8-m.main+dp/hard/libc.a(libc_a-ctype_.o)
[...]
Memory Configuration

Name             Origin             Length             Attributes
ITCM             0x00000000         0x00010000         xr
DTCM             0x20000000         0x00010000         xrw
FLASH            0x02000000         0x001f8000         xr
RAM              0x22000000         0x000e0000         xrw
DATA_FLASH       0x27000000         0x00003000         xr
QSPI_FLASH       0x60000000         0x00000000         xr
OSPI_DEVICE_0    0x80000000         0x10000000         xr
OSPI_DEVICE_1    0x90000000         0x10000000         xr
OSPI_DEVICE_0_RAM 0x80000000         0x10000000         xrw
OSPI_DEVICE_1_RAM 0x90000000         0x10000000         xrw
SDRAM            0x68000000         0x08000000         xrw
OPTION_SETTING   0x0300a100         0x00000100         r
OPTION_SETTING_OFS 0x0300a100         0x00000018         r
OPTION_SETTING_SAS 0x0300a134         0x000000cc         r
OPTION_SETTING_S 0x0300a200         0x00000100         r
ID_CODE          0x00000000         0x00000000         xr
*default*        0x00000000         0xffffffff

Linker script and memory map

LOAD /usr/lib/gcc/arm-none-eabi/13.2.1/thumb/v8-m.main+dp/hard/crti.o
LOAD /usr/lib/gcc/arm-none-eabi/13.2.1/thumb/v8-m.main+dp/hard/crtbegin.o
LOAD /usr/lib/gcc/arm-none-eabi/13.2.1/../../../arm-none-eabi/lib/thumb/v8-m.main+dp/hard/crt0.o
LOAD build/kernel/components/libc/compilers/common/cctype.o
LOAD build/kernel/components/libc/compilers/common/cstdlib.o
LOAD build/kernel/components/libc/compilers/common/cstring.o
LOAD build/kernel/components/libc/compilers/common/ctime.o
LOAD build/kernel/components/libc/compilers/common/cunistd.o
LOAD build/kernel/components/libc/compilers/common/cwchar.o
LOAD build/kernel/components/libc/compilers/newlib/syscalls.o
LOAD build/kernel/libcpu/arm/common/atomic_arm.o
LOAD build/kernel/libcpu/arm/common/div0.o
LOAD build/kernel/libcpu/arm/common/showmem.o
LOAD build/kernel/libcpu/arm/cortex-m85/context_gcc.o
LOAD build/kernel/libcpu/arm/cortex-m85/cpuport.o
LOAD build/kernel/src/klibc/kerrno.o
LOAD build/kernel/src/klibc/kstdio.o
LOAD build/kernel/src/klibc/kstring.o
LOAD build/kernel/src/klibc/rt_vsnprintf_tiny.o
LOAD build/kernel/src/klibc/rt_vsscanf.o
LOAD ra/fsp/src/bsp/cmsis/Device/RENESAS/Source/startup.o
LOAD ra/fsp/src/bsp/cmsis/Device/RENESAS/Source/system.o
LOAD ra/fsp/src/bsp/mcu/all/bsp_clocks.o
LOAD ra/fsp/src/bsp/mcu/all/bsp_common.o
LOAD ra/fsp/src/bsp/mcu/all/bsp_delay.o
LOAD ra/fsp/src/bsp/mcu/all/bsp_group_irq.o
LOAD ra/fsp/src/bsp/mcu/all/bsp_guard.o
LOAD ra/fsp/src/bsp/mcu/all/bsp_io.o
LOAD ra/fsp/src/bsp/mcu/all/bsp_irq.o
LOAD ra/fsp/src/bsp/mcu/all/bsp_register_protection.o
LOAD ra/fsp/src/bsp/mcu/all/bsp_rom_registers.o
LOAD ra/fsp/src/bsp/mcu/all/bsp_sbrk.o
LOAD ra/fsp/src/bsp/mcu/all/bsp_security.o
LOAD ra/fsp/src/r_ioport/r_ioport.o
LOAD ra/fsp/src/r_sci_b_uart/r_sci_b_uart.o
LOAD build/ra_gen/common_data.o
LOAD build/ra_gen/hal_data.o
LOAD build/ra_gen/main.o
LOAD build/ra_gen/pin_data.o
LOAD build/ra_gen/vector_data.o
LOAD build/src/hal_entry.o
LOAD /home/wenbo/rt_workspace/rt-thread/bsp/renesas/libraries/HAL_Drivers/drivers/drv_gpio.o
LOAD /home/wenbo/rt_workspace/rt-thread/bsp/renesas/libraries/HAL_Drivers/drivers/drv_usart_v2.o
LOAD /home/wenbo/rt_workspace/rt-thread/bsp/renesas/libraries/HAL_Drivers/drv_common.o
LOAD build/board/ports/drv_sdram.o
LOAD build/board/ra8_it.o
LOAD build/kernel/components/drivers/core/device.o
LOAD build/kernel/components/drivers/ipc/completion_comm.o
LOAD build/kernel/components/drivers/ipc/completion_up.o
LOAD build/kernel/components/drivers/ipc/condvar.o
LOAD build/kernel/components/drivers/ipc/dataqueue.o
LOAD build/kernel/components/drivers/ipc/pipe.o
LOAD build/kernel/components/drivers/ipc/ringblk_buf.o
LOAD build/kernel/components/drivers/ipc/ringbuffer.o
LOAD build/kernel/components/drivers/ipc/waitqueue.o
LOAD build/kernel/components/drivers/ipc/workqueue.o
LOAD build/kernel/components/drivers/pin/dev_pin.o
LOAD build/kernel/components/drivers/serial/dev_serial_v2.o
LOAD build/kernel/components/finsh/cmd.o
LOAD build/kernel/components/finsh/msh.o
LOAD build/kernel/components/finsh/msh_parse.o
LOAD build/kernel/components/finsh/shell.o
LOAD build/kernel/src/clock.o
LOAD build/kernel/src/components.o
LOAD build/kernel/src/cpu_up.o
LOAD build/kernel/src/defunct.o
LOAD build/kernel/src/idle.o
LOAD build/kernel/src/ipc.o
LOAD build/kernel/src/irq.o
LOAD build/kernel/src/kservice.o
LOAD build/kernel/src/memheap.o
LOAD build/kernel/src/mempool.o
LOAD build/kernel/src/object.o
LOAD build/kernel/src/scheduler_comm.o
LOAD build/kernel/src/scheduler_up.o
LOAD build/kernel/src/thread.o
LOAD build/kernel/src/timer.o
LOAD /usr/lib/gcc/arm-none-eabi/13.2.1/../../../arm-none-eabi/lib/thumb/v8-m.main+dp/hard/libc.a
LOAD /usr/lib/gcc/arm-none-eabi/13.2.1/../../../arm-none-eabi/lib/thumb/v8-m.main+dp/hard/libm.a
START GROUP
LOAD /usr/lib/gcc/arm-none-eabi/13.2.1/thumb/v8-m.main+dp/hard/libgcc.a
LOAD /usr/lib/gcc/arm-none-eabi/13.2.1/../../../arm-none-eabi/lib/thumb/v8-m.main+dp/hard/libc.a
END GROUP
LOAD /usr/lib/gcc/arm-none-eabi/13.2.1/thumb/v8-m.main+dp/hard/crtend.o
LOAD /usr/lib/gcc/arm-none-eabi/13.2.1/thumb/v8-m.main+dp/hard/crtn.o
                0x22000000                        RAM_START = 0x22000000
                0x000e0000                        RAM_LENGTH = 0xe0000
                0x02000000                        FLASH_START = 0x2000000
                0x001f8000                        FLASH_LENGTH = 0x1f8000
                0x27000000                        DATA_FLASH_START = 0x27000000
                0x00003000                        DATA_FLASH_LENGTH = 0x3000
                0x0300a100                        OPTION_SETTING_START = 0x300a100
                0x00000100                        OPTION_SETTING_LENGTH = 0x100
                0x0300a200                        OPTION_SETTING_S_START = 0x300a200
                0x00000100                        OPTION_SETTING_S_LENGTH = 0x100
                0x00000000                        ID_CODE_START = 0x0
                0x00000000                        ID_CODE_LENGTH = 0x0
                0x68000000                        SDRAM_START = 0x68000000
                0x08000000                        SDRAM_LENGTH = 0x8000000
                0x60000000                        QSPI_FLASH_START = 0x60000000
                0x00000000                        QSPI_FLASH_LENGTH = 0x0
                0x80000000                        OSPI_DEVICE_0_START = 0x80000000
                0x10000000                        OSPI_DEVICE_0_LENGTH = 0x10000000
                0x90000000                        OSPI_DEVICE_1_START = 0x90000000
                0x10000000                        OSPI_DEVICE_1_LENGTH = 0x10000000
                0x00000000                        ITCM_START = 0x0
                0x00010000                        ITCM_LENGTH = 0x10000
                0x20000000                        DTCM_START = 0x20000000
                0x00010000                        DTCM_LENGTH = 0x10000
                0x10000000                        NS_OFFSET_START = 0x10000000
                0x00000000                        NS_OFFSET_LENGTH = 0x0
                0x00003080                        RAM_NS_BUFFER_LENGTH = 0x3080
                0x00000000                        QSPI_FLASH_PRV_LENGTH = DEFINED (QSPI_FLASH_SIZE)?ABSOLUTE (QSPI_FLASH_SIZE):ABSOLUTE (QSPI_FLASH_LENGTH)
                0x10000000                        OSPI_DEVICE_0_PRV_LENGTH = DEFINED (OSPI_DEVICE_0_SIZE)?ABSOLUTE (OSPI_DEVICE_0_SIZE):ABSOLUTE (OSPI_DEVICE_0_LENGTH)
                0x10000000                        OSPI_DEVICE_1_PRV_LENGTH = DEFINED (OSPI_DEVICE_1_SIZE)?ABSOLUTE (OSPI_DEVICE_1_SIZE):ABSOLUTE (OSPI_DEVICE_1_LENGTH)
                0x00000001                        __RESERVE_NS_RAM = ((! (DEFINED (PROJECT_NONSECURE)) && DEFINED (RAM_NS_BUFFER_LENGTH)) && (OPTION_SETTING_S_LENGTH != 0x0))
                0x00000000                        ITCM_START = DEFINED (ITCM_START)?ITCM_START:0x0
                0x00010000                        ITCM_LENGTH = DEFINED (ITCM_LENGTH)?ITCM_LENGTH:0x0
                0x20000000                        DTCM_START = DEFINED (DTCM_START)?DTCM_START:0x0
                0x00010000                        DTCM_LENGTH = DEFINED (DTCM_LENGTH)?DTCM_LENGTH:0x0
                0x10000000                        NS_OFFSET_START = DEFINED (NS_OFFSET_START)?NS_OFFSET_START:0x0
                0x00000000                        NS_IMAGE_OFFSET = DEFINED (PROJECT_NONSECURE)?NS_OFFSET_START:0x0
                0x00004000                        RAM_NS_BUFFER_BLOCK_LENGTH = DEFINED (RAM_NS_BUFFER_LENGTH)?ALIGN (RAM_NS_BUFFER_LENGTH, 0x2000):0x0
                0x00003080                        RAM_NS_BUFFER_LENGTH = DEFINED (RAM_NS_BUFFER_LENGTH)?RAM_NS_BUFFER_LENGTH:0x0
                0x220dcf80                        RAM_NS_BUFFER_START = ((RAM_START + RAM_LENGTH) - RAM_NS_BUFFER_LENGTH)
                0x220dc000                        RAM_NS_BUFFER_BLOCK_START = ((RAM_START + RAM_LENGTH) - RAM_NS_BUFFER_BLOCK_LENGTH)
                0x0300a180                        OPTION_SETTING_START_NS = DEFINED (PROJECT_NONSECURE)?OPTION_SETTING_START:(OPTION_SETTING_START + 0x80)
                0x00000001                        __bl_FSP_BOOTABLE_IMAGE = 0x1
                0x00000001                        __bln_FSP_BOOTABLE_IMAGE = 0x1
                0x00000001                        PROJECT_SECURE_OR_FLAT = (((! (DEFINED (PROJECT_NONSECURE)) || DEFINED (PROJECT_SECURE)) && OPTION_SETTING_LENGTH) && ! (DEFINED (FSP_BOOTABLE_IMAGE)))
                0x00000000                        USE_OPTION_SETTING_NS = (DEFINED (PROJECT_NONSECURE) && ! (DEFINED (FSP_BOOTABLE_IMAGE)))
                0x00000000                        __bl_FLASH_IMAGE_START = ! (DEFINED (FLASH_BOOTLOADER_LENGTH))?0x0:(FLASH_APPLICATION_IMAGE_NUMBER == 0x1)?(FLASH_BOOTLOADER_LENGTH + FLASH_BOOTLOADER_HEADER_LENGTH):(((FLASH_BOOTLOADER_LENGTH + FLASH_BOOTLOADER_SCRATCH_LENGTH) + FLASH_APPLICATION_S_LENGTH) + FLASH_BOOTLOADER_HEADER_LENGTH)
                0x00000000                        __bl_FLASH_IMAGE_LENGTH = ! (DEFINED (FLASH_BOOTLOADER_LENGTH))?0x0:(FLASH_APPLICATION_S_LENGTH - FLASH_BOOTLOADER_HEADER_LENGTH)
                0x00000000                        __bl_FLASH_IMAGE_END = (__bl_FLASH_IMAGE_START + __bl_FLASH_IMAGE_LENGTH)
                0x00000000                        __bl_XIP_SECONDARY_FLASH_IMAGE_START = ! (DEFINED (FLASH_BOOTLOADER_LENGTH))?0x0:((FLASH_BOOTLOADER_LENGTH + FLASH_APPLICATION_S_LENGTH) + FLASH_BOOTLOADER_HEADER_LENGTH)
                0x00000000                        __bl_XIP_SECONDARY_FLASH_IMAGE_END = (__bl_XIP_SECONDARY_FLASH_IMAGE_START + __bl_FLASH_IMAGE_LENGTH)
                0x00000000                        __bl_FLASH_NS_START = ! (DEFINED (FLASH_BOOTLOADER_LENGTH))?0x0:(FLASH_APPLICATION_NS_LENGTH == 0x0)?__bl_FLASH_IMAGE_END:((__bl_FLASH_IMAGE_START - FLASH_BOOTLOADER_HEADER_LENGTH) + FLASH_APPLICATION_S_LENGTH)
                0x00000000                        __bl_FLASH_NSC_START = ! (DEFINED (FLASH_BOOTLOADER_LENGTH))?0x0:(FLASH_APPLICATION_NS_LENGTH == 0x0)?__bl_FLASH_IMAGE_END:(__bl_FLASH_NS_START - FLASH_APPLICATION_NSC_LENGTH)
                0x00000000                        __bl_RAM_NS_START = ! (DEFINED (FLASH_BOOTLOADER_LENGTH))?0x0:(FLASH_APPLICATION_NS_LENGTH == 0x0)?(RAM_START + RAM_LENGTH):((RAM_START + RAM_LENGTH) - RAM_APPLICATION_NS_LENGTH)
                0x00000000                        __bl_RAM_NSC_START = ! (DEFINED (FLASH_BOOTLOADER_LENGTH))?0x0:(FLASH_APPLICATION_NS_LENGTH == 0x0)?(RAM_START + RAM_LENGTH):(__bl_RAM_NS_START - RAM_APPLICATION_NSC_LENGTH)
                0x00000000                        __bl_FLASH_NS_IMAGE_START = ! (DEFINED (FLASH_BOOTLOADER_LENGTH))?0x0:(FLASH_APPLICATION_NS_LENGTH == 0x0)?__bl_FLASH_IMAGE_END:(__bl_FLASH_NS_START + FLASH_BOOTLOADER_HEADER_LENGTH_2)
                0x00000000                        __bln_FLASH_IMAGE_START = __bl_FLASH_NS_IMAGE_START
                0x00000000                        __bln_FLASH_IMAGE_LENGTH = ! (DEFINED (FLASH_BOOTLOADER_LENGTH))?0x0:(FLASH_APPLICATION_NS_LENGTH == 0x0)?__bl_FLASH_IMAGE_END:(FLASH_APPLICATION_NS_LENGTH - FLASH_BOOTLOADER_HEADER_LENGTH_2)
                0x00000000                        XIP_SECONDARY_SLOT_IMAGE = DEFINED (XIP_SECONDARY_SLOT_IMAGE)?XIP_SECONDARY_SLOT_IMAGE:0x0
                0x02000000                        FLASH_ORIGIN = ! (DEFINED (FLASH_IMAGE_START))?FLASH_START:(XIP_SECONDARY_SLOT_IMAGE == 0x1)?XIP_SECONDARY_FLASH_IMAGE_START:FLASH_IMAGE_START
                0x001f8000                        LIMITED_FLASH_LENGTH = DEFINED (FLASH_IMAGE_LENGTH)?FLASH_IMAGE_LENGTH:DEFINED (FLASH_BOOTLOADER_LENGTH)?FLASH_BOOTLOADER_LENGTH:FLASH_LENGTH
START GROUP
LOAD /usr/lib/gcc/arm-none-eabi/13.2.1/../../../arm-none-eabi/lib/thumb/v8-m.main+dp/hard/libc.a
LOAD /usr/lib/gcc/arm-none-eabi/13.2.1/../../../arm-none-eabi/lib/thumb/v8-m.main+dp/hard/libm.a
LOAD /usr/lib/gcc/arm-none-eabi/13.2.1/../../../arm-none-eabi/lib/thumb/v8-m.main+dp/hard/libnosys.a
END GROUP

.text           0x02000000    0x11704
                0x02000000                        __tz_FLASH_S = ABSOLUTE (FLASH_START)
                0x02000000                        __ROM_Start = .
 *(.fixed_vectors*)
 .fixed_vectors
                0x02000000       0x40 ra/fsp/src/bsp/cmsis/Device/RENESAS/Source/startup.o
                0x02000000                __Vectors
 *(.application_vectors*)
 .application_vectors
                0x02000040      0x180 build/ra_gen/vector_data.o
                0x02000040                g_vector_table
                0x020001c0                        __Vectors_End = .
                0x020001c0                        . = (OPTION_SETTING_LENGTH > 0x0)?.:(__ROM_Start + 0x400)
 *(.rom_registers*)
                0x020001c0                        . = (OPTION_SETTING_LENGTH > 0x0)?.:(__ROM_Start + 0x500)
                0x02000200                        . = ALIGN (0x80)
 *fill*         0x020001c0       0x40 ff
 *(.mcuboot_sce9_key*)
 *(.text*)
 .text          0x02000200       0x8c /usr/lib/gcc/arm-none-eabi/13.2.1/thumb/v8-m.main+dp/hard/crtbegin.o
 .text.__errno  0x0200028c        0xe build/kernel/components/libc/compilers/newlib/syscalls.o
                0x0200028c                __errno
 .text.rt_hw_atomic_load
                0x0200029a       0x3e build/kernel/libcpu/arm/common/atomic_arm.o
                0x0200029a                rt_hw_atomic_load
 .text.rt_hw_atomic_store
                0x020002d8       0x3c build/kernel/libcpu/arm/common/atomic_arm.o
                0x020002d8                rt_hw_atomic_store
 .text.rt_hw_atomic_add
                0x02000314       0x44 build/kernel/libcpu/arm/common/atomic_arm.o
                0x02000314                rt_hw_atomic_add
 .text.rt_hw_atomic_sub
                0x02000358       0x44 build/kernel/libcpu/arm/common/atomic_arm.o
                0x02000358                rt_hw_atomic_sub
 .text.rt_hw_atomic_flag_clear
                0x0200039c       0x3a build/kernel/libcpu/arm/common/atomic_arm.o
                0x0200039c                rt_hw_atomic_flag_clear
 .text.rt_hw_atomic_flag_test_and_set
                0x020003d6       0x3e build/kernel/libcpu/arm/common/atomic_arm.o
                0x020003d6                rt_hw_atomic_flag_test_and_set
 .text          0x02000414      0x14c build/kernel/libcpu/arm/cortex-m85/context_gcc.o
                0x02000414                rt_hw_interrupt_disable
                0x0200041c                rt_hw_interrupt_enable
                0x02000422                rt_hw_context_switch_interrupt
                0x02000422                rt_hw_context_switch
                0x02000442                PendSV_Handler
                0x020004b8                rt_hw_context_switch_to
                0x02000506                rt_hw_interrupt_thread_switch
                0x0200050a                HardFault_Handler
 .text.rt_hw_stack_init
                0x02000560       0x90 build/kernel/libcpu/arm/cortex-m85/cpuport.o
                0x02000560                rt_hw_stack_init
 .text.usage_fault_track
                0x020005f0       0xc4 build/kernel/libcpu/arm/cortex-m85/cpuport.o
 .text.bus_fault_track
                0x020006b4       0xcc build/kernel/libcpu/arm/cortex-m85/cpuport.o
 .text.mem_manage_fault_track
                0x02000780       0xb4 build/kernel/libcpu/arm/cortex-m85/cpuport.o
 .text.hard_fault_track
                0x02000834       0x78 build/kernel/libcpu/arm/cortex-m85/cpuport.o
 .text.rt_hw_hard_fault_exception
                0x020008ac      0x184 build/kernel/libcpu/arm/cortex-m85/cpuport.o
                0x020008ac                rt_hw_hard_fault_exception
 .text.TaskSwitch_StackCheck
                0x02000a30       0x1e build/kernel/libcpu/arm/cortex-m85/cpuport.o
                0x02000a30                TaskSwitch_StackCheck
 .text.__rt_ffs
                0x02000a4e       0x2a build/kernel/libcpu/arm/cortex-m85/cpuport.o
                0x02000a4e                __rt_ffs
 .text.rt_strerror
                0x02000a78       0x5c build/kernel/src/klibc/kerrno.o
                0x02000a78                rt_strerror
 .text.rt_set_errno
                0x02000ad4       0x44 build/kernel/src/klibc/kerrno.o
                0x02000ad4                rt_set_errno
 .text._rt_errno
                0x02000b18       0x38 build/kernel/src/klibc/kerrno.o
                0x02000b18                _rt_errno
 .text.rt_snprintf
                0x02000b50       0x34 build/kernel/src/klibc/kstdio.o
                0x02000b50                rt_snprintf
 .text.rt_memset
                0x02000b84       0xc8 build/kernel/src/klibc/kstring.o
                0x02000b84                rt_memset
 .text.rt_memcpy
                0x02000c4c       0xda build/kernel/src/klibc/kstring.o
                0x02000c4c                rt_memcpy
 .text.rt_memmove
                0x02000d26       0x82 build/kernel/src/klibc/kstring.o
                0x02000d26                rt_memmove
 .text.rt_memcmp
                0x02000da8       0x60 build/kernel/src/klibc/kstring.o
                0x02000da8                rt_memcmp
 .text.rt_strncpy
                0x02000e08       0x64 build/kernel/src/klibc/kstring.o
                0x02000e08                rt_strncpy
 .text.rt_strcpy
                0x02000e6c       0x40 build/kernel/src/klibc/kstring.o
                0x02000e6c                rt_strcpy
 .text.rt_strncmp
                0x02000eac       0x54 build/kernel/src/klibc/kstring.o
                0x02000eac                rt_strncmp
 .text.rt_strcmp
                0x02000f00       0x44 build/kernel/src/klibc/kstring.o
                0x02000f00                rt_strcmp
 .text.rt_strlen
                0x02000f44       0x32 build/kernel/src/klibc/kstring.o
                0x02000f44                rt_strlen
 .text.divide   0x02000f76       0x38 build/kernel/src/klibc/rt_vsnprintf_tiny.o
 .text.skip_atoi
                0x02000fae       0x46 build/kernel/src/klibc/rt_vsnprintf_tiny.o
 .text.print_number
                0x02000ff4      0x338 build/kernel/src/klibc/rt_vsnprintf_tiny.o
 .text.rt_vsnprintf
                0x0200132c      0x628 build/kernel/src/klibc/rt_vsnprintf_tiny.o
                0x0200132c                rt_vsnprintf
 .text.Reset_Handler
                0x02001954       0x10 ra/fsp/src/bsp/cmsis/Device/RENESAS/Source/startup.o
                0x02001954                Reset_Handler
 .text.Default_Handler
                0x02001964       0x10 ra/fsp/src/bsp/cmsis/Device/RENESAS/Source/startup.o
                0x02001964                DebugMon_Handler
                0x02001964                UsageFault_Handler
                0x02001964                SecureFault_Handler
                0x02001964                Default_Handler
                0x02001964                MemManage_Handler
                0x02001964                SVC_Handler
                0x02001964                BusFault_Handler
 .text.SystemInit
                0x02001974      0x188 ra/fsp/src/bsp/cmsis/Device/RENESAS/Source/system.o
                0x02001974                SystemInit
 *fill*         0x02001afc        0x4 ff
 .text.memcpy_64
                0x02001b00       0x34 ra/fsp/src/bsp/cmsis/Device/RENESAS/Source/system.o
 *fill*         0x02001b34        0x4 ff
 .text.memset_64
                0x02001b38       0x2c ra/fsp/src/bsp/cmsis/Device/RENESAS/Source/system.o
 .text.bsp_init_itcm
                0x02001b64       0x38 ra/fsp/src/bsp/cmsis/Device/RENESAS/Source/system.o
 .text.bsp_init_dtcm
                0x02001b9c       0x60 ra/fsp/src/bsp/cmsis/Device/RENESAS/Source/system.o
 .text.R_BSP_FlashCacheEnable
                0x02001bfc       0x28 ra/fsp/src/bsp/mcu/all/bsp_clocks.o
 .text.SystemCoreClockUpdate
                0x02001c24       0xa4 ra/fsp/src/bsp/mcu/all/bsp_clocks.o
                0x02001c24                SystemCoreClockUpdate
 .text.bsp_prv_clock_set_hard_reset
                0x02001cc8       0x64 ra/fsp/src/bsp/mcu/all/bsp_clocks.o
 .text.bsp_clock_freq_var_init
                0x02001d2c       0x58 ra/fsp/src/bsp/mcu/all/bsp_clocks.o
 .text.bsp_clock_init
                0x02001d84      0x108 ra/fsp/src/bsp/mcu/all/bsp_clocks.o
                0x02001d84                bsp_clock_init
 .text.R_BSP_SubClockStabilizeWaitAfterReset
                0x02001e8c       0x14 ra/fsp/src/bsp/mcu/all/bsp_clocks.o
                0x02001e8c                R_BSP_SubClockStabilizeWaitAfterReset
 .text.bsp_peripheral_clock_set
                0x02001ea0       0x7e ra/fsp/src/bsp/mcu/all/bsp_clocks.o
 *fill*         0x02001f1e        0x2 ff
 .text.bsp_sosc_init
                0x02001f20       0x6c ra/fsp/src/bsp/mcu/all/bsp_clocks.o
 .text.R_BSP_Init_RTC
                0x02001f8c       0xbc ra/fsp/src/bsp/mcu/all/bsp_clocks.o
                0x02001f8c                R_BSP_Init_RTC
 .text.bsp_init_internal
                0x02002048       0x14 ra/fsp/src/bsp/mcu/all/bsp_common.o
                0x02002048                bsp_init
                0x02002048                bsp_init_internal
 .text.R_BSP_SoftwareDelay
                0x0200205c       0xf8 ra/fsp/src/bsp/mcu/all/bsp_delay.o
                0x0200205c                R_BSP_SoftwareDelay
 *fill*         0x02002154        0x4 ff
 .text.bsp_prv_software_delay_loop
                0x02002158        0xc ra/fsp/src/bsp/mcu/all/bsp_delay.o
                0x02002158                bsp_prv_software_delay_loop
 .text.bsp_group_irq_call
                0x02002164       0x30 ra/fsp/src/bsp/mcu/all/bsp_group_irq.o
 .text.NMI_Handler
                0x02002194       0x80 ra/fsp/src/bsp/mcu/all/bsp_group_irq.o
                0x02002194                NMI_Handler
 .text.bsp_irq_cfg
                0x02002214       0x50 ra/fsp/src/bsp/mcu/all/bsp_irq.o
                0x02002214                bsp_irq_cfg
 .text.R_BSP_RegisterProtectEnable
                0x02002264       0xa0 ra/fsp/src/bsp/mcu/all/bsp_register_protection.o
                0x02002264                R_BSP_RegisterProtectEnable
 .text.R_BSP_RegisterProtectDisable
                0x02002304       0x90 ra/fsp/src/bsp/mcu/all/bsp_register_protection.o
                0x02002304                R_BSP_RegisterProtectDisable
 .text.R_BSP_PinRead
                0x02002394       0x38 ra/fsp/src/r_ioport/r_ioport.o
 .text.R_BSP_PinAccessEnable
                0x020023cc       0x60 ra/fsp/src/r_ioport/r_ioport.o
 .text.R_BSP_PinAccessDisable
                0x0200242c       0x68 ra/fsp/src/r_ioport/r_ioport.o
 .text.R_IOPORT_Open
                0x02002494       0x28 ra/fsp/src/r_ioport/r_ioport.o
                0x02002494                R_IOPORT_Open
 .text.R_IOPORT_Close
                0x020024bc       0x20 ra/fsp/src/r_ioport/r_ioport.o
                0x020024bc                R_IOPORT_Close
 .text.R_IOPORT_PinsCfg
                0x020024dc       0x1a ra/fsp/src/r_ioport/r_ioport.o
                0x020024dc                R_IOPORT_PinsCfg
 .text.R_IOPORT_PinCfg
                0x020024f6       0x46 ra/fsp/src/r_ioport/r_ioport.o
                0x020024f6                R_IOPORT_PinCfg
 .text.R_IOPORT_PinRead
                0x0200253c       0x28 ra/fsp/src/r_ioport/r_ioport.o
                0x0200253c                R_IOPORT_PinRead
 .text.R_IOPORT_PortRead
                0x02002564       0x3a ra/fsp/src/r_ioport/r_ioport.o
                0x02002564                R_IOPORT_PortRead
 .text.R_IOPORT_PortWrite
                0x0200259e       0x62 ra/fsp/src/r_ioport/r_ioport.o
                0x0200259e                R_IOPORT_PortWrite
 .text.R_IOPORT_PinWrite
                0x02002600       0x6e ra/fsp/src/r_ioport/r_ioport.o
                0x02002600                R_IOPORT_PinWrite
 .text.R_IOPORT_PortDirectionSet
                0x0200266e       0x72 ra/fsp/src/r_ioport/r_ioport.o
                0x0200266e                R_IOPORT_PortDirectionSet
 .text.R_IOPORT_PortEventInputRead
                0x020026e0       0x3e ra/fsp/src/r_ioport/r_ioport.o
                0x020026e0                R_IOPORT_PortEventInputRead
 .text.R_IOPORT_PinEventInputRead
                0x0200271e       0x62 ra/fsp/src/r_ioport/r_ioport.o
                0x0200271e                R_IOPORT_PinEventInputRead
 .text.R_IOPORT_PortEventOutputWrite
                0x02002780       0x62 ra/fsp/src/r_ioport/r_ioport.o
                0x02002780                R_IOPORT_PortEventOutputWrite
 .text.R_IOPORT_PinEventOutputWrite
                0x020027e2       0x5e ra/fsp/src/r_ioport/r_ioport.o
                0x020027e2                R_IOPORT_PinEventOutputWrite
 .text.r_ioport_pins_config
                0x02002840       0x56 ra/fsp/src/r_ioport/r_ioport.o
 .text.r_ioport_hw_pin_event_output_data_write
                0x02002896       0x88 ra/fsp/src/r_ioport/r_ioport.o
 *fill*         0x0200291e        0x2 ff
 .text.r_ioport_pfs_write
                0x02002920       0x78 ra/fsp/src/r_ioport/r_ioport.o
 .text.bsp_vbatt_init
                0x02002998      0x17c ra/fsp/src/r_ioport/r_ioport.o
 .text.__NVIC_SetPriority
                0x02002b14       0x54 ra/fsp/src/r_sci_b_uart/r_sci_b_uart.o
 .text.R_FSP_CurrentIrqGet
                0x02002b68       0x2c ra/fsp/src/r_sci_b_uart/r_sci_b_uart.o
 .text.R_FSP_IsrContextSet
                0x02002b94       0x28 ra/fsp/src/r_sci_b_uart/r_sci_b_uart.o
 .text.R_BSP_IrqStatusClear
                0x02002bbc       0x40 ra/fsp/src/r_sci_b_uart/r_sci_b_uart.o
 .text.R_BSP_IrqClearPending
                0x02002bfc       0x48 ra/fsp/src/r_sci_b_uart/r_sci_b_uart.o
 .text.R_BSP_IrqCfg
                0x02002c44       0x2e ra/fsp/src/r_sci_b_uart/r_sci_b_uart.o
 *fill*         0x02002c72        0x2 ff
 .text.R_BSP_IrqEnableNoClear
                0x02002c74       0x38 ra/fsp/src/r_sci_b_uart/r_sci_b_uart.o
 .text.R_BSP_IrqEnable
                0x02002cac       0x26 ra/fsp/src/r_sci_b_uart/r_sci_b_uart.o
 *fill*         0x02002cd2        0x2 ff
 .text.R_BSP_IrqDisable
                0x02002cd4       0x48 ra/fsp/src/r_sci_b_uart/r_sci_b_uart.o
 .text.R_FSP_IsrContextGet
                0x02002d1c       0x24 ra/fsp/src/r_sci_b_uart/r_sci_b_uart.o
 .text.R_SCI_B_UART_Open
                0x02002d40      0x1a0 ra/fsp/src/r_sci_b_uart/r_sci_b_uart.o
                0x02002d40                R_SCI_B_UART_Open
 .text.r_sci_b_uart_config_set
                0x02002ee0      0x160 ra/fsp/src/r_sci_b_uart/r_sci_b_uart.o
 .text.r_sci_b_uart_fifo_cfg
                0x02003040       0x70 ra/fsp/src/r_sci_b_uart/r_sci_b_uart.o
 .text.r_sci_b_irq_cfg
                0x020030b0       0x3a ra/fsp/src/r_sci_b_uart/r_sci_b_uart.o
 .text.r_sci_b_irqs_cfg
                0x020030ea       0x5a ra/fsp/src/r_sci_b_uart/r_sci_b_uart.o
 .text.r_sci_b_uart_call_callback
                0x02003144       0x76 ra/fsp/src/r_sci_b_uart/r_sci_b_uart.o
 .text.sci_b_uart_txi_isr
                0x020031ba      0x176 ra/fsp/src/r_sci_b_uart/r_sci_b_uart.o
                0x020031ba                sci_b_uart_txi_isr
 .text.sci_b_uart_rxi_isr
                0x02003330      0x13e ra/fsp/src/r_sci_b_uart/r_sci_b_uart.o
                0x02003330                sci_b_uart_rxi_isr
 .text.sci_b_uart_tei_isr
                0x0200346e       0x52 ra/fsp/src/r_sci_b_uart/r_sci_b_uart.o
                0x0200346e                sci_b_uart_tei_isr
 .text.sci_b_uart_eri_isr
                0x020034c0       0xf0 ra/fsp/src/r_sci_b_uart/r_sci_b_uart.o
                0x020034c0                sci_b_uart_eri_isr
 .text.main     0x020035b0        0xe build/ra_gen/main.o
                0x020035b0                main
 *fill*         0x020035be        0x2 ff
 .text.hal_entry
                0x020035c0       0x38 build/src/hal_entry.o
                0x020035c0                hal_entry
 .text.R_BSP_PinRead
                0x020035f8       0x38 /home/wenbo/rt_workspace/rt-thread/bsp/renesas/libraries/HAL_Drivers/drivers/drv_gpio.o
 .text.R_BSP_PinWrite
                0x02003630       0x68 /home/wenbo/rt_workspace/rt-thread/bsp/renesas/libraries/HAL_Drivers/drivers/drv_gpio.o
 .text.R_BSP_PinAccessEnable
                0x02003698       0x60 /home/wenbo/rt_workspace/rt-thread/bsp/renesas/libraries/HAL_Drivers/drivers/drv_gpio.o
 .text.R_BSP_PinAccessDisable
                0x020036f8       0x68 /home/wenbo/rt_workspace/rt-thread/bsp/renesas/libraries/HAL_Drivers/drivers/drv_gpio.o
 .text.ra_pin_mode
                0x02003760       0xf4 /home/wenbo/rt_workspace/rt-thread/bsp/renesas/libraries/HAL_Drivers/drivers/drv_gpio.o
 .text.ra_pin_write
                0x02003854       0x3c /home/wenbo/rt_workspace/rt-thread/bsp/renesas/libraries/HAL_Drivers/drivers/drv_gpio.o
 .text.ra_pin_read
                0x02003890       0x32 /home/wenbo/rt_workspace/rt-thread/bsp/renesas/libraries/HAL_Drivers/drivers/drv_gpio.o
 .text.ra_pin_irq_enable
                0x020038c2       0x1e /home/wenbo/rt_workspace/rt-thread/bsp/renesas/libraries/HAL_Drivers/drivers/drv_gpio.o
 .text.ra_pin_attach_irq
                0x020038e0       0x20 /home/wenbo/rt_workspace/rt-thread/bsp/renesas/libraries/HAL_Drivers/drivers/drv_gpio.o
 .text.ra_pin_dettach_irq
                0x02003900       0x1a /home/wenbo/rt_workspace/rt-thread/bsp/renesas/libraries/HAL_Drivers/drivers/drv_gpio.o
 *fill*         0x0200391a        0x2 ff
 .text.ra_pin_get
                0x0200391c       0xb4 /home/wenbo/rt_workspace/rt-thread/bsp/renesas/libraries/HAL_Drivers/drivers/drv_gpio.o
 .text.rt_hw_pin_init
                0x020039d0       0x1c /home/wenbo/rt_workspace/rt-thread/bsp/renesas/libraries/HAL_Drivers/drivers/drv_gpio.o
                0x020039d0                rt_hw_pin_init
 .text.ra_uart_get_config
                0x020039ec       0x50 /home/wenbo/rt_workspace/rt-thread/bsp/renesas/libraries/HAL_Drivers/drivers/drv_usart_v2.o
 .text.ra_uart_configure
                0x02003a3c       0x80 /home/wenbo/rt_workspace/rt-thread/bsp/renesas/libraries/HAL_Drivers/drivers/drv_usart_v2.o
 .text.ra_uart_control
                0x02003abc       0x1a /home/wenbo/rt_workspace/rt-thread/bsp/renesas/libraries/HAL_Drivers/drivers/drv_usart_v2.o
 *fill*         0x02003ad6        0x2 ff
 .text.ra_uart_putc
                0x02003ad8       0x68 /home/wenbo/rt_workspace/rt-thread/bsp/renesas/libraries/HAL_Drivers/drivers/drv_usart_v2.o
 .text.ra_uart_getc
                0x02003b40       0x16 /home/wenbo/rt_workspace/rt-thread/bsp/renesas/libraries/HAL_Drivers/drivers/drv_usart_v2.o
 *fill*         0x02003b56        0x2 ff
 .text.ra_uart_transmit
                0x02003b58       0x70 /home/wenbo/rt_workspace/rt-thread/bsp/renesas/libraries/HAL_Drivers/drivers/drv_usart_v2.o
 .text.user_uart9_callback
                0x02003bc8       0x60 /home/wenbo/rt_workspace/rt-thread/bsp/renesas/libraries/HAL_Drivers/drivers/drv_usart_v2.o
                0x02003bc8                user_uart9_callback
 .text.rt_hw_usart_init
                0x02003c28       0xb8 /home/wenbo/rt_workspace/rt-thread/bsp/renesas/libraries/HAL_Drivers/drivers/drv_usart_v2.o
                0x02003c28                rt_hw_usart_init
 .text.__NVIC_SetPriority
                0x02003ce0       0x54 /home/wenbo/rt_workspace/rt-thread/bsp/renesas/libraries/HAL_Drivers/drv_common.o
 .text.__NVIC_SystemReset
                0x02003d34       0x2c /home/wenbo/rt_workspace/rt-thread/bsp/renesas/libraries/HAL_Drivers/drv_common.o
 .text.SysTick_Config
                0x02003d60       0x44 /home/wenbo/rt_workspace/rt-thread/bsp/renesas/libraries/HAL_Drivers/drv_common.o
 .text.reboot   0x02003da4       0x10 /home/wenbo/rt_workspace/rt-thread/bsp/renesas/libraries/HAL_Drivers/drv_common.o
 .text.rt_hw_systick_init
                0x02003db4       0x2c /home/wenbo/rt_workspace/rt-thread/bsp/renesas/libraries/HAL_Drivers/drv_common.o
                0x02003db4                rt_hw_systick_init
 .text.SysTick_Handler
                0x02003de0       0x14 /home/wenbo/rt_workspace/rt-thread/bsp/renesas/libraries/HAL_Drivers/drv_common.o
                0x02003de0                SysTick_Handler
 .text.rt_hw_board_init
                0x02003df4       0x34 /home/wenbo/rt_workspace/rt-thread/bsp/renesas/libraries/HAL_Drivers/drv_common.o
                0x02003df4                rt_hw_board_init
 .text.R_BSP_WarmStart
                0x02003e28       0x2c /home/wenbo/rt_workspace/rt-thread/bsp/renesas/libraries/HAL_Drivers/drv_common.o
                0x02003e28                R_BSP_WarmStart
 .text.drv_sdram_init
                0x02003e54      0x17c build/board/ports/drv_sdram.o
                0x02003e54                drv_sdram_init
 .text.SDRAM_Init
                0x02003fd0       0x50 build/board/ports/drv_sdram.o
 .text.rt_device_register
                0x02004020       0x54 build/kernel/components/drivers/core/device.o
                0x02004020                rt_device_register
 .text.rt_device_find
                0x02004074       0x1a build/kernel/components/drivers/core/device.o
                0x02004074                rt_device_find
 *fill*         0x0200408e        0x2 ff
 .text.rt_device_open
                0x02004090      0x158 build/kernel/components/drivers/core/device.o
                0x02004090                rt_device_open
 .text.rt_device_close
                0x020041e8       0x9c build/kernel/components/drivers/core/device.o
                0x020041e8                rt_device_close
 .text.rt_device_read
                0x02004284       0x88 build/kernel/components/drivers/core/device.o
                0x02004284                rt_device_read
 .text.rt_device_write
                0x0200430c       0x88 build/kernel/components/drivers/core/device.o
                0x0200430c                rt_device_write
 .text.rt_device_set_rx_indicate
                0x02004394       0x54 build/kernel/components/drivers/core/device.o
                0x02004394                rt_device_set_rx_indicate
 .text.rt_completion_done
                0x020043e8       0x1a build/kernel/components/drivers/ipc/completion_comm.o
                0x020043e8                rt_completion_done
 .text.rt_completion_wait
                0x02004402       0x1e build/kernel/components/drivers/ipc/completion_comm.o
                0x02004402                rt_completion_wait
 .text.rt_completion_init
                0x02004420       0x30 build/kernel/components/drivers/ipc/completion_up.o
                0x02004420                rt_completion_init
 .text.rt_completion_wait_flags
                0x02004450      0x19c build/kernel/components/drivers/ipc/completion_up.o
                0x02004450                rt_completion_wait_flags
 .text.rt_completion_wakeup_by_errno
                0x020045ec       0x98 build/kernel/components/drivers/ipc/completion_up.o
                0x020045ec                rt_completion_wakeup_by_errno
 .text.rt_ringbuffer_status
                0x02004684       0x4a build/kernel/components/drivers/ipc/ringbuffer.o
 *fill*         0x020046ce        0x2 ff
 .text.rt_ringbuffer_init
                0x020046d0       0x94 build/kernel/components/drivers/ipc/ringbuffer.o
                0x020046d0                rt_ringbuffer_init
 .text.rt_ringbuffer_put
                0x02004764      0x13c build/kernel/components/drivers/ipc/ringbuffer.o
                0x02004764                rt_ringbuffer_put
 .text.rt_ringbuffer_put_force
                0x020048a0      0x1ac build/kernel/components/drivers/ipc/ringbuffer.o
                0x020048a0                rt_ringbuffer_put_force
 .text.rt_ringbuffer_get
                0x02004a4c      0x130 build/kernel/components/drivers/ipc/ringbuffer.o
                0x02004a4c                rt_ringbuffer_get
 .text.rt_ringbuffer_get_direct
                0x02004b7c       0xc4 build/kernel/components/drivers/ipc/ringbuffer.o
                0x02004b7c                rt_ringbuffer_get_direct
 .text.rt_ringbuffer_putchar_force
                0x02004c40       0xf0 build/kernel/components/drivers/ipc/ringbuffer.o
                0x02004c40                rt_ringbuffer_putchar_force
 .text.rt_ringbuffer_getchar
                0x02004d30       0xa8 build/kernel/components/drivers/ipc/ringbuffer.o
                0x02004d30                rt_ringbuffer_getchar
 .text.rt_ringbuffer_data_len
                0x02004dd8       0x5e build/kernel/components/drivers/ipc/ringbuffer.o
                0x02004dd8                rt_ringbuffer_data_len
 *fill*         0x02004e36        0x2 ff
 .text.rt_ringbuffer_reset
                0x02004e38       0x54 build/kernel/components/drivers/ipc/ringbuffer.o
                0x02004e38                rt_ringbuffer_reset
 .text._pin_read
                0x02004e8c       0x60 build/kernel/components/drivers/pin/dev_pin.o
 .text._pin_write
                0x02004eec       0x5c build/kernel/components/drivers/pin/dev_pin.o
 .text._pin_control
                0x02004f48       0x54 build/kernel/components/drivers/pin/dev_pin.o
 .text.rt_device_pin_register
                0x02004f9c       0x74 build/kernel/components/drivers/pin/dev_pin.o
                0x02004f9c                rt_device_pin_register
 .text.rt_pin_mode
                0x02005010       0x40 build/kernel/components/drivers/pin/dev_pin.o
                0x02005010                rt_pin_mode
 .text.rt_pin_write
                0x02005050       0x40 build/kernel/components/drivers/pin/dev_pin.o
                0x02005050                rt_pin_write
 .text.rt_pin_read
                0x02005090       0x3c build/kernel/components/drivers/pin/dev_pin.o
                0x02005090                rt_pin_read
 .text.rt_pin_get
                0x020050cc       0x4c build/kernel/components/drivers/pin/dev_pin.o
                0x020050cc                rt_pin_get
 .text._pin_cmd_conv
                0x02005118       0x18 build/kernel/components/drivers/pin/dev_pin.o
 .text._pin_cmd_print_usage
                0x02005130       0x78 build/kernel/components/drivers/pin/dev_pin.o
 .text._pin_cmd_get
                0x020051a8       0x5c build/kernel/components/drivers/pin/dev_pin.o
 .text._pin_cmd_mode
                0x02005204      0x110 build/kernel/components/drivers/pin/dev_pin.o
 .text._pin_cmd_read
                0x02005314       0x94 build/kernel/components/drivers/pin/dev_pin.o
 .text._pin_cmd_write
                0x020053a8       0xe4 build/kernel/components/drivers/pin/dev_pin.o
 .text._pin_cmd
                0x0200548c       0xac build/kernel/components/drivers/pin/dev_pin.o
 .text.rt_ringbuffer_get_size
                0x02005538       0x2c build/kernel/components/drivers/serial/dev_serial_v2.o
 .text.rt_serial_get_linear_buffer
                0x02005564       0x78 build/kernel/components/drivers/serial/dev_serial_v2.o
 .text.rt_serial_update_read_index
                0x020055dc       0xbc build/kernel/components/drivers/serial/dev_serial_v2.o
 .text.rt_serial_update_write_index
                0x02005698      0x154 build/kernel/components/drivers/serial/dev_serial_v2.o
 .text._serial_poll_rx
                0x020057ec       0x9c build/kernel/components/drivers/serial/dev_serial_v2.o
                0x020057ec                _serial_poll_rx
 .text._serial_poll_tx
                0x02005888       0xa4 build/kernel/components/drivers/serial/dev_serial_v2.o
                0x02005888                _serial_poll_tx
 .text._serial_fifo_rx
                0x0200592c      0x1c4 build/kernel/components/drivers/serial/dev_serial_v2.o
 .text._serial_fifo_tx_blocking_nbuf
                0x02005af0      0x10c build/kernel/components/drivers/serial/dev_serial_v2.o
 .text._serial_fifo_tx_blocking_buf
                0x02005bfc      0x1a8 build/kernel/components/drivers/serial/dev_serial_v2.o
 .text._serial_fifo_tx_nonblocking
                0x02005da4      0x108 build/kernel/components/drivers/serial/dev_serial_v2.o
 .text.rt_serial_tx_enable
                0x02005eac      0x25c build/kernel/components/drivers/serial/dev_serial_v2.o
 .text.rt_serial_rx_enable
                0x02006108      0x1b4 build/kernel/components/drivers/serial/dev_serial_v2.o
 .text.rt_serial_rx_disable
                0x020062bc       0xc0 build/kernel/components/drivers/serial/dev_serial_v2.o
 .text.rt_serial_tx_disable
                0x0200637c       0xc0 build/kernel/components/drivers/serial/dev_serial_v2.o
 .text.rt_serial_init
                0x0200643c       0x78 build/kernel/components/drivers/serial/dev_serial_v2.o
 .text.rt_serial_close
                0x020064b4       0x90 build/kernel/components/drivers/serial/dev_serial_v2.o
 .text.rt_serial_open
                0x02006544      0x108 build/kernel/components/drivers/serial/dev_serial_v2.o
 .text._serial_rx_flush
                0x0200664c       0xcc build/kernel/components/drivers/serial/dev_serial_v2.o
 .text._serial_tx_flush
                0x02006718       0x70 build/kernel/components/drivers/serial/dev_serial_v2.o
 .text._serial_get_unread_bytes_count
                0x02006788       0xb0 build/kernel/components/drivers/serial/dev_serial_v2.o
 .text.rt_serial_control
                0x02006838      0x3e8 build/kernel/components/drivers/serial/dev_serial_v2.o
 .text.rt_hw_serial_register
                0x02006c20       0x9c build/kernel/components/drivers/serial/dev_serial_v2.o
                0x02006c20                rt_hw_serial_register
 .text.rt_hw_serial_control_isr
                0x02006cbc      0x110 build/kernel/components/drivers/serial/dev_serial_v2.o
                0x02006cbc                rt_hw_serial_control_isr
 .text.rt_hw_serial_isr
                0x02006dcc      0x2a8 build/kernel/components/drivers/serial/dev_serial_v2.o
                0x02006dcc                rt_hw_serial_isr
 .text.rt_list_isempty
                0x02007074       0x24 build/kernel/components/finsh/cmd.o
 .text.rt_list_len
                0x02007098       0x36 build/kernel/components/finsh/cmd.o
 *fill*         0x020070ce        0x2 ff
 .text.clear    0x020070d0       0x14 build/kernel/components/finsh/cmd.o
 .text.version  0x020070e4        0xe build/kernel/components/finsh/cmd.o
 *fill*         0x020070f2        0x2 ff
 .text.console  0x020070f4       0x88 build/kernel/components/finsh/cmd.o
 .text.object_split
                0x0200717c       0x28 build/kernel/components/finsh/cmd.o
 .text.list_find_init
                0x020071a4       0x46 build/kernel/components/finsh/cmd.o
 .text.list_get_next
                0x020071ea       0xd8 build/kernel/components/finsh/cmd.o
 *fill*         0x020072c2        0x2 ff
 .text.list_thread
                0x020072c4      0x20c build/kernel/components/finsh/cmd.o
                0x020072c4                list_thread
 .text.list_sem
                0x020074d0      0x13c build/kernel/components/finsh/cmd.o
                0x020074d0                list_sem
 .text.list_event
                0x0200760c      0x12c build/kernel/components/finsh/cmd.o
                0x0200760c                list_event
 .text.list_mutex
                0x02007738      0x198 build/kernel/components/finsh/cmd.o
                0x02007738                list_mutex
 .text.list_mailbox
                0x020078d0      0x14c build/kernel/components/finsh/cmd.o
                0x020078d0                list_mailbox
 .text.list_msgqueue
                0x02007a1c      0x13c build/kernel/components/finsh/cmd.o
                0x02007a1c                list_msgqueue
 .text.list_memheap
                0x02007b58       0xec build/kernel/components/finsh/cmd.o
                0x02007b58                list_memheap
 .text.list_mempool
                0x02007c44      0x154 build/kernel/components/finsh/cmd.o
                0x02007c44                list_mempool
 .text.list_timer
                0x02007d98      0x13c build/kernel/components/finsh/cmd.o
                0x02007d98                list_timer
 .text.list_device
                0x02007ed4      0x114 build/kernel/components/finsh/cmd.o
                0x02007ed4                list_device
 .text.cmd_list
                0x02007fe8       0xc0 build/kernel/components/finsh/cmd.o
 .text.msh_help
                0x020080a8       0x5c build/kernel/components/finsh/msh.o
 .text.cmd_ps   0x02008104       0x18 build/kernel/components/finsh/msh.o
 .text.cmd_free
                0x0200811c       0x18 build/kernel/components/finsh/msh.o
 .text.msh_split
                0x02008134      0x170 build/kernel/components/finsh/msh.o
 .text.msh_get_cmd
                0x020082a4       0x64 build/kernel/components/finsh/msh.o
 .text._msh_exec_cmd
                0x02008308       0xd4 build/kernel/components/finsh/msh.o
 .text.msh_exec
                0x020083dc       0xa4 build/kernel/components/finsh/msh.o
                0x020083dc                msh_exec
 .text.str_common
                0x02008480       0x4a build/kernel/components/finsh/msh.o
 *fill*         0x020084ca        0x2 ff
 .text.msh_auto_complete
                0x020084cc       0xb0 build/kernel/components/finsh/msh.o
                0x020084cc                msh_auto_complete
 .text.msh_get_cmd_opt
                0x0200857c       0x84 build/kernel/components/finsh/msh.o
 .text.msh_get_argc
                0x02008600       0x5a build/kernel/components/finsh/msh.o
 *fill*         0x0200865a        0x2 ff
 .text.msh_opt_complete
                0x0200865c       0xac build/kernel/components/finsh/msh.o
 .text.msh_opt_help
                0x02008708       0x44 build/kernel/components/finsh/msh.o
 .text.msh_opt_auto_complete
                0x0200874c       0x98 build/kernel/components/finsh/msh.o
                0x0200874c                msh_opt_auto_complete
 .text.msh_cmd_opt_id_get
                0x020087e4       0x5a build/kernel/components/finsh/msh.o
                0x020087e4                msh_cmd_opt_id_get
 *fill*         0x0200883e        0x2 ff
 .text.msh_opt_list_dump
                0x02008840       0x40 build/kernel/components/finsh/msh.o
                0x02008840                msh_opt_list_dump
 .text.msh_isint
                0x02008880       0x6c build/kernel/components/finsh/msh_parse.o
                0x02008880                msh_isint
 .text.finsh_get_prompt
                0x020088ec       0x84 build/kernel/components/finsh/shell.o
                0x020088ec                finsh_get_prompt
 .text.finsh_set_prompt_mode
                0x02008970       0x48 build/kernel/components/finsh/shell.o
                0x02008970                finsh_set_prompt_mode
 .text.finsh_getchar
                0x020089b8       0x90 build/kernel/components/finsh/shell.o
                0x020089b8                finsh_getchar
 .text.finsh_rx_ind
                0x02008a48       0x3c build/kernel/components/finsh/shell.o
 .text.finsh_set_device
                0x02008a84       0xd8 build/kernel/components/finsh/shell.o
                0x02008a84                finsh_set_device
 .text.shell_auto_complete
                0x02008b5c       0x3c build/kernel/components/finsh/shell.o
 .text.shell_handle_history
                0x02008b98       0x34 build/kernel/components/finsh/shell.o
 .text.shell_push_history
                0x02008bcc      0x15e build/kernel/components/finsh/shell.o
 *fill*         0x02008d2a        0x2 ff
 .text.finsh_thread_entry
                0x02008d2c      0x624 build/kernel/components/finsh/shell.o
 .text.finsh_system_function_init
                0x02009350       0x2c build/kernel/components/finsh/shell.o
 .text.finsh_system_init
                0x0200937c       0x9c build/kernel/components/finsh/shell.o
                0x0200937c                finsh_system_init
 .text.rt_tick_get
                0x02009418       0x14 build/kernel/src/clock.o
                0x02009418                rt_tick_get
 .text.rt_tick_get_delta
                0x0200942c       0x2c build/kernel/src/clock.o
                0x0200942c                rt_tick_get_delta
 .text.rt_tick_increase
                0x02009458       0x4c build/kernel/src/clock.o
                0x02009458                rt_tick_increase
 .text.rt_tick_from_millisecond
                0x020094a4       0x28 build/kernel/src/clock.o
                0x020094a4                rt_tick_from_millisecond
 .text.rti_start
                0x020094cc       0x10 build/kernel/src/components.o
 .text.rti_board_start
                0x020094dc       0x10 build/kernel/src/components.o
 .text.rti_board_end
                0x020094ec       0x10 build/kernel/src/components.o
 .text.rti_end  0x020094fc       0x10 build/kernel/src/components.o
 .text.rt_components_board_init
                0x0200950c       0x34 build/kernel/src/components.o
                0x0200950c                rt_components_board_init
 .text.rt_components_init
                0x02009540       0x34 build/kernel/src/components.o
                0x02009540                rt_components_init
 .text.entry    0x02009574        0xe build/kernel/src/components.o
                0x02009574                entry
 .text.main_thread_entry
                0x02009582       0x18 build/kernel/src/components.o
 *fill*         0x0200959a        0x2 ff
 .text.rt_application_init
                0x0200959c       0x4c build/kernel/src/components.o
                0x0200959c                rt_application_init
 .text.rtthread_startup
                0x020095e8       0x32 build/kernel/src/components.o
                0x020095e8                rtthread_startup
 .text.rt_spin_lock_init
                0x0200961a       0x14 build/kernel/src/cpu_up.o
                0x0200961a                rt_spin_lock_init
 .text.rt_spin_lock
                0x0200962e       0x14 build/kernel/src/cpu_up.o
                0x0200962e                rt_spin_lock
 .text.rt_spin_unlock
                0x02009642       0x1a build/kernel/src/cpu_up.o
                0x02009642                rt_spin_unlock
 .text.rt_spin_lock_irqsave
                0x0200965c       0x1c build/kernel/src/cpu_up.o
                0x0200965c                rt_spin_lock_irqsave
 .text.rt_spin_unlock_irqrestore
                0x02009678       0x22 build/kernel/src/cpu_up.o
                0x02009678                rt_spin_unlock_irqrestore
 *fill*         0x0200969a        0x2 ff
 .text.rt_cpu_self
                0x0200969c       0x14 build/kernel/src/cpu_up.o
                0x0200969c                rt_cpu_self
 .text.rt_cpu_index
                0x020096b0       0x24 build/kernel/src/cpu_up.o
                0x020096b0                rt_cpu_index
 .text.rt_list_insert_after
                0x020096d4       0x32 build/kernel/src/defunct.o
 .text.rt_list_remove
                0x02009706       0x36 build/kernel/src/defunct.o
 .text.rt_list_isempty
                0x0200973c       0x24 build/kernel/src/defunct.o
 .text.rt_thread_defunct_enqueue
                0x02009760       0x34 build/kernel/src/defunct.o
                0x02009760                rt_thread_defunct_enqueue
 .text.rt_thread_defunct_dequeue
                0x02009794       0x50 build/kernel/src/defunct.o
                0x02009794                rt_thread_defunct_dequeue
 .text.rt_defunct_execute
                0x020097e4       0x5a build/kernel/src/defunct.o
                0x020097e4                rt_defunct_execute
 *fill*         0x0200983e        0x2 ff
 .text.rt_thread_defunct_init
                0x02009840       0x14 build/kernel/src/defunct.o
                0x02009840                rt_thread_defunct_init
 .text.idle_thread_entry
                0x02009854       0x38 build/kernel/src/idle.o
 .text.rt_thread_idle_init
                0x0200988c       0xa8 build/kernel/src/idle.o
                0x0200988c                rt_thread_idle_init
 .text.rt_thread_is_idle_thread
                0x02009934       0x4c build/kernel/src/idle.o
                0x02009934                rt_thread_is_idle_thread
 .text.rt_list_init
                0x02009980       0x22 build/kernel/src/ipc.o
 .text.rt_list_insert_after
                0x020099a2       0x32 build/kernel/src/ipc.o
 .text.rt_list_insert_before
                0x020099d4       0x32 build/kernel/src/ipc.o
 .text.rt_list_remove
                0x02009a06       0x36 build/kernel/src/ipc.o
 .text.rt_list_isempty
                0x02009a3c       0x24 build/kernel/src/ipc.o
 .text._ipc_object_init
                0x02009a60       0x1c build/kernel/src/ipc.o
 .text.rt_susp_list_dequeue
                0x02009a7c       0x78 build/kernel/src/ipc.o
                0x02009a7c                rt_susp_list_dequeue
 .text.rt_susp_list_resume_all
                0x02009af4       0x30 build/kernel/src/ipc.o
                0x02009af4                rt_susp_list_resume_all
 .text.rt_susp_list_enqueue
                0x02009b24       0xa8 build/kernel/src/ipc.o
                0x02009b24                rt_susp_list_enqueue
 .text.rt_susp_list_print
                0x02009bcc       0x64 build/kernel/src/ipc.o
                0x02009bcc                rt_susp_list_print
 .text._sem_object_init
                0x02009c30       0x46 build/kernel/src/ipc.o
 *fill*         0x02009c76        0x2 ff
 .text.rt_sem_init
                0x02009c78       0x84 build/kernel/src/ipc.o
                0x02009c78                rt_sem_init
 .text._rt_sem_take
                0x02009cfc      0x1ac build/kernel/src/ipc.o
 .text.rt_sem_take
                0x02009ea8       0x1e build/kernel/src/ipc.o
                0x02009ea8                rt_sem_take
 *fill*         0x02009ec6        0x2 ff
 .text.rt_sem_release
                0x02009ec8       0xd4 build/kernel/src/ipc.o
                0x02009ec8                rt_sem_release
 .text.rt_sem_control
                0x02009f9c      0x10c build/kernel/src/ipc.o
                0x02009f9c                rt_sem_control
 .text._mutex_update_priority
                0x0200a0a8       0x48 build/kernel/src/ipc.o
 .text._thread_get_mutex_priority
                0x0200a0f0       0x68 build/kernel/src/ipc.o
 .text._thread_update_priority
                0x0200a158       0xd4 build/kernel/src/ipc.o
 .text._check_and_update_prio
                0x0200a22c       0x52 build/kernel/src/ipc.o
 *fill*         0x0200a27e        0x2 ff
 .text.rt_mutex_init
                0x0200a280       0x80 build/kernel/src/ipc.o
                0x0200a280                rt_mutex_init
 .text.rt_mutex_drop_thread
                0x0200a300      0x168 build/kernel/src/ipc.o
                0x0200a300                rt_mutex_drop_thread
 .text._rt_mutex_take
                0x0200a468      0x3a4 build/kernel/src/ipc.o
 .text.rt_mutex_take
                0x0200a80c       0x1e build/kernel/src/ipc.o
                0x0200a80c                rt_mutex_take
 *fill*         0x0200a82a        0x2 ff
 .text.rt_mutex_release
                0x0200a82c      0x224 build/kernel/src/ipc.o
                0x0200a82c                rt_mutex_release
 .text.rt_interrupt_enter
                0x0200aa50       0x28 build/kernel/src/irq.o
                0x0200aa50                rt_interrupt_enter
 .text.rt_interrupt_leave
                0x0200aa78       0x28 build/kernel/src/irq.o
                0x0200aa78                rt_interrupt_leave
 .text.rt_interrupt_get_nest
                0x0200aaa0       0x2c build/kernel/src/irq.o
                0x0200aaa0                rt_interrupt_get_nest
 .text.rt_hw_backtrace_frame_get
                0x0200aacc       0x3c build/kernel/src/kservice.o
                0x0200aacc                rt_hw_backtrace_frame_get
 .text.rt_hw_backtrace_frame_unwind
                0x0200ab08       0x3c build/kernel/src/kservice.o
                0x0200ab08                rt_hw_backtrace_frame_unwind
 .text.rt_show_version
                0x0200ab44       0x4c build/kernel/src/kservice.o
                0x0200ab44                rt_show_version
 .text.rt_console_get_device
                0x0200ab90       0x18 build/kernel/src/kservice.o
                0x0200ab90                rt_console_get_device
 .text.rt_console_set_device
                0x0200aba8       0x4c build/kernel/src/kservice.o
                0x0200aba8                rt_console_set_device
 .text.rt_hw_console_output
                0x0200abf4       0x14 build/kernel/src/kservice.o
                0x0200abf4                rt_hw_console_output
 .text._kputs   0x0200ac08       0x32 build/kernel/src/kservice.o
 *fill*         0x0200ac3a        0x2 ff
 .text.rt_kprintf
                0x0200ac3c       0x4c build/kernel/src/kservice.o
                0x0200ac3c                rt_kprintf
 .text.rt_backtrace
                0x0200ac88       0x44 build/kernel/src/kservice.o
                0x0200ac88                rt_backtrace
 .text.rt_backtrace_frame
                0x0200accc       0x5c build/kernel/src/kservice.o
                0x0200accc                rt_backtrace_frame
 .text.rt_backtrace_thread
                0x0200ad28       0x42 build/kernel/src/kservice.o
                0x0200ad28                rt_backtrace_thread
 *fill*         0x0200ad6a        0x2 ff
 .text.cmd_backtrace
                0x0200ad6c       0xb4 build/kernel/src/kservice.o
 .text._heap_lock_init
                0x0200ae20       0x1c build/kernel/src/kservice.o
 .text._heap_lock
                0x0200ae3c       0x28 build/kernel/src/kservice.o
 .text._heap_unlock
                0x0200ae64       0x40 build/kernel/src/kservice.o
 .text.rt_system_heap_init_generic
                0x0200aea4       0x64 build/kernel/src/kservice.o
                0x0200aea4                rt_system_heap_init_generic
 .text.rt_system_heap_init
                0x0200af08       0x1a build/kernel/src/kservice.o
                0x0200af08                rt_system_heap_init
 *fill*         0x0200af22        0x2 ff
 .text.rt_malloc
                0x0200af24       0x48 build/kernel/src/kservice.o
                0x0200af24                rt_malloc
 .text.rt_calloc
                0x0200af6c       0x3c build/kernel/src/kservice.o
                0x0200af6c                rt_calloc
 .text.rt_free  0x0200afa8       0x44 build/kernel/src/kservice.o
                0x0200afa8                rt_free
 .text.rt_assert_handler
                0x0200afec       0x50 build/kernel/src/kservice.o
                0x0200afec                rt_assert_handler
 .text.rt_memheap_init
                0x0200b03c      0x148 build/kernel/src/memheap.o
                0x0200b03c                rt_memheap_init
 .text.rt_memheap_alloc
                0x0200b184      0x20c build/kernel/src/memheap.o
                0x0200b184                rt_memheap_alloc
 .text.rt_memheap_free
                0x0200b390      0x1c0 build/kernel/src/memheap.o
                0x0200b390                rt_memheap_free
 .text._memheap_alloc
                0x0200b550       0x88 build/kernel/src/memheap.o
                0x0200b550                _memheap_alloc
 .text._memheap_free
                0x0200b5d8       0x16 build/kernel/src/memheap.o
                0x0200b5d8                _memheap_free
 .text.rt_list_insert_after
                0x0200b5ee       0x32 build/kernel/src/object.o
 .text.rt_list_remove
                0x0200b620       0x36 build/kernel/src/object.o
 *fill*         0x0200b656        0x2 ff
 .text.rt_object_get_information
                0x0200b658       0x5c build/kernel/src/object.o
                0x0200b658                rt_object_get_information
 .text.rt_object_init
                0x0200b6b4      0x124 build/kernel/src/object.o
                0x0200b6b4                rt_object_init
 .text.rt_object_detach
                0x0200b7d8       0x88 build/kernel/src/object.o
                0x0200b7d8                rt_object_detach
 .text.rt_object_allocate
                0x0200b860      0x11c build/kernel/src/object.o
                0x0200b860                rt_object_allocate
 .text.rt_object_delete
                0x0200b97c       0xa8 build/kernel/src/object.o
                0x0200b97c                rt_object_delete
 .text.rt_object_is_systemobject
                0x0200ba24       0x3c build/kernel/src/object.o
                0x0200ba24                rt_object_is_systemobject
 .text.rt_object_get_type
                0x0200ba60       0x34 build/kernel/src/object.o
                0x0200ba60                rt_object_get_type
 .text.rt_object_for_each
                0x0200ba94       0xc0 build/kernel/src/object.o
                0x0200ba94                rt_object_for_each
 .text._match_name
                0x0200bb54       0x4e build/kernel/src/object.o
 *fill*         0x0200bba2        0x2 ff
 .text.rt_object_find
                0x0200bba4       0x74 build/kernel/src/object.o
                0x0200bba4                rt_object_find
 .text.rt_list_remove
                0x0200bc18       0x36 build/kernel/src/scheduler_comm.o
 .text.rt_sched_thread_init_ctx
                0x0200bc4e       0x2a build/kernel/src/scheduler_comm.o
                0x0200bc4e                rt_sched_thread_init_ctx
 .text.rt_sched_thread_timer_start
                0x0200bc78       0x24 build/kernel/src/scheduler_comm.o
                0x0200bc78                rt_sched_thread_timer_start
 .text.rt_sched_thread_timer_stop
                0x0200bc9c       0x42 build/kernel/src/scheduler_comm.o
                0x0200bc9c                rt_sched_thread_timer_stop
 .text.rt_sched_thread_get_stat
                0x0200bcde       0x20 build/kernel/src/scheduler_comm.o
                0x0200bcde                rt_sched_thread_get_stat
 .text.rt_sched_thread_get_curr_prio
                0x0200bcfe       0x1a build/kernel/src/scheduler_comm.o
                0x0200bcfe                rt_sched_thread_get_curr_prio
 .text.rt_sched_thread_get_init_prio
                0x0200bd18       0x1a build/kernel/src/scheduler_comm.o
                0x0200bd18                rt_sched_thread_get_init_prio
 .text.rt_sched_thread_is_suspended
                0x0200bd32       0x28 build/kernel/src/scheduler_comm.o
                0x0200bd32                rt_sched_thread_is_suspended
 .text.rt_sched_thread_close
                0x0200bd5a       0x1e build/kernel/src/scheduler_comm.o
                0x0200bd5a                rt_sched_thread_close
 .text.rt_sched_thread_yield
                0x0200bd78       0x30 build/kernel/src/scheduler_comm.o
                0x0200bd78                rt_sched_thread_yield
 .text.rt_sched_thread_ready
                0x0200bda8       0x5a build/kernel/src/scheduler_comm.o
                0x0200bda8                rt_sched_thread_ready
 .text.rt_sched_tick_increase
                0x0200be02       0x60 build/kernel/src/scheduler_comm.o
                0x0200be02                rt_sched_tick_increase
 *fill*         0x0200be62        0x2 ff
 .text._rt_sched_update_priority
                0x0200be64       0xa8 build/kernel/src/scheduler_comm.o
 .text.rt_sched_thread_change_priority
                0x0200bf0c       0x22 build/kernel/src/scheduler_comm.o
                0x0200bf0c                rt_sched_thread_change_priority
 *fill*         0x0200bf2e        0x2 ff
 .text.rt_scheduler_stack_check
                0x0200bf30       0xdc build/kernel/src/scheduler_comm.o
                0x0200bf30                rt_scheduler_stack_check
 .text.rt_list_init
                0x0200c00c       0x22 build/kernel/src/scheduler_up.o
 .text.rt_list_insert_after
                0x0200c02e       0x32 build/kernel/src/scheduler_up.o
 .text.rt_list_insert_before
                0x0200c060       0x32 build/kernel/src/scheduler_up.o
 .text.rt_list_remove
                0x0200c092       0x36 build/kernel/src/scheduler_up.o
 .text.rt_list_isempty
                0x0200c0c8       0x24 build/kernel/src/scheduler_up.o
 .text._scheduler_get_highest_priority_thread
                0x0200c0ec       0x3c build/kernel/src/scheduler_up.o
 .text.rt_sched_lock
                0x0200c128       0x2a build/kernel/src/scheduler_up.o
                0x0200c128                rt_sched_lock
 .text.rt_sched_unlock
                0x0200c152       0x1a build/kernel/src/scheduler_up.o
                0x0200c152                rt_sched_unlock
 .text.rt_sched_unlock_n_resched
                0x0200c16c       0x28 build/kernel/src/scheduler_up.o
                0x0200c16c                rt_sched_unlock_n_resched
 .text.rt_system_scheduler_init
                0x0200c194       0x48 build/kernel/src/scheduler_up.o
                0x0200c194                rt_system_scheduler_init
 .text.rt_system_scheduler_start
                0x0200c1dc       0x44 build/kernel/src/scheduler_up.o
                0x0200c1dc                rt_system_scheduler_start
 .text.rt_schedule
                0x0200c220      0x1a0 build/kernel/src/scheduler_up.o
                0x0200c220                rt_schedule
 .text.rt_sched_thread_startup
                0x0200c3c0       0x2e build/kernel/src/scheduler_up.o
                0x0200c3c0                rt_sched_thread_startup
 *fill*         0x0200c3ee        0x2 ff
 .text.rt_sched_thread_init_priv
                0x0200c3f0       0x5c build/kernel/src/scheduler_up.o
                0x0200c3f0                rt_sched_thread_init_priv
 .text.rt_sched_insert_thread
                0x0200c44c       0xd4 build/kernel/src/scheduler_up.o
                0x0200c44c                rt_sched_insert_thread
 .text.rt_sched_remove_thread
                0x0200c520       0x70 build/kernel/src/scheduler_up.o
                0x0200c520                rt_sched_remove_thread
 .text.rt_exit_critical_safe
                0x0200c590       0x14 build/kernel/src/scheduler_up.o
                0x0200c590                rt_exit_critical_safe
 .text.rt_enter_critical
                0x0200c5a4       0x24 build/kernel/src/scheduler_up.o
                0x0200c5a4                rt_enter_critical
 .text.rt_exit_critical
                0x0200c5c8       0x58 build/kernel/src/scheduler_up.o
                0x0200c5c8                rt_exit_critical
 .text.rt_critical_level
                0x0200c620       0x18 build/kernel/src/scheduler_up.o
                0x0200c620                rt_critical_level
 .text.rt_list_init
                0x0200c638       0x22 build/kernel/src/thread.o
 .text.rt_list_remove
                0x0200c65a       0x36 build/kernel/src/thread.o
 .text._thread_detach_from_mutex
                0x0200c690       0x94 build/kernel/src/thread.o
 .text._thread_exit
                0x0200c724       0x36 build/kernel/src/thread.o
 *fill*         0x0200c75a        0x2 ff
 .text._thread_timeout
                0x0200c75c       0x8c build/kernel/src/thread.o
 .text._thread_init
                0x0200c7e8       0xd0 build/kernel/src/thread.o
 .text.rt_thread_init
                0x0200c8b8       0x90 build/kernel/src/thread.o
                0x0200c8b8                rt_thread_init
 .text.rt_thread_self
                0x0200c948       0x10 build/kernel/src/thread.o
                0x0200c948                rt_thread_self
 .text.rt_thread_startup
                0x0200c958       0x74 build/kernel/src/thread.o
                0x0200c958                rt_thread_startup
 .text.rt_thread_close
                0x0200c9cc       0x7c build/kernel/src/thread.o
                0x0200c9cc                rt_thread_close
 .text.rt_thread_create
                0x0200ca48       0x7c build/kernel/src/thread.o
                0x0200ca48                rt_thread_create
 .text._thread_sleep
                0x0200cac4      0x124 build/kernel/src/thread.o
 .text.rt_thread_mdelay
                0x0200cbe8       0x20 build/kernel/src/thread.o
                0x0200cbe8                rt_thread_mdelay
 .text._thread_get_suspend_state
                0x0200cc08       0x2c build/kernel/src/thread.o
 .text._thread_set_suspend_state
                0x0200cc34       0x54 build/kernel/src/thread.o
 .text.rt_thread_suspend_to_list
                0x0200cc88      0x164 build/kernel/src/thread.o
                0x0200cc88                rt_thread_suspend_to_list
 .text.rt_thread_suspend_with_flag
                0x0200cdec       0x20 build/kernel/src/thread.o
                0x0200cdec                rt_thread_suspend_with_flag
 .text.rt_thread_resume
                0x0200ce0c       0x94 build/kernel/src/thread.o
                0x0200ce0c                rt_thread_resume
 .text.rt_list_init
                0x0200cea0       0x22 build/kernel/src/timer.o
 .text.rt_list_insert_after
                0x0200cec2       0x32 build/kernel/src/timer.o
 .text.rt_list_remove
                0x0200cef4       0x36 build/kernel/src/timer.o
 .text.rt_list_isempty
                0x0200cf2a       0x24 build/kernel/src/timer.o
 *fill*         0x0200cf4e        0x2 ff
 .text._timerlock_idx
                0x0200cf50       0x30 build/kernel/src/timer.o
 .text._timer_init
                0x0200cf80       0x68 build/kernel/src/timer.o
 .text._timer_list_next_timeout
                0x0200cfe8       0x36 build/kernel/src/timer.o
 .text._timer_remove
                0x0200d01e       0x34 build/kernel/src/timer.o
 *fill*         0x0200d052        0x2 ff
 .text.rt_timer_init
                0x0200d054       0x7c build/kernel/src/timer.o
                0x0200d054                rt_timer_init
 .text.rt_timer_detach
                0x0200d0d0       0x9c build/kernel/src/timer.o
                0x0200d0d0                rt_timer_detach
 .text._timer_start
                0x0200d16c      0x178 build/kernel/src/timer.o
 .text._timer_check
                0x0200d2e4      0x124 build/kernel/src/timer.o
 .text.rt_timer_start
                0x0200d408       0xe8 build/kernel/src/timer.o
                0x0200d408                rt_timer_start
 .text.rt_timer_stop
                0x0200d4f0       0xa8 build/kernel/src/timer.o
                0x0200d4f0                rt_timer_stop
 .text.rt_timer_control
                0x0200d598      0x158 build/kernel/src/timer.o
                0x0200d598                rt_timer_control
 .text.rt_timer_check
                0x0200d6f0       0x6c build/kernel/src/timer.o
                0x0200d6f0                rt_timer_check
 .text._timer_thread_entry
                0x0200d75c       0x2c build/kernel/src/timer.o
 .text.rt_system_timer_init
                0x0200d788       0x3c build/kernel/src/timer.o
                0x0200d788                rt_system_timer_init
 .text.rt_system_timer_thread_init
                0x0200d7c4       0x90 build/kernel/src/timer.o
                0x0200d7c4                rt_system_timer_thread_init
 .text          0x0200d854       0xa4 /usr/lib/gcc/arm-none-eabi/13.2.1/../../../arm-none-eabi/lib/thumb/v8-m.main+dp/hard/libc.a(libc_a-memset.o)
                0x0200d854                memset
 .text          0x0200d8f8       0xd0 /usr/lib/gcc/arm-none-eabi/13.2.1/../../../arm-none-eabi/lib/thumb/v8-m.main+dp/hard/libc.a(libc_a-strchr.o)
                0x0200d8f8                strchr
 .text          0x0200d9c8      0x15c /usr/lib/gcc/arm-none-eabi/13.2.1/../../../arm-none-eabi/lib/thumb/v8-m.main+dp/hard/libc.a(libc_a-strtoul.o)
                0x0200daf0                _strtoul_r
                0x0200daf4                strtoul_l
                0x0200db0c                strtoul
 .text          0x0200db24       0x10 /usr/lib/gcc/arm-none-eabi/13.2.1/../../../arm-none-eabi/lib/thumb/v8-m.main+dp/hard/libc.a(libc_a-atoi.o)
                0x0200db24                atoi
                0x0200db2c                _atoi_r
 .text          0x0200db34      0x17c /usr/lib/gcc/arm-none-eabi/13.2.1/../../../arm-none-eabi/lib/thumb/v8-m.main+dp/hard/libc.a(libc_a-strtol.o)
                0x0200dc40                _strtol_r
                0x0200dc58                strtol_l
                0x0200dc84                strtol
 .text          0x0200dcb0       0xec /usr/lib/gcc/arm-none-eabi/13.2.1/../../../arm-none-eabi/lib/thumb/v8-m.main+dp/hard/libc.a(libc_a-memcpy.o)
                0x0200dcb0                memcpy
 .text          0x0200dd9c        0xc /usr/lib/gcc/arm-none-eabi/13.2.1/../../../arm-none-eabi/lib/thumb/v8-m.main+dp/hard/libc.a(libc_a-atexit.o)
                0x0200dd9c                atexit
 .text          0x0200dda8       0x28 /usr/lib/gcc/arm-none-eabi/13.2.1/../../../arm-none-eabi/lib/thumb/v8-m.main+dp/hard/libc.a(libc_a-fini.o)
                0x0200dda8                __libc_fini_array
 .text.startup  0x0200ddd0       0x14 /usr/lib/gcc/arm-none-eabi/13.2.1/../../../arm-none-eabi/lib/thumb/v8-m.main+dp/hard/libc.a(libc_a-__call_atexit.o)
 .text          0x0200dde4       0x64 /usr/lib/gcc/arm-none-eabi/13.2.1/../../../arm-none-eabi/lib/thumb/v8-m.main+dp/hard/libc.a(libc_a-__atexit.o)
                0x0200dde4                __register_exitproc
 *(.version)
 .version       0x0200de48       0x50 ra/fsp/src/bsp/mcu/all/bsp_common.o
 *(.init)
 .init          0x0200de98        0x4 /usr/lib/gcc/arm-none-eabi/13.2.1/thumb/v8-m.main+dp/hard/crti.o
                0x0200de98                _init
 .init          0x0200de9c        0x8 /usr/lib/gcc/arm-none-eabi/13.2.1/thumb/v8-m.main+dp/hard/crtn.o
 *(.fini)
 .fini          0x0200dea4        0x4 /usr/lib/gcc/arm-none-eabi/13.2.1/thumb/v8-m.main+dp/hard/crti.o
                0x0200dea4                _fini
 .fini          0x0200dea8        0x8 /usr/lib/gcc/arm-none-eabi/13.2.1/thumb/v8-m.main+dp/hard/crtn.o
                0x0200deb0                        . = ALIGN (0x4)
                0x0200deb0                        __fsymtab_start = .
 *(FSymTab)
 FSymTab        0x0200deb0       0x10 /home/wenbo/rt_workspace/rt-thread/bsp/renesas/libraries/HAL_Drivers/drv_common.o
                0x0200deb0                __fsym_reboot
 FSymTab        0x0200dec0       0x10 build/kernel/components/drivers/pin/dev_pin.o
                0x0200dec0                __fsym_pin
 FSymTab        0x0200ded0       0x40 build/kernel/components/finsh/cmd.o
                0x0200ded0                __fsym_clear
                0x0200dee0                __fsym_version
                0x0200def0                __fsym_console
                0x0200df00                __fsym_list
 FSymTab        0x0200df10       0x30 build/kernel/components/finsh/msh.o
                0x0200df10                __fsym_help
                0x0200df20                __fsym_ps
                0x0200df30                __fsym_free
 FSymTab        0x0200df40       0x10 build/kernel/src/kservice.o
                0x0200df40                __fsym_backtrace
                0x0200df50                        __fsymtab_end = .
                0x0200df50                        . = ALIGN (0x4)
                0x0200df50                        __vsymtab_start = .
 *(VSymTab)
                0x0200df50                        __vsymtab_end = .
                0x0200df50                        . = ALIGN (0x4)
                0x0200df50                        __rt_init_start = .
 *(SORT_BY_NAME(.rti_fn*))
 .rti_fn.0      0x0200df50        0x4 build/kernel/src/components.o
                0x0200df50                __rt_init_rti_start
 .rti_fn.0.end  0x0200df54        0x4 build/kernel/src/components.o
                0x0200df54                __rt_init_rti_board_start
 .rti_fn.1      0x0200df58        0x4 build/board/ports/drv_sdram.o
                0x0200df58                __rt_init_SDRAM_Init
 .rti_fn.1.end  0x0200df5c        0x4 build/kernel/src/components.o
                0x0200df5c                __rt_init_rti_board_end
 .rti_fn.6      0x0200df60        0x4 build/kernel/components/finsh/shell.o
                0x0200df60                __rt_init_finsh_system_init
 .rti_fn.6.end  0x0200df64        0x4 build/kernel/src/components.o
                0x0200df64                __rt_init_rti_end
                0x0200df68                        __rt_init_end = .
                0x0200df68                        . = ALIGN (0x4)
 *(FalPartTable)
 *crtbegin.o(.ctors)
 *crtbegin?.o(.ctors)
 *(EXCLUDE_FILE(*crtend.o *crtend?.o) .ctors)
 *(SORT_BY_NAME(.ctors.*))
 *(.ctors)
 *crtbegin.o(.dtors)
 *crtbegin?.o(.dtors)
 *(EXCLUDE_FILE(*crtend.o *crtend?.o) .dtors)
 *(SORT_BY_NAME(.dtors.*))
 *(.dtors)
 *(.rodata*)
 .rodata        0x0200df68      0x2ce build/kernel/libcpu/arm/cortex-m85/cpuport.o
 *fill*         0x0200e236        0x2 ff
 .rodata        0x0200e238       0x80 build/kernel/src/klibc/kerrno.o
 .rodata        0x0200e2b8        0x7 build/kernel/src/klibc/rt_vsnprintf_tiny.o
 *fill*         0x0200e2bf        0x1 ff
 .rodata.large_digits.1
                0x0200e2c0       0x11 build/kernel/src/klibc/rt_vsnprintf_tiny.o
 *fill*         0x0200e2d1        0x3 ff
 .rodata.small_digits.0
                0x0200e2d4       0x11 build/kernel/src/klibc/rt_vsnprintf_tiny.o
 *fill*         0x0200e2e5        0x3 ff
 .rodata.g_prcr_masks
                0x0200e2e8        0x8 ra/fsp/src/bsp/mcu/all/bsp_register_protection.o
 .rodata.g_ioport_on_ioport
                0x0200e2f0       0x34 ra/fsp/src/r_ioport/r_ioport.o
                0x0200e2f0                g_ioport_on_ioport
 .rodata.g_vbatt_pins_input
                0x0200e324        0x6 ra/fsp/src/r_ioport/r_ioport.o
 *fill*         0x0200e32a        0x2 ff
 .rodata.g_ioport
                0x0200e32c        0xc build/ra_gen/common_data.o
                0x0200e32c                g_ioport
 .rodata.g_uart9_cfg_extend
                0x0200e338       0x14 build/ra_gen/hal_data.o
                0x0200e338                g_uart9_cfg_extend
 .rodata.g_uart9_cfg
                0x0200e34c       0x20 build/ra_gen/hal_data.o
                0x0200e34c                g_uart9_cfg
 .rodata.g_bsp_pin_cfg_data
                0x0200e36c      0x398 build/ra_gen/pin_data.o
                0x0200e36c                g_bsp_pin_cfg_data
 .rodata.g_bsp_pin_cfg
                0x0200e704        0xc build/ra_gen/pin_data.o
                0x0200e704                g_bsp_pin_cfg
 .rodata.g_interrupt_event_link_select
                0x0200e710       0xc0 build/ra_gen/vector_data.o
                0x0200e710                g_interrupt_event_link_select
 .rodata        0x0200e7d0       0x13 build/src/hal_entry.o
 *fill*         0x0200e7e3        0x1 ff
 .rodata        0x0200e7e4       0xec /home/wenbo/rt_workspace/rt-thread/bsp/renesas/libraries/HAL_Drivers/drivers/drv_gpio.o
 .rodata._ra_pin_ops
                0x0200e8d0       0x20 /home/wenbo/rt_workspace/rt-thread/bsp/renesas/libraries/HAL_Drivers/drivers/drv_gpio.o
 .rodata        0x0200e8f0       0x6d /home/wenbo/rt_workspace/rt-thread/bsp/renesas/libraries/HAL_Drivers/drivers/drv_usart_v2.o
 *fill*         0x0200e95d        0x3 ff
 .rodata.ra_uart_ops
                0x0200e960       0x14 /home/wenbo/rt_workspace/rt-thread/bsp/renesas/libraries/HAL_Drivers/drivers/drv_usart_v2.o
 .rodata.__FUNCTION__.4
                0x0200e974       0x12 /home/wenbo/rt_workspace/rt-thread/bsp/renesas/libraries/HAL_Drivers/drivers/drv_usart_v2.o
 *fill*         0x0200e986        0x2 ff
 .rodata.__FUNCTION__.3
                0x0200e988        0xd /home/wenbo/rt_workspace/rt-thread/bsp/renesas/libraries/HAL_Drivers/drivers/drv_usart_v2.o
 *fill*         0x0200e995        0x3 ff
 .rodata.__FUNCTION__.2
                0x0200e998       0x11 /home/wenbo/rt_workspace/rt-thread/bsp/renesas/libraries/HAL_Drivers/drivers/drv_usart_v2.o
 *fill*         0x0200e9a9        0x3 ff
 .rodata.__FUNCTION__.1
                0x0200e9ac       0x14 /home/wenbo/rt_workspace/rt-thread/bsp/renesas/libraries/HAL_Drivers/drivers/drv_usart_v2.o
 .rodata.__FUNCTION__.0
                0x0200e9c0       0x11 /home/wenbo/rt_workspace/rt-thread/bsp/renesas/libraries/HAL_Drivers/drivers/drv_usart_v2.o
 *fill*         0x0200e9d1        0x3 ff
 .rodata.name   0x0200e9d4       0x16 /home/wenbo/rt_workspace/rt-thread/bsp/renesas/libraries/HAL_Drivers/drv_common.o
                0x0200e9d4                __fsym_reboot_name
                0x0200e9dc                __fsym_reboot_desc
 *fill*         0x0200e9ea        0x2 ff
 .rodata        0x0200e9ec        0x6 /home/wenbo/rt_workspace/rt-thread/bsp/renesas/libraries/HAL_Drivers/drv_common.o
 *fill*         0x0200e9f2        0x2 ff
 .rodata        0x0200e9f4       0x6a build/board/ports/drv_sdram.o
 *fill*         0x0200ea5e        0x2 ff
 .rodata        0x0200ea60      0x150 build/kernel/components/drivers/core/device.o
 .rodata.__FUNCTION__.6
                0x0200ebb0        0xf build/kernel/components/drivers/core/device.o
 *fill*         0x0200ebbf        0x1 ff
 .rodata.__FUNCTION__.5
                0x0200ebc0       0x10 build/kernel/components/drivers/core/device.o
 .rodata.__FUNCTION__.4
                0x0200ebd0        0xf build/kernel/components/drivers/core/device.o
 *fill*         0x0200ebdf        0x1 ff
 .rodata.__FUNCTION__.3
                0x0200ebe0       0x10 build/kernel/components/drivers/core/device.o
 .rodata.__FUNCTION__.1
                0x0200ebf0       0x1a build/kernel/components/drivers/core/device.o
 *fill*         0x0200ec0a        0x2 ff
 .rodata        0x0200ec0c       0xe5 build/kernel/components/drivers/ipc/completion_up.o
 *fill*         0x0200ecf1        0x3 ff
 .rodata.__FUNCTION__.2
                0x0200ecf4       0x13 build/kernel/components/drivers/ipc/completion_up.o
 *fill*         0x0200ed07        0x1 ff
 .rodata.__FUNCTION__.1
                0x0200ed08       0x19 build/kernel/components/drivers/ipc/completion_up.o
 *fill*         0x0200ed21        0x3 ff
 .rodata.__FUNCTION__.0
                0x0200ed24       0x1e build/kernel/components/drivers/ipc/completion_up.o
 *fill*         0x0200ed42        0x2 ff
 .rodata        0x0200ed44       0x19 build/kernel/components/drivers/ipc/ringbuffer.o
 *fill*         0x0200ed5d        0x3 ff
 .rodata.__FUNCTION__.11
                0x0200ed60       0x13 build/kernel/components/drivers/ipc/ringbuffer.o
 *fill*         0x0200ed73        0x1 ff
 .rodata.__FUNCTION__.10
                0x0200ed74       0x12 build/kernel/components/drivers/ipc/ringbuffer.o
 *fill*         0x0200ed86        0x2 ff
 .rodata.__FUNCTION__.9
                0x0200ed88       0x18 build/kernel/components/drivers/ipc/ringbuffer.o
 .rodata.__FUNCTION__.8
                0x0200eda0       0x12 build/kernel/components/drivers/ipc/ringbuffer.o
 *fill*         0x0200edb2        0x2 ff
 .rodata.__FUNCTION__.7
                0x0200edb4       0x19 build/kernel/components/drivers/ipc/ringbuffer.o
 *fill*         0x0200edcd        0x3 ff
 .rodata.__FUNCTION__.4
                0x0200edd0       0x1c build/kernel/components/drivers/ipc/ringbuffer.o
 .rodata.__FUNCTION__.3
                0x0200edec       0x16 build/kernel/components/drivers/ipc/ringbuffer.o
 *fill*         0x0200ee02        0x2 ff
 .rodata.__FUNCTION__.2
                0x0200ee04       0x14 build/kernel/components/drivers/ipc/ringbuffer.o
 .rodata        0x0200ee18      0x2a2 build/kernel/components/drivers/pin/dev_pin.o
 *fill*         0x0200f0ba        0x2 ff
 .rodata.name   0x0200f0bc       0x11 build/kernel/components/drivers/pin/dev_pin.o
                0x0200f0bc                __fsym_pin_name
                0x0200f0c0                __fsym_pin_desc
 *fill*         0x0200f0cd        0x3 ff
 .rodata.__FUNCTION__.10
                0x0200f0d0        0xa build/kernel/components/drivers/pin/dev_pin.o
 *fill*         0x0200f0da        0x2 ff
 .rodata.__FUNCTION__.9
                0x0200f0dc        0xb build/kernel/components/drivers/pin/dev_pin.o
 *fill*         0x0200f0e7        0x1 ff
 .rodata.__FUNCTION__.8
                0x0200f0e8        0xd build/kernel/components/drivers/pin/dev_pin.o
 *fill*         0x0200f0f5        0x3 ff
 .rodata.__FUNCTION__.3
                0x0200f0f8        0xc build/kernel/components/drivers/pin/dev_pin.o
 .rodata.__FUNCTION__.2
                0x0200f104        0xd build/kernel/components/drivers/pin/dev_pin.o
 *fill*         0x0200f111        0x3 ff
 .rodata.__FUNCTION__.1
                0x0200f114        0xc build/kernel/components/drivers/pin/dev_pin.o
 .rodata.__FUNCTION__.0
                0x0200f120        0xb build/kernel/components/drivers/pin/dev_pin.o
 *fill*         0x0200f12b        0x1 ff
 .rodata        0x0200f12c      0x195 build/kernel/components/drivers/serial/dev_serial_v2.o
 *fill*         0x0200f2c1        0x3 ff
 .rodata.__FUNCTION__.23
                0x0200f2c4       0x1c build/kernel/components/drivers/serial/dev_serial_v2.o
 .rodata.__FUNCTION__.22
                0x0200f2e0       0x1c build/kernel/components/drivers/serial/dev_serial_v2.o
 .rodata.__FUNCTION__.21
                0x0200f2fc       0x1d build/kernel/components/drivers/serial/dev_serial_v2.o
 *fill*         0x0200f319        0x3 ff
 .rodata.__FUNCTION__.20
                0x0200f31c       0x10 build/kernel/components/drivers/serial/dev_serial_v2.o
 .rodata.__FUNCTION__.19
                0x0200f32c       0x10 build/kernel/components/drivers/serial/dev_serial_v2.o
 .rodata.__FUNCTION__.18
                0x0200f33c       0x10 build/kernel/components/drivers/serial/dev_serial_v2.o
 .rodata.__FUNCTION__.17
                0x0200f34c       0x1e build/kernel/components/drivers/serial/dev_serial_v2.o
 *fill*         0x0200f36a        0x2 ff
 .rodata.__FUNCTION__.16
                0x0200f36c       0x1d build/kernel/components/drivers/serial/dev_serial_v2.o
 *fill*         0x0200f389        0x3 ff
 .rodata.__FUNCTION__.15
                0x0200f38c       0x1c build/kernel/components/drivers/serial/dev_serial_v2.o
 .rodata.__FUNCTION__.14
                0x0200f3a8       0x14 build/kernel/components/drivers/serial/dev_serial_v2.o
 .rodata.__FUNCTION__.13
                0x0200f3bc       0x14 build/kernel/components/drivers/serial/dev_serial_v2.o
 .rodata.__FUNCTION__.12
                0x0200f3d0       0x15 build/kernel/components/drivers/serial/dev_serial_v2.o
 *fill*         0x0200f3e5        0x3 ff
 .rodata.__FUNCTION__.11
                0x0200f3e8       0x15 build/kernel/components/drivers/serial/dev_serial_v2.o
 *fill*         0x0200f3fd        0x3 ff
 .rodata.__FUNCTION__.10
                0x0200f400        0xf build/kernel/components/drivers/serial/dev_serial_v2.o
 *fill*         0x0200f40f        0x1 ff
 .rodata.__FUNCTION__.9
                0x0200f410       0x10 build/kernel/components/drivers/serial/dev_serial_v2.o
 .rodata.__FUNCTION__.8
                0x0200f420        0xf build/kernel/components/drivers/serial/dev_serial_v2.o
 *fill*         0x0200f42f        0x1 ff
 .rodata.__FUNCTION__.7
                0x0200f430       0x11 build/kernel/components/drivers/serial/dev_serial_v2.o
 *fill*         0x0200f441        0x3 ff
 .rodata.__FUNCTION__.6
                0x0200f444       0x17 build/kernel/components/drivers/serial/dev_serial_v2.o
 *fill*         0x0200f45b        0x1 ff
 .rodata.__FUNCTION__.5
                0x0200f45c       0x11 build/kernel/components/drivers/serial/dev_serial_v2.o
 *fill*         0x0200f46d        0x3 ff
 .rodata.__FUNCTION__.4
                0x0200f470       0x1f build/kernel/components/drivers/serial/dev_serial_v2.o
 *fill*         0x0200f48f        0x1 ff
 .rodata.__FUNCTION__.3
                0x0200f490       0x12 build/kernel/components/drivers/serial/dev_serial_v2.o
 *fill*         0x0200f4a2        0x2 ff
 .rodata.__FUNCTION__.2
                0x0200f4a4       0x16 build/kernel/components/drivers/serial/dev_serial_v2.o
 *fill*         0x0200f4ba        0x2 ff
 .rodata.__FUNCTION__.1
                0x0200f4bc       0x19 build/kernel/components/drivers/serial/dev_serial_v2.o
 *fill*         0x0200f4d5        0x3 ff
 .rodata.__FUNCTION__.0
                0x0200f4d8       0x11 build/kernel/components/drivers/serial/dev_serial_v2.o
 *fill*         0x0200f4e9        0x3 ff
 .rodata        0x0200f4ec      0x8b4 build/kernel/components/finsh/cmd.o
 .rodata.name   0x0200fda0       0x7d build/kernel/components/finsh/cmd.o
                0x0200fda0                __fsym_clear_name
                0x0200fda8                __fsym_clear_desc
                0x0200fdc4                __fsym_version_name
                0x0200fdcc                __fsym_version_desc
                0x0200fdf0                __fsym_console_name
                0x0200fdf8                __fsym_console_desc
                0x0200fe08                __fsym_list_name
                0x0200fe10                __fsym_list_desc
 *fill*         0x0200fe1d        0x3 ff
 .rodata.device_type_str
                0x0200fe20       0x7c build/kernel/components/finsh/cmd.o
 .rodata        0x0200fe9c       0xa0 build/kernel/components/finsh/msh.o
 .rodata.name   0x0200ff3c       0x6c build/kernel/components/finsh/msh.o
                0x0200ff3c                __fsym_help_name
                0x0200ff44                __fsym_help_desc
                0x0200ff5c                __fsym_ps_name
                0x0200ff60                __fsym_ps_desc
                0x0200ff7c                __fsym_free_name
                0x0200ff84                __fsym_free_desc
 .rodata.__FUNCTION__.0
                0x0200ffa8        0xe build/kernel/components/finsh/msh.o
 *fill*         0x0200ffb6        0x2 ff
 .rodata        0x0200ffb8       0x8d build/kernel/components/finsh/shell.o
 *fill*         0x02010045        0x3 ff
 .rodata.__FUNCTION__.6
                0x02010048       0x16 build/kernel/components/finsh/shell.o
 *fill*         0x0201005e        0x2 ff
 .rodata.__FUNCTION__.5
                0x02010060        0xe build/kernel/components/finsh/shell.o
 *fill*         0x0201006e        0x2 ff
 .rodata.__FUNCTION__.4
                0x02010070        0xd build/kernel/components/finsh/shell.o
 *fill*         0x0201007d        0x3 ff
 .rodata.__FUNCTION__.3
                0x02010080       0x11 build/kernel/components/finsh/shell.o
 *fill*         0x02010091        0x3 ff
 .rodata        0x02010094       0x1c build/kernel/src/clock.o
 .rodata.__FUNCTION__.1
                0x020100b0       0x11 build/kernel/src/clock.o
 *fill*         0x020100c1        0x3 ff
 .rodata        0x020100c4       0x17 build/kernel/src/components.o
 *fill*         0x020100db        0x1 ff
 .rodata.__FUNCTION__.0
                0x020100dc       0x14 build/kernel/src/components.o
 .rodata        0x020100f0        0x8 build/kernel/src/idle.o
 .rodata        0x020100f8      0x5a2 build/kernel/src/ipc.o
 *fill*         0x0201069a        0x2 ff
 .rodata.__FUNCTION__.40
                0x0201069c       0x15 build/kernel/src/ipc.o
 *fill*         0x020106b1        0x3 ff
 .rodata.__FUNCTION__.39
                0x020106b4       0x15 build/kernel/src/ipc.o
 *fill*         0x020106c9        0x3 ff
 .rodata.__FUNCTION__.38
                0x020106cc        0xc build/kernel/src/ipc.o
 .rodata.__FUNCTION__.34
                0x020106d8        0xd build/kernel/src/ipc.o
 *fill*         0x020106e5        0x3 ff
 .rodata.__FUNCTION__.33
                0x020106e8        0xf build/kernel/src/ipc.o
 *fill*         0x020106f7        0x1 ff
 .rodata.__FUNCTION__.32
                0x020106f8        0xf build/kernel/src/ipc.o
 *fill*         0x02010707        0x1 ff
 .rodata.__FUNCTION__.31
                0x02010708        0xe build/kernel/src/ipc.o
 *fill*         0x02010716        0x2 ff
 .rodata.__FUNCTION__.29
                0x02010718       0x15 build/kernel/src/ipc.o
 *fill*         0x0201072d        0x3 ff
 .rodata.__FUNCTION__.24
                0x02010730        0xf build/kernel/src/ipc.o
 *fill*         0x0201073f        0x1 ff
 .rodata.__FUNCTION__.23
                0x02010740       0x11 build/kernel/src/ipc.o
 *fill*         0x02010751        0x3 ff
 .rodata        0x02010754      0x3f3 build/kernel/src/kservice.o
 *fill*         0x02010b47        0x1 ff
 .rodata.name   0x02010b48       0x28 build/kernel/src/kservice.o
                0x02010b48                __fsym_backtrace_name
                0x02010b54                __fsym_backtrace_desc
 .rodata.__func__.5
                0x02010b70       0x1a build/kernel/src/kservice.o
 *fill*         0x02010b8a        0x2 ff
 .rodata.__func__.4
                0x02010b8c       0x1d build/kernel/src/kservice.o
 *fill*         0x02010ba9        0x3 ff
 .rodata.__FUNCTION__.1
                0x02010bac       0x1c build/kernel/src/kservice.o
 .rodata.__FUNCTION__.0
                0x02010bc8        0xd build/kernel/src/kservice.o
 *fill*         0x02010bd5        0x3 ff
 .rodata        0x02010bd8      0x153 build/kernel/src/memheap.o
 *fill*         0x02010d2b        0x1 ff
 .rodata.__FUNCTION__.5
                0x02010d2c       0x10 build/kernel/src/memheap.o
 .rodata.__FUNCTION__.3
                0x02010d3c       0x11 build/kernel/src/memheap.o
 *fill*         0x02010d4d        0x3 ff
 .rodata.__FUNCTION__.1
                0x02010d50       0x10 build/kernel/src/memheap.o
 .rodata.__FUNCTION__.0
                0x02010d60        0xf build/kernel/src/memheap.o
 *fill*         0x02010d6f        0x1 ff
 .rodata        0x02010d70       0xf9 build/kernel/src/object.o
 *fill*         0x02010e69        0x3 ff
 .rodata.__FUNCTION__.7
                0x02010e6c        0xf build/kernel/src/object.o
 *fill*         0x02010e7b        0x1 ff
 .rodata.__FUNCTION__.6
                0x02010e7c       0x11 build/kernel/src/object.o
 *fill*         0x02010e8d        0x3 ff
 .rodata.__FUNCTION__.5
                0x02010e90       0x13 build/kernel/src/object.o
 *fill*         0x02010ea3        0x1 ff
 .rodata.__FUNCTION__.4
                0x02010ea4       0x11 build/kernel/src/object.o
 *fill*         0x02010eb5        0x3 ff
 .rodata.__FUNCTION__.3
                0x02010eb8       0x1a build/kernel/src/object.o
 *fill*         0x02010ed2        0x2 ff
 .rodata.__FUNCTION__.2
                0x02010ed4       0x13 build/kernel/src/object.o
 *fill*         0x02010ee7        0x1 ff
 .rodata.__FUNCTION__.1
                0x02010ee8       0x13 build/kernel/src/object.o