Archive member included to satisfy reference by file (symbol)

/usr/lib/gcc/arm-none-eabi/13.2.1/../../../arm-none-eabi/lib/thumb/v8-m.main+dp/hard/libc.a(libc_a-strtoll.o)
                              CMakeFiles/rtt_Libc.dir/home/wenbo/rt_workspace/rt-thread/src/klibc/rt_vsscanf.c.obj (strtoll)
/usr/lib/gcc/arm-none-eabi/13.2.1/../../../arm-none-eabi/lib/thumb/v8-m.main+dp/hard/libc.a(libc_a-memset.o)
                              /usr/lib/gcc/arm-none-eabi/13.2.1/../../../arm-none-eabi/lib/thumb/v8-m.main+dp/hard/crt0.o (memset)
/usr/lib/gcc/arm-none-eabi/13.2.1/../../../arm-none-eabi/lib/thumb/v8-m.main+dp/hard/libc.a(libc_a-strtod.o)
                              CMakeFiles/rtt_Libc.dir/home/wenbo/rt_workspace/rt-thread/src/klibc/rt_vsscanf.c.obj (strtod)
/usr/lib/gcc/arm-none-eabi/13.2.1/../../../arm-none-eabi/lib/thumb/v8-m.main+dp/hard/libc.a(libc_a-locale.o)
                              /usr/lib/gcc/arm-none-eabi/13.2.1/../../../arm-none-eabi/lib/thumb/v8-m.main+dp/hard/libc.a(libc_a-strtod.o) (__global_locale)
/usr/lib/gcc/arm-none-eabi/13.2.1/../../../arm-none-eabi/lib/thumb/v8-m.main+dp/hard/libc.a(libc_a-strchr.o)
                              CMakeFiles/rtt_Finsh.dir/home/wenbo/rt_workspace/rt-thread/components/finsh/msh.c.obj (strchr)
/usr/lib/gcc/arm-none-eabi/13.2.1/../../../arm-none-eabi/lib/thumb/v8-m.main+dp/hard/libc.a(libc_a-strcmp.o)
                              /usr/lib/gcc/arm-none-eabi/13.2.1/../../../arm-none-eabi/lib/thumb/v8-m.main+dp/hard/libc.a(libc_a-locale.o) (strcmp)
/usr/lib/gcc/arm-none-eabi/13.2.1/../../../arm-none-eabi/lib/thumb/v8-m.main+dp/hard/libc.a(libc_a-gdtoa-gethex.o)
                              /usr/lib/gcc/arm-none-eabi/13.2.1/../../../arm-none-eabi/lib/thumb/v8-m.main+dp/hard/libc.a(libc_a-strtod.o) (__gethex)
/usr/lib/gcc/arm-none-eabi/13.2.1/../../../arm-none-eabi/lib/thumb/v8-m.main+dp/hard/libc.a(libc_a-strtoul.o)
                              CMakeFiles/rtt_Kernel.dir/home/wenbo/rt_workspace/rt-thread/src/kservice.c.obj (strtoul)
/usr/lib/gcc/arm-none-eabi/13.2.1/../../../arm-none-eabi/lib/thumb/v8-m.main+dp/hard/libc.a(libc_a-mbtowc_r.o)
                              /usr/lib/gcc/arm-none-eabi/13.2.1/../../../arm-none-eabi/lib/thumb/v8-m.main+dp/hard/libc.a(libc_a-locale.o) (__ascii_mbtowc)
/usr/lib/gcc/arm-none-eabi/13.2.1/../../../arm-none-eabi/lib/thumb/v8-m.main+dp/hard/libc.a(libc_a-strncmp.o)
                              /usr/lib/gcc/arm-none-eabi/13.2.1/../../../arm-none-eabi/lib/thumb/v8-m.main+dp/hard/libc.a(libc_a-strtod.o) (strncmp)
/usr/lib/gcc/arm-none-eabi/13.2.1/../../../arm-none-eabi/lib/thumb/v8-m.main+dp/hard/libc.a(libc_a-impure.o)
                              /usr/lib/gcc/arm-none-eabi/13.2.1/../../../arm-none-eabi/lib/thumb/v8-m.main+dp/hard/libc.a(libc_a-strtoll.o) (_impure_ptr)
/usr/lib/gcc/arm-none-eabi/13.2.1/../../../arm-none-eabi/lib/thumb/v8-m.main+dp/hard/libc.a(libc_a-strtoull.o)
                              CMakeFiles/rtt_Libc.dir/home/wenbo/rt_workspace/rt-thread/src/klibc/rt_vsscanf.c.obj (strtoull)
/usr/lib/gcc/arm-none-eabi/13.2.1/../../../arm-none-eabi/lib/thumb/v8-m.main+dp/hard/libc.a(libc_a-strtold.o)
                              CMakeFiles/rtt_Libc.dir/home/wenbo/rt_workspace/rt-thread/src/klibc/rt_vsscanf.c.obj (strtold)
/usr/lib/gcc/arm-none-eabi/13.2.1/../../../arm-none-eabi/lib/thumb/v8-m.main+dp/hard/libc.a(libc_a-atoi.o)
                              CMakeFiles/rtt_DeviceDrivers.dir/home/wenbo/rt_workspace/rt-thread/components/drivers/pin/dev_pin.c.obj (atoi)
/usr/lib/gcc/arm-none-eabi/13.2.1/../../../arm-none-eabi/lib/thumb/v8-m.main+dp/hard/libc.a(libc_a-strtol.o)
                              /usr/lib/gcc/arm-none-eabi/13.2.1/../../../arm-none-eabi/lib/thumb/v8-m.main+dp/hard/libc.a(libc_a-atoi.o) (_strtol_r)
/usr/lib/gcc/arm-none-eabi/13.2.1/../../../arm-none-eabi/lib/thumb/v8-m.main+dp/hard/libc.a(libc_a-wctomb_r.o)
                              /usr/lib/gcc/arm-none-eabi/13.2.1/../../../arm-none-eabi/lib/thumb/v8-m.main+dp/hard/libc.a(libc_a-locale.o) (__ascii_wctomb)
/usr/lib/gcc/arm-none-eabi/13.2.1/../../../arm-none-eabi/lib/thumb/v8-m.main+dp/hard/libc.a(libc_a-strrchr.o)
                              CMakeFiles/rtt_Libc.dir/home/wenbo/rt_workspace/rt-thread/components/libc/compilers/common/cstring.c.obj (strrchr)
/usr/lib/gcc/arm-none-eabi/13.2.1/../../../arm-none-eabi/lib/thumb/v8-m.main+dp/hard/libc.a(libc_a-malloc.o)
                              CMakeFiles/rtt_Libc.dir/home/wenbo/rt_workspace/rt-thread/components/libc/compilers/common/cstring.c.obj (malloc)
/usr/lib/gcc/arm-none-eabi/13.2.1/../../../arm-none-eabi/lib/thumb/v8-m.main+dp/hard/libc.a(libc_a-memcpy.o)
                              CMakeFiles/rtt_ra.dir/ra/fsp/src/bsp/cmsis/Device/RENESAS/Source/system.c.obj (memcpy)
/usr/lib/gcc/arm-none-eabi/13.2.1/../../../arm-none-eabi/lib/thumb/v8-m.main+dp/hard/libc.a(libc_a-findfp.o)
[...]
Memory Configuration

Name             Origin             Length             Attributes
ITCM             0x00000000         0x00010000         xr
DTCM             0x20000000         0x00010000         xrw
FLASH            0x02000000         0x001f8000         xr
RAM              0x22000000         0x000e0000         xrw
DATA_FLASH       0x27000000         0x00003000         xr
QSPI_FLASH       0x60000000         0x00000000         xr
OSPI_DEVICE_0    0x80000000         0x10000000         xr
OSPI_DEVICE_1    0x90000000         0x10000000         xr
OSPI_DEVICE_0_RAM 0x80000000         0x10000000         xrw
OSPI_DEVICE_1_RAM 0x90000000         0x10000000         xrw
SDRAM            0x68000000         0x08000000         xrw
OPTION_SETTING   0x0300a100         0x00000100         r
OPTION_SETTING_OFS 0x0300a100         0x00000018         r
OPTION_SETTING_SAS 0x0300a134         0x000000cc         r
OPTION_SETTING_S 0x0300a200         0x00000100         r
ID_CODE          0x00000000         0x00000000         xr
*default*        0x00000000         0xffffffff

Linker script and memory map

LOAD /usr/lib/gcc/arm-none-eabi/13.2.1/thumb/v8-m.main+dp/hard/crti.o
LOAD /usr/lib/gcc/arm-none-eabi/13.2.1/thumb/v8-m.main+dp/hard/crtbegin.o
LOAD /usr/lib/gcc/arm-none-eabi/13.2.1/../../../arm-none-eabi/lib/thumb/v8-m.main+dp/hard/crt0.o
LOAD CMakeFiles/rtt_CPU.dir/home/wenbo/rt_workspace/rt-thread/libcpu/arm/common/atomic_arm.c.obj
LOAD CMakeFiles/rtt_CPU.dir/home/wenbo/rt_workspace/rt-thread/libcpu/arm/common/div0.c.obj
LOAD CMakeFiles/rtt_CPU.dir/home/wenbo/rt_workspace/rt-thread/libcpu/arm/common/showmem.c.obj
LOAD CMakeFiles/rtt_CPU.dir/home/wenbo/rt_workspace/rt-thread/libcpu/arm/cortex-m85/context_gcc.S.obj
LOAD CMakeFiles/rtt_CPU.dir/home/wenbo/rt_workspace/rt-thread/libcpu/arm/cortex-m85/cpuport.c.obj
LOAD CMakeFiles/rtt_DeviceDrivers.dir/home/wenbo/rt_workspace/rt-thread/components/drivers/core/device.c.obj
LOAD CMakeFiles/rtt_DeviceDrivers.dir/home/wenbo/rt_workspace/rt-thread/components/drivers/ipc/completion_comm.c.obj
LOAD CMakeFiles/rtt_DeviceDrivers.dir/home/wenbo/rt_workspace/rt-thread/components/drivers/ipc/completion_up.c.obj
LOAD CMakeFiles/rtt_DeviceDrivers.dir/home/wenbo/rt_workspace/rt-thread/components/drivers/ipc/condvar.c.obj
LOAD CMakeFiles/rtt_DeviceDrivers.dir/home/wenbo/rt_workspace/rt-thread/components/drivers/ipc/dataqueue.c.obj
LOAD CMakeFiles/rtt_DeviceDrivers.dir/home/wenbo/rt_workspace/rt-thread/components/drivers/ipc/pipe.c.obj
LOAD CMakeFiles/rtt_DeviceDrivers.dir/home/wenbo/rt_workspace/rt-thread/components/drivers/ipc/ringblk_buf.c.obj
LOAD CMakeFiles/rtt_DeviceDrivers.dir/home/wenbo/rt_workspace/rt-thread/components/drivers/ipc/ringbuffer.c.obj
LOAD CMakeFiles/rtt_DeviceDrivers.dir/home/wenbo/rt_workspace/rt-thread/components/drivers/ipc/waitqueue.c.obj
LOAD CMakeFiles/rtt_DeviceDrivers.dir/home/wenbo/rt_workspace/rt-thread/components/drivers/ipc/workqueue.c.obj
LOAD CMakeFiles/rtt_DeviceDrivers.dir/home/wenbo/rt_workspace/rt-thread/components/drivers/pin/dev_pin.c.obj
LOAD CMakeFiles/rtt_DeviceDrivers.dir/home/wenbo/rt_workspace/rt-thread/components/drivers/serial/dev_serial_v2.c.obj
LOAD CMakeFiles/rtt_Drivers.dir/board/ports/drv_sdram.c.obj
LOAD CMakeFiles/rtt_Drivers.dir/board/ra8_it.c.obj
LOAD CMakeFiles/rtt_Drivers.dir/home/wenbo/rt_workspace/rt-thread/bsp/renesas/libraries/HAL_Drivers/drivers/drv_gpio.c.obj
LOAD CMakeFiles/rtt_Drivers.dir/home/wenbo/rt_workspace/rt-thread/bsp/renesas/libraries/HAL_Drivers/drivers/drv_usart_v2.c.obj
LOAD CMakeFiles/rtt_Drivers.dir/home/wenbo/rt_workspace/rt-thread/bsp/renesas/libraries/HAL_Drivers/drv_common.c.obj
LOAD CMakeFiles/rtt_Finsh.dir/home/wenbo/rt_workspace/rt-thread/components/finsh/shell.c.obj
LOAD CMakeFiles/rtt_Finsh.dir/home/wenbo/rt_workspace/rt-thread/components/finsh/msh.c.obj
LOAD CMakeFiles/rtt_Finsh.dir/home/wenbo/rt_workspace/rt-thread/components/finsh/msh_parse.c.obj
LOAD CMakeFiles/rtt_Finsh.dir/home/wenbo/rt_workspace/rt-thread/components/finsh/cmd.c.obj
LOAD CMakeFiles/rtt_FreeRTOS.dir/packages/FreeRTOS_Wrapper-latest/FreeRTOS/event_groups.c.obj
LOAD CMakeFiles/rtt_FreeRTOS.dir/packages/FreeRTOS_Wrapper-latest/FreeRTOS/list.c.obj
LOAD CMakeFiles/rtt_FreeRTOS.dir/packages/FreeRTOS_Wrapper-latest/FreeRTOS/queue.c.obj
LOAD CMakeFiles/rtt_FreeRTOS.dir/packages/FreeRTOS_Wrapper-latest/FreeRTOS/tasks.c.obj
LOAD CMakeFiles/rtt_FreeRTOS.dir/packages/FreeRTOS_Wrapper-latest/FreeRTOS/timers.c.obj
LOAD CMakeFiles/rtt_FreeRTOS.dir/packages/FreeRTOS_Wrapper-latest/FreeRTOS/portable/rt-thread/port.c.obj
LOAD CMakeFiles/rtt_Kernel.dir/home/wenbo/rt_workspace/rt-thread/src/clock.c.obj
LOAD CMakeFiles/rtt_Kernel.dir/home/wenbo/rt_workspace/rt-thread/src/components.c.obj
LOAD CMakeFiles/rtt_Kernel.dir/home/wenbo/rt_workspace/rt-thread/src/cpu_up.c.obj
LOAD CMakeFiles/rtt_Kernel.dir/home/wenbo/rt_workspace/rt-thread/src/defunct.c.obj
LOAD CMakeFiles/rtt_Kernel.dir/home/wenbo/rt_workspace/rt-thread/src/idle.c.obj
LOAD CMakeFiles/rtt_Kernel.dir/home/wenbo/rt_workspace/rt-thread/src/ipc.c.obj
LOAD CMakeFiles/rtt_Kernel.dir/home/wenbo/rt_workspace/rt-thread/src/irq.c.obj
LOAD CMakeFiles/rtt_Kernel.dir/home/wenbo/rt_workspace/rt-thread/src/kservice.c.obj
LOAD CMakeFiles/rtt_Kernel.dir/home/wenbo/rt_workspace/rt-thread/src/memheap.c.obj
LOAD CMakeFiles/rtt_Kernel.dir/home/wenbo/rt_workspace/rt-thread/src/mempool.c.obj
LOAD CMakeFiles/rtt_Kernel.dir/home/wenbo/rt_workspace/rt-thread/src/object.c.obj
LOAD CMakeFiles/rtt_Kernel.dir/home/wenbo/rt_workspace/rt-thread/src/scheduler_comm.c.obj
LOAD CMakeFiles/rtt_Kernel.dir/home/wenbo/rt_workspace/rt-thread/src/scheduler_up.c.obj
LOAD CMakeFiles/rtt_Kernel.dir/home/wenbo/rt_workspace/rt-thread/src/thread.c.obj
LOAD CMakeFiles/rtt_Kernel.dir/home/wenbo/rt_workspace/rt-thread/src/timer.c.obj
LOAD CMakeFiles/rtt_Libc.dir/home/wenbo/rt_workspace/rt-thread/components/libc/compilers/common/cctype.c.obj
LOAD CMakeFiles/rtt_Libc.dir/home/wenbo/rt_workspace/rt-thread/components/libc/compilers/common/cstdlib.c.obj
LOAD CMakeFiles/rtt_Libc.dir/home/wenbo/rt_workspace/rt-thread/components/libc/compilers/common/cstring.c.obj
LOAD CMakeFiles/rtt_Libc.dir/home/wenbo/rt_workspace/rt-thread/components/libc/compilers/common/ctime.c.obj
LOAD CMakeFiles/rtt_Libc.dir/home/wenbo/rt_workspace/rt-thread/components/libc/compilers/common/cunistd.c.obj
LOAD CMakeFiles/rtt_Libc.dir/home/wenbo/rt_workspace/rt-thread/components/libc/compilers/common/cwchar.c.obj
LOAD CMakeFiles/rtt_Libc.dir/home/wenbo/rt_workspace/rt-thread/components/libc/compilers/newlib/syscalls.c.obj
LOAD CMakeFiles/rtt_Libc.dir/home/wenbo/rt_workspace/rt-thread/src/klibc/kerrno.c.obj
LOAD CMakeFiles/rtt_Libc.dir/home/wenbo/rt_workspace/rt-thread/src/klibc/kstdio.c.obj
LOAD CMakeFiles/rtt_Libc.dir/home/wenbo/rt_workspace/rt-thread/src/klibc/kstring.c.obj
LOAD CMakeFiles/rtt_Libc.dir/home/wenbo/rt_workspace/rt-thread/src/klibc/rt_vsnprintf_tiny.c.obj
LOAD CMakeFiles/rtt_Libc.dir/home/wenbo/rt_workspace/rt-thread/src/klibc/rt_vsscanf.c.obj
LOAD CMakeFiles/rtt_ra.dir/ra/fsp/src/bsp/mcu/all/bsp_clocks.c.obj
LOAD CMakeFiles/rtt_ra.dir/ra/fsp/src/bsp/mcu/all/bsp_common.c.obj
LOAD CMakeFiles/rtt_ra.dir/ra/fsp/src/bsp/mcu/all/bsp_delay.c.obj
LOAD CMakeFiles/rtt_ra.dir/ra/fsp/src/bsp/mcu/all/bsp_group_irq.c.obj
LOAD CMakeFiles/rtt_ra.dir/ra/fsp/src/bsp/mcu/all/bsp_guard.c.obj
LOAD CMakeFiles/rtt_ra.dir/ra/fsp/src/bsp/mcu/all/bsp_io.c.obj
LOAD CMakeFiles/rtt_ra.dir/ra/fsp/src/bsp/mcu/all/bsp_irq.c.obj
LOAD CMakeFiles/rtt_ra.dir/ra/fsp/src/bsp/mcu/all/bsp_register_protection.c.obj
LOAD CMakeFiles/rtt_ra.dir/ra/fsp/src/bsp/mcu/all/bsp_rom_registers.c.obj
LOAD CMakeFiles/rtt_ra.dir/ra/fsp/src/bsp/mcu/all/bsp_sbrk.c.obj
LOAD CMakeFiles/rtt_ra.dir/ra/fsp/src/bsp/mcu/all/bsp_security.c.obj
LOAD CMakeFiles/rtt_ra.dir/ra/fsp/src/bsp/cmsis/Device/RENESAS/Source/system.c.obj
LOAD CMakeFiles/rtt_ra.dir/ra/fsp/src/bsp/cmsis/Device/RENESAS/Source/startup.c.obj
LOAD CMakeFiles/rtt_ra.dir/ra/fsp/src/r_ceu/r_ceu.c.obj
LOAD CMakeFiles/rtt_ra.dir/ra/fsp/src/r_drw/r_drw_base.c.obj
LOAD CMakeFiles/rtt_ra.dir/ra/fsp/src/r_drw/r_drw_irq.c.obj
LOAD CMakeFiles/rtt_ra.dir/ra/fsp/src/r_drw/r_drw_memory.c.obj
LOAD CMakeFiles/rtt_ra.dir/ra/fsp/src/r_glcdc/r_glcdc.c.obj
LOAD CMakeFiles/rtt_ra.dir/ra/fsp/src/r_gpt/r_gpt.c.obj
LOAD CMakeFiles/rtt_ra.dir/ra/fsp/src/r_ioport/r_ioport.c.obj
LOAD CMakeFiles/rtt_ra.dir/ra/fsp/src/r_mipi_dsi/r_mipi_dsi.c.obj
LOAD CMakeFiles/rtt_ra.dir/ra/fsp/src/r_mipi_phy/r_mipi_phy.c.obj
LOAD CMakeFiles/rtt_ra.dir/ra/fsp/src/r_sci_b_uart/r_sci_b_uart.c.obj
LOAD CMakeFiles/rtt_ra_gen.dir/ra_gen/common_data.c.obj
LOAD CMakeFiles/rtt_ra_gen.dir/ra_gen/hal_data.c.obj
LOAD CMakeFiles/rtt_ra_gen.dir/ra_gen/main.c.obj
LOAD CMakeFiles/rtt_ra_gen.dir/ra_gen/pin_data.c.obj
LOAD CMakeFiles/rtt_ra_gen.dir/ra_gen/vector_data.c.obj
LOAD CMakeFiles/rtthread.elf.dir/src/hal_entry.c.obj
LOAD /usr/lib/gcc/arm-none-eabi/13.2.1/../../../arm-none-eabi/lib/thumb/v8-m.main+dp/hard/libc.a
LOAD /usr/lib/gcc/arm-none-eabi/13.2.1/../../../arm-none-eabi/lib/thumb/v8-m.main+dp/hard/libm.a
START GROUP
LOAD /usr/lib/gcc/arm-none-eabi/13.2.1/thumb/v8-m.main+dp/hard/libgcc.a
LOAD /usr/lib/gcc/arm-none-eabi/13.2.1/../../../arm-none-eabi/lib/thumb/v8-m.main+dp/hard/libg.a
LOAD /usr/lib/gcc/arm-none-eabi/13.2.1/../../../arm-none-eabi/lib/thumb/v8-m.main+dp/hard/libc.a
END GROUP
LOAD /usr/lib/gcc/arm-none-eabi/13.2.1/thumb/v8-m.main+dp/hard/crtend.o
LOAD /usr/lib/gcc/arm-none-eabi/13.2.1/thumb/v8-m.main+dp/hard/crtn.o
                0x22000000                        RAM_START = 0x22000000
                0x000e0000                        RAM_LENGTH = 0xe0000
                0x02000000                        FLASH_START = 0x2000000
                0x001f8000                        FLASH_LENGTH = 0x1f8000
                0x27000000                        DATA_FLASH_START = 0x27000000
                0x00003000                        DATA_FLASH_LENGTH = 0x3000
                0x0300a100                        OPTION_SETTING_START = 0x300a100
                0x00000100                        OPTION_SETTING_LENGTH = 0x100
                0x0300a200                        OPTION_SETTING_S_START = 0x300a200
                0x00000100                        OPTION_SETTING_S_LENGTH = 0x100
                0x00000000                        ID_CODE_START = 0x0
                0x00000000                        ID_CODE_LENGTH = 0x0
                0x68000000                        SDRAM_START = 0x68000000
                0x08000000                        SDRAM_LENGTH = 0x8000000
                0x60000000                        QSPI_FLASH_START = 0x60000000
                0x00000000                        QSPI_FLASH_LENGTH = 0x0
                0x80000000                        OSPI_DEVICE_0_START = 0x80000000
                0x10000000                        OSPI_DEVICE_0_LENGTH = 0x10000000
                0x90000000                        OSPI_DEVICE_1_START = 0x90000000
                0x10000000                        OSPI_DEVICE_1_LENGTH = 0x10000000
                0x00000000                        ITCM_START = 0x0
                0x00010000                        ITCM_LENGTH = 0x10000
                0x20000000                        DTCM_START = 0x20000000
                0x00010000                        DTCM_LENGTH = 0x10000
                0x10000000                        NS_OFFSET_START = 0x10000000
                0x00000000                        NS_OFFSET_LENGTH = 0x0
                0x00003080                        RAM_NS_BUFFER_LENGTH = 0x3080
                0x00000000                        QSPI_FLASH_PRV_LENGTH = DEFINED (QSPI_FLASH_SIZE)?ABSOLUTE (QSPI_FLASH_SIZE):ABSOLUTE (QSPI_FLASH_LENGTH)
                0x10000000                        OSPI_DEVICE_0_PRV_LENGTH = DEFINED (OSPI_DEVICE_0_SIZE)?ABSOLUTE (OSPI_DEVICE_0_SIZE):ABSOLUTE (OSPI_DEVICE_0_LENGTH)
                0x10000000                        OSPI_DEVICE_1_PRV_LENGTH = DEFINED (OSPI_DEVICE_1_SIZE)?ABSOLUTE (OSPI_DEVICE_1_SIZE):ABSOLUTE (OSPI_DEVICE_1_LENGTH)
                0x00000001                        __RESERVE_NS_RAM = ((! (DEFINED (PROJECT_NONSECURE)) && DEFINED (RAM_NS_BUFFER_LENGTH)) && (OPTION_SETTING_S_LENGTH != 0x0))
                0x00000000                        ITCM_START = DEFINED (ITCM_START)?ITCM_START:0x0
                0x00010000                        ITCM_LENGTH = DEFINED (ITCM_LENGTH)?ITCM_LENGTH:0x0
                0x20000000                        DTCM_START = DEFINED (DTCM_START)?DTCM_START:0x0
                0x00010000                        DTCM_LENGTH = DEFINED (DTCM_LENGTH)?DTCM_LENGTH:0x0
                0x10000000                        NS_OFFSET_START = DEFINED (NS_OFFSET_START)?NS_OFFSET_START:0x0
                0x00000000                        NS_IMAGE_OFFSET = DEFINED (PROJECT_NONSECURE)?NS_OFFSET_START:0x0
                0x00004000                        RAM_NS_BUFFER_BLOCK_LENGTH = DEFINED (RAM_NS_BUFFER_LENGTH)?ALIGN (RAM_NS_BUFFER_LENGTH, 0x2000):0x0
                0x00003080                        RAM_NS_BUFFER_LENGTH = DEFINED (RAM_NS_BUFFER_LENGTH)?RAM_NS_BUFFER_LENGTH:0x0
                0x220dcf80                        RAM_NS_BUFFER_START = ((RAM_START + RAM_LENGTH) - RAM_NS_BUFFER_LENGTH)
                0x220dc000                        RAM_NS_BUFFER_BLOCK_START = ((RAM_START + RAM_LENGTH) - RAM_NS_BUFFER_BLOCK_LENGTH)
                0x0300a180                        OPTION_SETTING_START_NS = DEFINED (PROJECT_NONSECURE)?OPTION_SETTING_START:(OPTION_SETTING_START + 0x80)
                0x00000001                        __bl_FSP_BOOTABLE_IMAGE = 0x1
                0x00000001                        __bln_FSP_BOOTABLE_IMAGE = 0x1
                0x00000001                        PROJECT_SECURE_OR_FLAT = (((! (DEFINED (PROJECT_NONSECURE)) || DEFINED (PROJECT_SECURE)) && OPTION_SETTING_LENGTH) && ! (DEFINED (FSP_BOOTABLE_IMAGE)))
                0x00000000                        USE_OPTION_SETTING_NS = (DEFINED (PROJECT_NONSECURE) && ! (DEFINED (FSP_BOOTABLE_IMAGE)))
                0x00000000                        __bl_FLASH_IMAGE_START = ! (DEFINED (FLASH_BOOTLOADER_LENGTH))?0x0:(FLASH_APPLICATION_IMAGE_NUMBER == 0x1)?(FLASH_BOOTLOADER_LENGTH + FLASH_BOOTLOADER_HEADER_LENGTH):(((FLASH_BOOTLOADER_LENGTH + FLASH_BOOTLOADER_SCRATCH_LENGTH) + FLASH_APPLICATION_S_LENGTH) + FLASH_BOOTLOADER_HEADER_LENGTH)
                0x00000000                        __bl_FLASH_IMAGE_LENGTH = ! (DEFINED (FLASH_BOOTLOADER_LENGTH))?0x0:(FLASH_APPLICATION_S_LENGTH - FLASH_BOOTLOADER_HEADER_LENGTH)
                0x00000000                        __bl_FLASH_IMAGE_END = (__bl_FLASH_IMAGE_START + __bl_FLASH_IMAGE_LENGTH)
                0x00000000                        __bl_XIP_SECONDARY_FLASH_IMAGE_START = ! (DEFINED (FLASH_BOOTLOADER_LENGTH))?0x0:((FLASH_BOOTLOADER_LENGTH + FLASH_APPLICATION_S_LENGTH) + FLASH_BOOTLOADER_HEADER_LENGTH)
                0x00000000                        __bl_XIP_SECONDARY_FLASH_IMAGE_END = (__bl_XIP_SECONDARY_FLASH_IMAGE_START + __bl_FLASH_IMAGE_LENGTH)
                0x00000000                        __bl_FLASH_NS_START = ! (DEFINED (FLASH_BOOTLOADER_LENGTH))?0x0:(FLASH_APPLICATION_NS_LENGTH == 0x0)?__bl_FLASH_IMAGE_END:((__bl_FLASH_IMAGE_START - FLASH_BOOTLOADER_HEADER_LENGTH) + FLASH_APPLICATION_S_LENGTH)
                0x00000000                        __bl_FLASH_NSC_START = ! (DEFINED (FLASH_BOOTLOADER_LENGTH))?0x0:(FLASH_APPLICATION_NS_LENGTH == 0x0)?__bl_FLASH_IMAGE_END:(__bl_FLASH_NS_START - FLASH_APPLICATION_NSC_LENGTH)
                0x00000000                        __bl_RAM_NS_START = ! (DEFINED (FLASH_BOOTLOADER_LENGTH))?0x0:(FLASH_APPLICATION_NS_LENGTH == 0x0)?(RAM_START + RAM_LENGTH):((RAM_START + RAM_LENGTH) - RAM_APPLICATION_NS_LENGTH)
                0x00000000                        __bl_RAM_NSC_START = ! (DEFINED (FLASH_BOOTLOADER_LENGTH))?0x0:(FLASH_APPLICATION_NS_LENGTH == 0x0)?(RAM_START + RAM_LENGTH):(__bl_RAM_NS_START - RAM_APPLICATION_NSC_LENGTH)
                0x00000000                        __bl_FLASH_NS_IMAGE_START = ! (DEFINED (FLASH_BOOTLOADER_LENGTH))?0x0:(FLASH_APPLICATION_NS_LENGTH == 0x0)?__bl_FLASH_IMAGE_END:(__bl_FLASH_NS_START + FLASH_BOOTLOADER_HEADER_LENGTH_2)
                0x00000000                        __bln_FLASH_IMAGE_START = __bl_FLASH_NS_IMAGE_START
                0x00000000                        __bln_FLASH_IMAGE_LENGTH = ! (DEFINED (FLASH_BOOTLOADER_LENGTH))?0x0:(FLASH_APPLICATION_NS_LENGTH == 0x0)?__bl_FLASH_IMAGE_END:(FLASH_APPLICATION_NS_LENGTH - FLASH_BOOTLOADER_HEADER_LENGTH_2)
                0x00000000                        XIP_SECONDARY_SLOT_IMAGE = DEFINED (XIP_SECONDARY_SLOT_IMAGE)?XIP_SECONDARY_SLOT_IMAGE:0x0
                0x02000000                        FLASH_ORIGIN = ! (DEFINED (FLASH_IMAGE_START))?FLASH_START:(XIP_SECONDARY_SLOT_IMAGE == 0x1)?XIP_SECONDARY_FLASH_IMAGE_START:FLASH_IMAGE_START
                0x001f8000                        LIMITED_FLASH_LENGTH = DEFINED (FLASH_IMAGE_LENGTH)?FLASH_IMAGE_LENGTH:DEFINED (FLASH_BOOTLOADER_LENGTH)?FLASH_BOOTLOADER_LENGTH:FLASH_LENGTH
START GROUP
LOAD /usr/lib/gcc/arm-none-eabi/13.2.1/../../../arm-none-eabi/lib/thumb/v8-m.main+dp/hard/libc.a
LOAD /usr/lib/gcc/arm-none-eabi/13.2.1/../../../arm-none-eabi/lib/thumb/v8-m.main+dp/hard/libm.a
LOAD /usr/lib/gcc/arm-none-eabi/13.2.1/../../../arm-none-eabi/lib/thumb/v8-m.main+dp/hard/libnosys.a
END GROUP

.text           0x02000000    0x12418
                0x02000000                        __tz_FLASH_S = ABSOLUTE (FLASH_START)
                0x02000000                        __ROM_Start = .
 *(.fixed_vectors*)
 .fixed_vectors
                0x02000000       0x40 CMakeFiles/rtt_ra.dir/ra/fsp/src/bsp/cmsis/Device/RENESAS/Source/startup.c.obj
                0x02000000                __Vectors
 *(.application_vectors*)
 .application_vectors
                0x02000040      0x180 CMakeFiles/rtt_ra_gen.dir/ra_gen/vector_data.c.obj
                0x02000040                g_vector_table
                0x020001c0                        __Vectors_End = .
                0x020001c0                        . = (OPTION_SETTING_LENGTH > 0x0)?.:(__ROM_Start + 0x400)
 *(.rom_registers*)
                0x020001c0                        . = (OPTION_SETTING_LENGTH > 0x0)?.:(__ROM_Start + 0x500)
                0x02000200                        . = ALIGN (0x80)
 *fill*         0x020001c0       0x40 ff
 *(.mcuboot_sce9_key*)
 *(.text*)
 .text          0x02000200       0x8c /usr/lib/gcc/arm-none-eabi/13.2.1/thumb/v8-m.main+dp/hard/crtbegin.o
 .text.rt_hw_atomic_load
                0x0200028c       0x3e CMakeFiles/rtt_CPU.dir/home/wenbo/rt_workspace/rt-thread/libcpu/arm/common/atomic_arm.c.obj
                0x0200028c                rt_hw_atomic_load
 .text.rt_hw_atomic_store
                0x020002ca       0x3c CMakeFiles/rtt_CPU.dir/home/wenbo/rt_workspace/rt-thread/libcpu/arm/common/atomic_arm.c.obj
                0x020002ca                rt_hw_atomic_store
 .text.rt_hw_atomic_add
                0x02000306       0x44 CMakeFiles/rtt_CPU.dir/home/wenbo/rt_workspace/rt-thread/libcpu/arm/common/atomic_arm.c.obj
                0x02000306                rt_hw_atomic_add
 .text.rt_hw_atomic_sub
                0x0200034a       0x44 CMakeFiles/rtt_CPU.dir/home/wenbo/rt_workspace/rt-thread/libcpu/arm/common/atomic_arm.c.obj
                0x0200034a                rt_hw_atomic_sub
 .text.rt_hw_atomic_flag_clear
                0x0200038e       0x3a CMakeFiles/rtt_CPU.dir/home/wenbo/rt_workspace/rt-thread/libcpu/arm/common/atomic_arm.c.obj
                0x0200038e                rt_hw_atomic_flag_clear
 .text.rt_hw_atomic_flag_test_and_set
                0x020003c8       0x3e CMakeFiles/rtt_CPU.dir/home/wenbo/rt_workspace/rt-thread/libcpu/arm/common/atomic_arm.c.obj
                0x020003c8                rt_hw_atomic_flag_test_and_set
 *fill*         0x02000406        0x2 ff
 .text          0x02000408      0x14c CMakeFiles/rtt_CPU.dir/home/wenbo/rt_workspace/rt-thread/libcpu/arm/cortex-m85/context_gcc.S.obj
                0x02000408                rt_hw_interrupt_disable
                0x02000410                rt_hw_interrupt_enable
                0x02000416                rt_hw_context_switch_interrupt
                0x02000416                rt_hw_context_switch
                0x02000436                PendSV_Handler
                0x020004ac                rt_hw_context_switch_to
                0x020004fa                rt_hw_interrupt_thread_switch
                0x020004fe                HardFault_Handler
 .text.rt_hw_stack_init
                0x02000554       0x90 CMakeFiles/rtt_CPU.dir/home/wenbo/rt_workspace/rt-thread/libcpu/arm/cortex-m85/cpuport.c.obj
                0x02000554                rt_hw_stack_init
 .text.usage_fault_track
                0x020005e4       0xc4 CMakeFiles/rtt_CPU.dir/home/wenbo/rt_workspace/rt-thread/libcpu/arm/cortex-m85/cpuport.c.obj
 .text.bus_fault_track
                0x020006a8       0xcc CMakeFiles/rtt_CPU.dir/home/wenbo/rt_workspace/rt-thread/libcpu/arm/cortex-m85/cpuport.c.obj
 .text.mem_manage_fault_track
                0x02000774       0xb4 CMakeFiles/rtt_CPU.dir/home/wenbo/rt_workspace/rt-thread/libcpu/arm/cortex-m85/cpuport.c.obj
 .text.hard_fault_track
                0x02000828       0x78 CMakeFiles/rtt_CPU.dir/home/wenbo/rt_workspace/rt-thread/libcpu/arm/cortex-m85/cpuport.c.obj
 .text.rt_hw_hard_fault_exception
                0x020008a0      0x184 CMakeFiles/rtt_CPU.dir/home/wenbo/rt_workspace/rt-thread/libcpu/arm/cortex-m85/cpuport.c.obj
                0x020008a0                rt_hw_hard_fault_exception
 .text.TaskSwitch_StackCheck
                0x02000a24       0x1e CMakeFiles/rtt_CPU.dir/home/wenbo/rt_workspace/rt-thread/libcpu/arm/cortex-m85/cpuport.c.obj
                0x02000a24                TaskSwitch_StackCheck
 .text.__rt_ffs
                0x02000a42       0x2a CMakeFiles/rtt_CPU.dir/home/wenbo/rt_workspace/rt-thread/libcpu/arm/cortex-m85/cpuport.c.obj
                0x02000a42                __rt_ffs
 .text.rt_device_register
                0x02000a6c       0x54 CMakeFiles/rtt_DeviceDrivers.dir/home/wenbo/rt_workspace/rt-thread/components/drivers/core/device.c.obj
                0x02000a6c                rt_device_register
 .text.rt_device_find
                0x02000ac0       0x1a CMakeFiles/rtt_DeviceDrivers.dir/home/wenbo/rt_workspace/rt-thread/components/drivers/core/device.c.obj
                0x02000ac0                rt_device_find
 *fill*         0x02000ada        0x2 ff
 .text.rt_device_open
                0x02000adc      0x158 CMakeFiles/rtt_DeviceDrivers.dir/home/wenbo/rt_workspace/rt-thread/components/drivers/core/device.c.obj
                0x02000adc                rt_device_open
 .text.rt_device_close
                0x02000c34       0x9c CMakeFiles/rtt_DeviceDrivers.dir/home/wenbo/rt_workspace/rt-thread/components/drivers/core/device.c.obj
                0x02000c34                rt_device_close
 .text.rt_device_read
                0x02000cd0       0x88 CMakeFiles/rtt_DeviceDrivers.dir/home/wenbo/rt_workspace/rt-thread/components/drivers/core/device.c.obj
                0x02000cd0                rt_device_read
 .text.rt_device_write
                0x02000d58       0x88 CMakeFiles/rtt_DeviceDrivers.dir/home/wenbo/rt_workspace/rt-thread/components/drivers/core/device.c.obj
                0x02000d58                rt_device_write
 .text.rt_device_set_rx_indicate
                0x02000de0       0x54 CMakeFiles/rtt_DeviceDrivers.dir/home/wenbo/rt_workspace/rt-thread/components/drivers/core/device.c.obj
                0x02000de0                rt_device_set_rx_indicate
 .text.rt_completion_done
                0x02000e34       0x1a CMakeFiles/rtt_DeviceDrivers.dir/home/wenbo/rt_workspace/rt-thread/components/drivers/ipc/completion_comm.c.obj
                0x02000e34                rt_completion_done
 .text.rt_completion_wait
                0x02000e4e       0x1e CMakeFiles/rtt_DeviceDrivers.dir/home/wenbo/rt_workspace/rt-thread/components/drivers/ipc/completion_comm.c.obj
                0x02000e4e                rt_completion_wait
 .text.rt_completion_init
                0x02000e6c       0x30 CMakeFiles/rtt_DeviceDrivers.dir/home/wenbo/rt_workspace/rt-thread/components/drivers/ipc/completion_up.c.obj
                0x02000e6c                rt_completion_init
 .text.rt_completion_wait_flags
                0x02000e9c      0x19c CMakeFiles/rtt_DeviceDrivers.dir/home/wenbo/rt_workspace/rt-thread/components/drivers/ipc/completion_up.c.obj
                0x02000e9c                rt_completion_wait_flags
 .text.rt_completion_wakeup_by_errno
                0x02001038       0x98 CMakeFiles/rtt_DeviceDrivers.dir/home/wenbo/rt_workspace/rt-thread/components/drivers/ipc/completion_up.c.obj
                0x02001038                rt_completion_wakeup_by_errno
 .text.rt_ringbuffer_status
                0x020010d0       0x4a CMakeFiles/rtt_DeviceDrivers.dir/home/wenbo/rt_workspace/rt-thread/components/drivers/ipc/ringbuffer.c.obj
 *fill*         0x0200111a        0x2 ff
 .text.rt_ringbuffer_init
                0x0200111c       0x94 CMakeFiles/rtt_DeviceDrivers.dir/home/wenbo/rt_workspace/rt-thread/components/drivers/ipc/ringbuffer.c.obj
                0x0200111c                rt_ringbuffer_init
 .text.rt_ringbuffer_put
                0x020011b0      0x13c CMakeFiles/rtt_DeviceDrivers.dir/home/wenbo/rt_workspace/rt-thread/components/drivers/ipc/ringbuffer.c.obj
                0x020011b0                rt_ringbuffer_put
 .text.rt_ringbuffer_put_force
                0x020012ec      0x1ac CMakeFiles/rtt_DeviceDrivers.dir/home/wenbo/rt_workspace/rt-thread/components/drivers/ipc/ringbuffer.c.obj
                0x020012ec                rt_ringbuffer_put_force
 .text.rt_ringbuffer_get
                0x02001498      0x130 CMakeFiles/rtt_DeviceDrivers.dir/home/wenbo/rt_workspace/rt-thread/components/drivers/ipc/ringbuffer.c.obj
                0x02001498                rt_ringbuffer_get
 .text.rt_ringbuffer_get_direct
                0x020015c8       0xc4 CMakeFiles/rtt_DeviceDrivers.dir/home/wenbo/rt_workspace/rt-thread/components/drivers/ipc/ringbuffer.c.obj
                0x020015c8                rt_ringbuffer_get_direct
 .text.rt_ringbuffer_putchar_force
                0x0200168c       0xf0 CMakeFiles/rtt_DeviceDrivers.dir/home/wenbo/rt_workspace/rt-thread/components/drivers/ipc/ringbuffer.c.obj
                0x0200168c                rt_ringbuffer_putchar_force
 .text.rt_ringbuffer_getchar
                0x0200177c       0xa8 CMakeFiles/rtt_DeviceDrivers.dir/home/wenbo/rt_workspace/rt-thread/components/drivers/ipc/ringbuffer.c.obj
                0x0200177c                rt_ringbuffer_getchar
 .text.rt_ringbuffer_data_len
                0x02001824       0x5e CMakeFiles/rtt_DeviceDrivers.dir/home/wenbo/rt_workspace/rt-thread/components/drivers/ipc/ringbuffer.c.obj
                0x02001824                rt_ringbuffer_data_len
 *fill*         0x02001882        0x2 ff
 .text.rt_ringbuffer_reset
                0x02001884       0x54 CMakeFiles/rtt_DeviceDrivers.dir/home/wenbo/rt_workspace/rt-thread/components/drivers/ipc/ringbuffer.c.obj
                0x02001884                rt_ringbuffer_reset
 .text._pin_read
                0x020018d8       0x60 CMakeFiles/rtt_DeviceDrivers.dir/home/wenbo/rt_workspace/rt-thread/components/drivers/pin/dev_pin.c.obj
 .text._pin_write
                0x02001938       0x5c CMakeFiles/rtt_DeviceDrivers.dir/home/wenbo/rt_workspace/rt-thread/components/drivers/pin/dev_pin.c.obj
 .text._pin_control
                0x02001994       0x54 CMakeFiles/rtt_DeviceDrivers.dir/home/wenbo/rt_workspace/rt-thread/components/drivers/pin/dev_pin.c.obj
 .text.rt_device_pin_register
                0x020019e8       0x74 CMakeFiles/rtt_DeviceDrivers.dir/home/wenbo/rt_workspace/rt-thread/components/drivers/pin/dev_pin.c.obj
                0x020019e8                rt_device_pin_register
 .text.rt_pin_mode
                0x02001a5c       0x40 CMakeFiles/rtt_DeviceDrivers.dir/home/wenbo/rt_workspace/rt-thread/components/drivers/pin/dev_pin.c.obj
                0x02001a5c                rt_pin_mode
 .text.rt_pin_write
                0x02001a9c       0x40 CMakeFiles/rtt_DeviceDrivers.dir/home/wenbo/rt_workspace/rt-thread/components/drivers/pin/dev_pin.c.obj
                0x02001a9c                rt_pin_write
 .text.rt_pin_read
                0x02001adc       0x3c CMakeFiles/rtt_DeviceDrivers.dir/home/wenbo/rt_workspace/rt-thread/components/drivers/pin/dev_pin.c.obj
                0x02001adc                rt_pin_read
 .text.rt_pin_get
                0x02001b18       0x4c CMakeFiles/rtt_DeviceDrivers.dir/home/wenbo/rt_workspace/rt-thread/components/drivers/pin/dev_pin.c.obj
                0x02001b18                rt_pin_get
 .text._pin_cmd_conv
                0x02001b64       0x18 CMakeFiles/rtt_DeviceDrivers.dir/home/wenbo/rt_workspace/rt-thread/components/drivers/pin/dev_pin.c.obj
 .text._pin_cmd_print_usage
                0x02001b7c       0x78 CMakeFiles/rtt_DeviceDrivers.dir/home/wenbo/rt_workspace/rt-thread/components/drivers/pin/dev_pin.c.obj
 .text._pin_cmd_get
                0x02001bf4       0x5c CMakeFiles/rtt_DeviceDrivers.dir/home/wenbo/rt_workspace/rt-thread/components/drivers/pin/dev_pin.c.obj
 .text._pin_cmd_mode
                0x02001c50      0x110 CMakeFiles/rtt_DeviceDrivers.dir/home/wenbo/rt_workspace/rt-thread/components/drivers/pin/dev_pin.c.obj
 .text._pin_cmd_read
                0x02001d60       0x94 CMakeFiles/rtt_DeviceDrivers.dir/home/wenbo/rt_workspace/rt-thread/components/drivers/pin/dev_pin.c.obj
 .text._pin_cmd_write
                0x02001df4       0xe4 CMakeFiles/rtt_DeviceDrivers.dir/home/wenbo/rt_workspace/rt-thread/components/drivers/pin/dev_pin.c.obj
 .text._pin_cmd
                0x02001ed8       0xac CMakeFiles/rtt_DeviceDrivers.dir/home/wenbo/rt_workspace/rt-thread/components/drivers/pin/dev_pin.c.obj
 .text.rt_ringbuffer_get_size
                0x02001f84       0x2c CMakeFiles/rtt_DeviceDrivers.dir/home/wenbo/rt_workspace/rt-thread/components/drivers/serial/dev_serial_v2.c.obj
 .text.rt_serial_get_linear_buffer
                0x02001fb0       0x78 CMakeFiles/rtt_DeviceDrivers.dir/home/wenbo/rt_workspace/rt-thread/components/drivers/serial/dev_serial_v2.c.obj
 .text.rt_serial_update_read_index
                0x02002028       0xbc CMakeFiles/rtt_DeviceDrivers.dir/home/wenbo/rt_workspace/rt-thread/components/drivers/serial/dev_serial_v2.c.obj
 .text.rt_serial_update_write_index
                0x020020e4      0x154 CMakeFiles/rtt_DeviceDrivers.dir/home/wenbo/rt_workspace/rt-thread/components/drivers/serial/dev_serial_v2.c.obj
 .text._serial_poll_rx
                0x02002238       0x9c CMakeFiles/rtt_DeviceDrivers.dir/home/wenbo/rt_workspace/rt-thread/components/drivers/serial/dev_serial_v2.c.obj
                0x02002238                _serial_poll_rx
 .text._serial_poll_tx
                0x020022d4       0xa4 CMakeFiles/rtt_DeviceDrivers.dir/home/wenbo/rt_workspace/rt-thread/components/drivers/serial/dev_serial_v2.c.obj
                0x020022d4                _serial_poll_tx
 .text._serial_fifo_rx
                0x02002378      0x1c4 CMakeFiles/rtt_DeviceDrivers.dir/home/wenbo/rt_workspace/rt-thread/components/drivers/serial/dev_serial_v2.c.obj
 .text._serial_fifo_tx_blocking_nbuf
                0x0200253c      0x10c CMakeFiles/rtt_DeviceDrivers.dir/home/wenbo/rt_workspace/rt-thread/components/drivers/serial/dev_serial_v2.c.obj
 .text._serial_fifo_tx_blocking_buf
                0x02002648      0x1a8 CMakeFiles/rtt_DeviceDrivers.dir/home/wenbo/rt_workspace/rt-thread/components/drivers/serial/dev_serial_v2.c.obj
 .text._serial_fifo_tx_nonblocking
                0x020027f0      0x108 CMakeFiles/rtt_DeviceDrivers.dir/home/wenbo/rt_workspace/rt-thread/components/drivers/serial/dev_serial_v2.c.obj
 .text.rt_serial_tx_enable
                0x020028f8      0x25c CMakeFiles/rtt_DeviceDrivers.dir/home/wenbo/rt_workspace/rt-thread/components/drivers/serial/dev_serial_v2.c.obj
 .text.rt_serial_rx_enable
                0x02002b54      0x1b4 CMakeFiles/rtt_DeviceDrivers.dir/home/wenbo/rt_workspace/rt-thread/components/drivers/serial/dev_serial_v2.c.obj
 .text.rt_serial_rx_disable
                0x02002d08       0xc0 CMakeFiles/rtt_DeviceDrivers.dir/home/wenbo/rt_workspace/rt-thread/components/drivers/serial/dev_serial_v2.c.obj
 .text.rt_serial_tx_disable
                0x02002dc8       0xc0 CMakeFiles/rtt_DeviceDrivers.dir/home/wenbo/rt_workspace/rt-thread/components/drivers/serial/dev_serial_v2.c.obj
 .text.rt_serial_init
                0x02002e88       0x78 CMakeFiles/rtt_DeviceDrivers.dir/home/wenbo/rt_workspace/rt-thread/components/drivers/serial/dev_serial_v2.c.obj
 .text.rt_serial_close
                0x02002f00       0x90 CMakeFiles/rtt_DeviceDrivers.dir/home/wenbo/rt_workspace/rt-thread/components/drivers/serial/dev_serial_v2.c.obj
 .text.rt_serial_open
                0x02002f90      0x108 CMakeFiles/rtt_DeviceDrivers.dir/home/wenbo/rt_workspace/rt-thread/components/drivers/serial/dev_serial_v2.c.obj
 .text._serial_rx_flush
                0x02003098       0xcc CMakeFiles/rtt_DeviceDrivers.dir/home/wenbo/rt_workspace/rt-thread/components/drivers/serial/dev_serial_v2.c.obj
 .text._serial_tx_flush
                0x02003164       0x70 CMakeFiles/rtt_DeviceDrivers.dir/home/wenbo/rt_workspace/rt-thread/components/drivers/serial/dev_serial_v2.c.obj
 .text._serial_get_unread_bytes_count
                0x020031d4       0xb0 CMakeFiles/rtt_DeviceDrivers.dir/home/wenbo/rt_workspace/rt-thread/components/drivers/serial/dev_serial_v2.c.obj
 .text.rt_serial_control
                0x02003284      0x3e8 CMakeFiles/rtt_DeviceDrivers.dir/home/wenbo/rt_workspace/rt-thread/components/drivers/serial/dev_serial_v2.c.obj
 .text.rt_hw_serial_register
                0x0200366c       0x9c CMakeFiles/rtt_DeviceDrivers.dir/home/wenbo/rt_workspace/rt-thread/components/drivers/serial/dev_serial_v2.c.obj
                0x0200366c                rt_hw_serial_register
 .text.rt_hw_serial_control_isr
                0x02003708      0x110 CMakeFiles/rtt_DeviceDrivers.dir/home/wenbo/rt_workspace/rt-thread/components/drivers/serial/dev_serial_v2.c.obj
                0x02003708                rt_hw_serial_control_isr
 .text.rt_hw_serial_isr
                0x02003818      0x2a8 CMakeFiles/rtt_DeviceDrivers.dir/home/wenbo/rt_workspace/rt-thread/components/drivers/serial/dev_serial_v2.c.obj
                0x02003818                rt_hw_serial_isr
 .text.drv_sdram_init
                0x02003ac0      0x17c CMakeFiles/rtt_Drivers.dir/board/ports/drv_sdram.c.obj
                0x02003ac0                drv_sdram_init
 .text.SDRAM_Init
                0x02003c3c       0x50 CMakeFiles/rtt_Drivers.dir/board/ports/drv_sdram.c.obj
 .text.R_BSP_PinRead
                0x02003c8c       0x38 CMakeFiles/rtt_Drivers.dir/home/wenbo/rt_workspace/rt-thread/bsp/renesas/libraries/HAL_Drivers/drivers/drv_gpio.c.obj
 .text.R_BSP_PinWrite
                0x02003cc4       0x68 CMakeFiles/rtt_Drivers.dir/home/wenbo/rt_workspace/rt-thread/bsp/renesas/libraries/HAL_Drivers/drivers/drv_gpio.c.obj
 .text.R_BSP_PinAccessEnable
                0x02003d2c       0x60 CMakeFiles/rtt_Drivers.dir/home/wenbo/rt_workspace/rt-thread/bsp/renesas/libraries/HAL_Drivers/drivers/drv_gpio.c.obj
 .text.R_BSP_PinAccessDisable
                0x02003d8c       0x68 CMakeFiles/rtt_Drivers.dir/home/wenbo/rt_workspace/rt-thread/bsp/renesas/libraries/HAL_Drivers/drivers/drv_gpio.c.obj
 .text.ra_pin_mode
                0x02003df4       0xf4 CMakeFiles/rtt_Drivers.dir/home/wenbo/rt_workspace/rt-thread/bsp/renesas/libraries/HAL_Drivers/drivers/drv_gpio.c.obj
 .text.ra_pin_write
                0x02003ee8       0x3c CMakeFiles/rtt_Drivers.dir/home/wenbo/rt_workspace/rt-thread/bsp/renesas/libraries/HAL_Drivers/drivers/drv_gpio.c.obj
 .text.ra_pin_read
                0x02003f24       0x32 CMakeFiles/rtt_Drivers.dir/home/wenbo/rt_workspace/rt-thread/bsp/renesas/libraries/HAL_Drivers/drivers/drv_gpio.c.obj
 .text.ra_pin_irq_enable
                0x02003f56       0x1e CMakeFiles/rtt_Drivers.dir/home/wenbo/rt_workspace/rt-thread/bsp/renesas/libraries/HAL_Drivers/drivers/drv_gpio.c.obj
 .text.ra_pin_attach_irq
                0x02003f74       0x20 CMakeFiles/rtt_Drivers.dir/home/wenbo/rt_workspace/rt-thread/bsp/renesas/libraries/HAL_Drivers/drivers/drv_gpio.c.obj
 .text.ra_pin_dettach_irq
                0x02003f94       0x1a CMakeFiles/rtt_Drivers.dir/home/wenbo/rt_workspace/rt-thread/bsp/renesas/libraries/HAL_Drivers/drivers/drv_gpio.c.obj
 *fill*         0x02003fae        0x2 ff
 .text.ra_pin_get
                0x02003fb0       0xb4 CMakeFiles/rtt_Drivers.dir/home/wenbo/rt_workspace/rt-thread/bsp/renesas/libraries/HAL_Drivers/drivers/drv_gpio.c.obj
 .text.rt_hw_pin_init
                0x02004064       0x1c CMakeFiles/rtt_Drivers.dir/home/wenbo/rt_workspace/rt-thread/bsp/renesas/libraries/HAL_Drivers/drivers/drv_gpio.c.obj
                0x02004064                rt_hw_pin_init
 .text.ra_uart_get_config
                0x02004080       0x80 CMakeFiles/rtt_Drivers.dir/home/wenbo/rt_workspace/rt-thread/bsp/renesas/libraries/HAL_Drivers/drivers/drv_usart_v2.c.obj
 .text.ra_uart_configure
                0x02004100       0x80 CMakeFiles/rtt_Drivers.dir/home/wenbo/rt_workspace/rt-thread/bsp/renesas/libraries/HAL_Drivers/drivers/drv_usart_v2.c.obj
 .text.ra_uart_control
                0x02004180       0x1a CMakeFiles/rtt_Drivers.dir/home/wenbo/rt_workspace/rt-thread/bsp/renesas/libraries/HAL_Drivers/drivers/drv_usart_v2.c.obj
 *fill*         0x0200419a        0x2 ff
 .text.ra_uart_putc
                0x0200419c       0x68 CMakeFiles/rtt_Drivers.dir/home/wenbo/rt_workspace/rt-thread/bsp/renesas/libraries/HAL_Drivers/drivers/drv_usart_v2.c.obj
 .text.ra_uart_getc
                0x02004204       0x16 CMakeFiles/rtt_Drivers.dir/home/wenbo/rt_workspace/rt-thread/bsp/renesas/libraries/HAL_Drivers/drivers/drv_usart_v2.c.obj
 *fill*         0x0200421a        0x2 ff
 .text.ra_uart_transmit
                0x0200421c       0x70 CMakeFiles/rtt_Drivers.dir/home/wenbo/rt_workspace/rt-thread/bsp/renesas/libraries/HAL_Drivers/drivers/drv_usart_v2.c.obj
 .text.user_uart9_callback
                0x0200428c       0x60 CMakeFiles/rtt_Drivers.dir/home/wenbo/rt_workspace/rt-thread/bsp/renesas/libraries/HAL_Drivers/drivers/drv_usart_v2.c.obj
                0x0200428c                user_uart9_callback
 .text.rt_hw_usart_init
                0x020042ec       0xb8 CMakeFiles/rtt_Drivers.dir/home/wenbo/rt_workspace/rt-thread/bsp/renesas/libraries/HAL_Drivers/drivers/drv_usart_v2.c.obj
                0x020042ec                rt_hw_usart_init
 .text.__NVIC_SetPriority
                0x020043a4       0x54 CMakeFiles/rtt_Drivers.dir/home/wenbo/rt_workspace/rt-thread/bsp/renesas/libraries/HAL_Drivers/drv_common.c.obj
 .text.__NVIC_SystemReset
                0x020043f8       0x2c CMakeFiles/rtt_Drivers.dir/home/wenbo/rt_workspace/rt-thread/bsp/renesas/libraries/HAL_Drivers/drv_common.c.obj
 .text.SysTick_Config
                0x02004424       0x44 CMakeFiles/rtt_Drivers.dir/home/wenbo/rt_workspace/rt-thread/bsp/renesas/libraries/HAL_Drivers/drv_common.c.obj
 .text.reboot   0x02004468       0x10 CMakeFiles/rtt_Drivers.dir/home/wenbo/rt_workspace/rt-thread/bsp/renesas/libraries/HAL_Drivers/drv_common.c.obj
 .text.rt_hw_systick_init
                0x02004478       0x2c CMakeFiles/rtt_Drivers.dir/home/wenbo/rt_workspace/rt-thread/bsp/renesas/libraries/HAL_Drivers/drv_common.c.obj
                0x02004478                rt_hw_systick_init
 .text.SysTick_Handler
                0x020044a4       0x14 CMakeFiles/rtt_Drivers.dir/home/wenbo/rt_workspace/rt-thread/bsp/renesas/libraries/HAL_Drivers/drv_common.c.obj
                0x020044a4                SysTick_Handler
 .text.rt_hw_board_init
                0x020044b8       0x34 CMakeFiles/rtt_Drivers.dir/home/wenbo/rt_workspace/rt-thread/bsp/renesas/libraries/HAL_Drivers/drv_common.c.obj
                0x020044b8                rt_hw_board_init
 .text.R_BSP_WarmStart
                0x020044ec       0x2c CMakeFiles/rtt_Drivers.dir/home/wenbo/rt_workspace/rt-thread/bsp/renesas/libraries/HAL_Drivers/drv_common.c.obj
                0x020044ec                R_BSP_WarmStart
 .text.finsh_get_prompt
                0x02004518       0x84 CMakeFiles/rtt_Finsh.dir/home/wenbo/rt_workspace/rt-thread/components/finsh/shell.c.obj
                0x02004518                finsh_get_prompt
 .text.finsh_set_prompt_mode
                0x0200459c       0x48 CMakeFiles/rtt_Finsh.dir/home/wenbo/rt_workspace/rt-thread/components/finsh/shell.c.obj
                0x0200459c                finsh_set_prompt_mode
 .text.finsh_getchar
                0x020045e4       0x90 CMakeFiles/rtt_Finsh.dir/home/wenbo/rt_workspace/rt-thread/components/finsh/shell.c.obj
                0x020045e4                finsh_getchar
 .text.finsh_rx_ind
                0x02004674       0x3c CMakeFiles/rtt_Finsh.dir/home/wenbo/rt_workspace/rt-thread/components/finsh/shell.c.obj
 .text.finsh_set_device
                0x020046b0       0xd8 CMakeFiles/rtt_Finsh.dir/home/wenbo/rt_workspace/rt-thread/components/finsh/shell.c.obj
                0x020046b0                finsh_set_device
 .text.shell_auto_complete
                0x02004788       0x3c CMakeFiles/rtt_Finsh.dir/home/wenbo/rt_workspace/rt-thread/components/finsh/shell.c.obj
 .text.shell_handle_history
                0x020047c4       0x34 CMakeFiles/rtt_Finsh.dir/home/wenbo/rt_workspace/rt-thread/components/finsh/shell.c.obj
 .text.shell_push_history
                0x020047f8      0x15e CMakeFiles/rtt_Finsh.dir/home/wenbo/rt_workspace/rt-thread/components/finsh/shell.c.obj
 *fill*         0x02004956        0x2 ff
 .text.finsh_thread_entry
                0x02004958      0x624 CMakeFiles/rtt_Finsh.dir/home/wenbo/rt_workspace/rt-thread/components/finsh/shell.c.obj
 .text.finsh_system_function_init
                0x02004f7c       0x2c CMakeFiles/rtt_Finsh.dir/home/wenbo/rt_workspace/rt-thread/components/finsh/shell.c.obj
 .text.finsh_system_init
                0x02004fa8       0x9c CMakeFiles/rtt_Finsh.dir/home/wenbo/rt_workspace/rt-thread/components/finsh/shell.c.obj
                0x02004fa8                finsh_system_init
 .text.msh_help
                0x02005044       0x5c CMakeFiles/rtt_Finsh.dir/home/wenbo/rt_workspace/rt-thread/components/finsh/msh.c.obj
 .text.cmd_ps   0x020050a0       0x18 CMakeFiles/rtt_Finsh.dir/home/wenbo/rt_workspace/rt-thread/components/finsh/msh.c.obj
 .text.cmd_free
                0x020050b8       0x18 CMakeFiles/rtt_Finsh.dir/home/wenbo/rt_workspace/rt-thread/components/finsh/msh.c.obj
 .text.msh_split
                0x020050d0      0x170 CMakeFiles/rtt_Finsh.dir/home/wenbo/rt_workspace/rt-thread/components/finsh/msh.c.obj
 .text.msh_get_cmd
                0x02005240       0x64 CMakeFiles/rtt_Finsh.dir/home/wenbo/rt_workspace/rt-thread/components/finsh/msh.c.obj
 .text._msh_exec_cmd
                0x020052a4       0xd4 CMakeFiles/rtt_Finsh.dir/home/wenbo/rt_workspace/rt-thread/components/finsh/msh.c.obj
 .text.msh_exec
                0x02005378       0xa4 CMakeFiles/rtt_Finsh.dir/home/wenbo/rt_workspace/rt-thread/components/finsh/msh.c.obj
                0x02005378                msh_exec
 .text.str_common
                0x0200541c       0x4a CMakeFiles/rtt_Finsh.dir/home/wenbo/rt_workspace/rt-thread/components/finsh/msh.c.obj
 *fill*         0x02005466        0x2 ff
 .text.msh_auto_complete
                0x02005468       0xb0 CMakeFiles/rtt_Finsh.dir/home/wenbo/rt_workspace/rt-thread/components/finsh/msh.c.obj
                0x02005468                msh_auto_complete
 .text.msh_get_cmd_opt
                0x02005518       0x84 CMakeFiles/rtt_Finsh.dir/home/wenbo/rt_workspace/rt-thread/components/finsh/msh.c.obj
 .text.msh_get_argc
                0x0200559c       0x5a CMakeFiles/rtt_Finsh.dir/home/wenbo/rt_workspace/rt-thread/components/finsh/msh.c.obj
 *fill*         0x020055f6        0x2 ff
 .text.msh_opt_complete
                0x020055f8       0xac CMakeFiles/rtt_Finsh.dir/home/wenbo/rt_workspace/rt-thread/components/finsh/msh.c.obj
 .text.msh_opt_help
                0x020056a4       0x44 CMakeFiles/rtt_Finsh.dir/home/wenbo/rt_workspace/rt-thread/components/finsh/msh.c.obj
 .text.msh_opt_auto_complete
                0x020056e8       0x98 CMakeFiles/rtt_Finsh.dir/home/wenbo/rt_workspace/rt-thread/components/finsh/msh.c.obj
                0x020056e8                msh_opt_auto_complete
 .text.msh_cmd_opt_id_get
                0x02005780       0x5a CMakeFiles/rtt_Finsh.dir/home/wenbo/rt_workspace/rt-thread/components/finsh/msh.c.obj
                0x02005780                msh_cmd_opt_id_get
 *fill*         0x020057da        0x2 ff
 .text.msh_opt_list_dump
                0x020057dc       0x40 CMakeFiles/rtt_Finsh.dir/home/wenbo/rt_workspace/rt-thread/components/finsh/msh.c.obj
                0x020057dc                msh_opt_list_dump
 .text.msh_isint
                0x0200581c       0x6c CMakeFiles/rtt_Finsh.dir/home/wenbo/rt_workspace/rt-thread/components/finsh/msh_parse.c.obj
                0x0200581c                msh_isint
 .text.rt_list_isempty
                0x02005888       0x24 CMakeFiles/rtt_Finsh.dir/home/wenbo/rt_workspace/rt-thread/components/finsh/cmd.c.obj
 .text.rt_list_len
                0x020058ac       0x36 CMakeFiles/rtt_Finsh.dir/home/wenbo/rt_workspace/rt-thread/components/finsh/cmd.c.obj
 *fill*         0x020058e2        0x2 ff
 .text.clear    0x020058e4       0x14 CMakeFiles/rtt_Finsh.dir/home/wenbo/rt_workspace/rt-thread/components/finsh/cmd.c.obj
 .text.version  0x020058f8        0xe CMakeFiles/rtt_Finsh.dir/home/wenbo/rt_workspace/rt-thread/components/finsh/cmd.c.obj
 *fill*         0x02005906        0x2 ff
 .text.console  0x02005908       0x88 CMakeFiles/rtt_Finsh.dir/home/wenbo/rt_workspace/rt-thread/components/finsh/cmd.c.obj
 .text.object_split
                0x02005990       0x28 CMakeFiles/rtt_Finsh.dir/home/wenbo/rt_workspace/rt-thread/components/finsh/cmd.c.obj
 .text.list_find_init
                0x020059b8       0x46 CMakeFiles/rtt_Finsh.dir/home/wenbo/rt_workspace/rt-thread/components/finsh/cmd.c.obj
 .text.list_get_next
                0x020059fe       0xd8 CMakeFiles/rtt_Finsh.dir/home/wenbo/rt_workspace/rt-thread/components/finsh/cmd.c.obj
 *fill*         0x02005ad6        0x2 ff
 .text.list_thread
                0x02005ad8      0x20c CMakeFiles/rtt_Finsh.dir/home/wenbo/rt_workspace/rt-thread/components/finsh/cmd.c.obj
                0x02005ad8                list_thread
 .text.list_sem
                0x02005ce4      0x13c CMakeFiles/rtt_Finsh.dir/home/wenbo/rt_workspace/rt-thread/components/finsh/cmd.c.obj
                0x02005ce4                list_sem
 .text.list_event
                0x02005e20      0x12c CMakeFiles/rtt_Finsh.dir/home/wenbo/rt_workspace/rt-thread/components/finsh/cmd.c.obj
                0x02005e20                list_event
 .text.list_mutex
                0x02005f4c      0x198 CMakeFiles/rtt_Finsh.dir/home/wenbo/rt_workspace/rt-thread/components/finsh/cmd.c.obj
                0x02005f4c                list_mutex
 .text.list_mailbox
                0x020060e4      0x14c CMakeFiles/rtt_Finsh.dir/home/wenbo/rt_workspace/rt-thread/components/finsh/cmd.c.obj
                0x020060e4                list_mailbox
 .text.list_msgqueue
                0x02006230      0x13c CMakeFiles/rtt_Finsh.dir/home/wenbo/rt_workspace/rt-thread/components/finsh/cmd.c.obj
                0x02006230                list_msgqueue
 .text.list_memheap
                0x0200636c       0xec CMakeFiles/rtt_Finsh.dir/home/wenbo/rt_workspace/rt-thread/components/finsh/cmd.c.obj
                0x0200636c                list_memheap
 .text.list_mempool
                0x02006458      0x154 CMakeFiles/rtt_Finsh.dir/home/wenbo/rt_workspace/rt-thread/components/finsh/cmd.c.obj
                0x02006458                list_mempool
 .text.list_timer
                0x020065ac      0x13c CMakeFiles/rtt_Finsh.dir/home/wenbo/rt_workspace/rt-thread/components/finsh/cmd.c.obj
                0x020065ac                list_timer
 .text.list_device
                0x020066e8      0x114 CMakeFiles/rtt_Finsh.dir/home/wenbo/rt_workspace/rt-thread/components/finsh/cmd.c.obj
                0x020066e8                list_device
 .text.cmd_list
                0x020067fc       0xc0 CMakeFiles/rtt_Finsh.dir/home/wenbo/rt_workspace/rt-thread/components/finsh/cmd.c.obj
 .text.xQueueGiveFromISR
                0x020068bc       0xb0 CMakeFiles/rtt_FreeRTOS.dir/packages/FreeRTOS_Wrapper-latest/FreeRTOS/queue.c.obj
                0x020068bc                xQueueGiveFromISR
 .text.rt_err_to_freertos
                0x0200696c       0x46 CMakeFiles/rtt_FreeRTOS.dir/packages/FreeRTOS_Wrapper-latest/FreeRTOS/portable/rt-thread/port.c.obj
                0x0200696c                rt_err_to_freertos
 *fill*         0x020069b2        0x2 ff
 .text.rt_tick_get
                0x020069b4       0x14 CMakeFiles/rtt_Kernel.dir/home/wenbo/rt_workspace/rt-thread/src/clock.c.obj
                0x020069b4                rt_tick_get
 .text.rt_tick_get_delta
                0x020069c8       0x2c CMakeFiles/rtt_Kernel.dir/home/wenbo/rt_workspace/rt-thread/src/clock.c.obj
                0x020069c8                rt_tick_get_delta
 .text.rt_tick_increase
                0x020069f4       0x4c CMakeFiles/rtt_Kernel.dir/home/wenbo/rt_workspace/rt-thread/src/clock.c.obj
                0x020069f4                rt_tick_increase
 .text.rt_tick_from_millisecond
                0x02006a40       0x28 CMakeFiles/rtt_Kernel.dir/home/wenbo/rt_workspace/rt-thread/src/clock.c.obj
                0x02006a40                rt_tick_from_millisecond
 .text.rti_start
                0x02006a68       0x10 CMakeFiles/rtt_Kernel.dir/home/wenbo/rt_workspace/rt-thread/src/components.c.obj
 .text.rti_board_start
                0x02006a78       0x10 CMakeFiles/rtt_Kernel.dir/home/wenbo/rt_workspace/rt-thread/src/components.c.obj
 .text.rti_board_end
                0x02006a88       0x10 CMakeFiles/rtt_Kernel.dir/home/wenbo/rt_workspace/rt-thread/src/components.c.obj
 .text.rti_end  0x02006a98       0x10 CMakeFiles/rtt_Kernel.dir/home/wenbo/rt_workspace/rt-thread/src/components.c.obj
 .text.rt_components_board_init
                0x02006aa8       0x34 CMakeFiles/rtt_Kernel.dir/home/wenbo/rt_workspace/rt-thread/src/components.c.obj
                0x02006aa8                rt_components_board_init
 .text.rt_components_init
                0x02006adc       0x34 CMakeFiles/rtt_Kernel.dir/home/wenbo/rt_workspace/rt-thread/src/components.c.obj
                0x02006adc                rt_components_init
 .text.entry    0x02006b10        0xe CMakeFiles/rtt_Kernel.dir/home/wenbo/rt_workspace/rt-thread/src/components.c.obj
                0x02006b10                entry
 .text.main_thread_entry
                0x02006b1e       0x18 CMakeFiles/rtt_Kernel.dir/home/wenbo/rt_workspace/rt-thread/src/components.c.obj
 *fill*         0x02006b36        0x2 ff
 .text.rt_application_init
                0x02006b38       0x4c CMakeFiles/rtt_Kernel.dir/home/wenbo/rt_workspace/rt-thread/src/components.c.obj
                0x02006b38                rt_application_init
 .text.rtthread_startup
                0x02006b84       0x32 CMakeFiles/rtt_Kernel.dir/home/wenbo/rt_workspace/rt-thread/src/components.c.obj
                0x02006b84                rtthread_startup
 .text.rt_spin_lock_init
                0x02006bb6       0x14 CMakeFiles/rtt_Kernel.dir/home/wenbo/rt_workspace/rt-thread/src/cpu_up.c.obj
                0x02006bb6                rt_spin_lock_init
 .text.rt_spin_lock
                0x02006bca       0x14 CMakeFiles/rtt_Kernel.dir/home/wenbo/rt_workspace/rt-thread/src/cpu_up.c.obj
                0x02006bca                rt_spin_lock
 .text.rt_spin_unlock
                0x02006bde       0x1a CMakeFiles/rtt_Kernel.dir/home/wenbo/rt_workspace/rt-thread/src/cpu_up.c.obj
                0x02006bde                rt_spin_unlock
 .text.rt_spin_lock_irqsave
                0x02006bf8       0x1c CMakeFiles/rtt_Kernel.dir/home/wenbo/rt_workspace/rt-thread/src/cpu_up.c.obj
                0x02006bf8                rt_spin_lock_irqsave
 .text.rt_spin_unlock_irqrestore
                0x02006c14       0x22 CMakeFiles/rtt_Kernel.dir/home/wenbo/rt_workspace/rt-thread/src/cpu_up.c.obj
                0x02006c14                rt_spin_unlock_irqrestore
 *fill*         0x02006c36        0x2 ff
 .text.rt_cpu_self
                0x02006c38       0x14 CMakeFiles/rtt_Kernel.dir/home/wenbo/rt_workspace/rt-thread/src/cpu_up.c.obj
                0x02006c38                rt_cpu_self
 .text.rt_cpu_index
                0x02006c4c       0x24 CMakeFiles/rtt_Kernel.dir/home/wenbo/rt_workspace/rt-thread/src/cpu_up.c.obj
                0x02006c4c                rt_cpu_index
 .text.rt_list_insert_after
                0x02006c70       0x32 CMakeFiles/rtt_Kernel.dir/home/wenbo/rt_workspace/rt-thread/src/defunct.c.obj
 .text.rt_list_remove
                0x02006ca2       0x36 CMakeFiles/rtt_Kernel.dir/home/wenbo/rt_workspace/rt-thread/src/defunct.c.obj
 .text.rt_list_isempty
                0x02006cd8       0x24 CMakeFiles/rtt_Kernel.dir/home/wenbo/rt_workspace/rt-thread/src/defunct.c.obj
 .text.rt_thread_defunct_enqueue
                0x02006cfc       0x34 CMakeFiles/rtt_Kernel.dir/home/wenbo/rt_workspace/rt-thread/src/defunct.c.obj
                0x02006cfc                rt_thread_defunct_enqueue
 .text.rt_thread_defunct_dequeue
                0x02006d30       0x50 CMakeFiles/rtt_Kernel.dir/home/wenbo/rt_workspace/rt-thread/src/defunct.c.obj
                0x02006d30                rt_thread_defunct_dequeue
 .text.rt_defunct_execute
                0x02006d80       0x5a CMakeFiles/rtt_Kernel.dir/home/wenbo/rt_workspace/rt-thread/src/defunct.c.obj
                0x02006d80                rt_defunct_execute
 *fill*         0x02006dda        0x2 ff
 .text.rt_thread_defunct_init
                0x02006ddc       0x14 CMakeFiles/rtt_Kernel.dir/home/wenbo/rt_workspace/rt-thread/src/defunct.c.obj
                0x02006ddc                rt_thread_defunct_init
 .text.idle_thread_entry
                0x02006df0       0x38 CMakeFiles/rtt_Kernel.dir/home/wenbo/rt_workspace/rt-thread/src/idle.c.obj
 .text.rt_thread_idle_init
                0x02006e28       0xa8 CMakeFiles/rtt_Kernel.dir/home/wenbo/rt_workspace/rt-thread/src/idle.c.obj
                0x02006e28                rt_thread_idle_init
 .text.rt_thread_is_idle_thread
                0x02006ed0       0x4c CMakeFiles/rtt_Kernel.dir/home/wenbo/rt_workspace/rt-thread/src/idle.c.obj
                0x02006ed0                rt_thread_is_idle_thread
 .text.rt_list_init
                0x02006f1c       0x22 CMakeFiles/rtt_Kernel.dir/home/wenbo/rt_workspace/rt-thread/src/ipc.c.obj
 .text.rt_list_insert_after
                0x02006f3e       0x32 CMakeFiles/rtt_Kernel.dir/home/wenbo/rt_workspace/rt-thread/src/ipc.c.obj
 .text.rt_list_insert_before
                0x02006f70       0x32 CMakeFiles/rtt_Kernel.dir/home/wenbo/rt_workspace/rt-thread/src/ipc.c.obj
 .text.rt_list_remove
                0x02006fa2       0x36 CMakeFiles/rtt_Kernel.dir/home/wenbo/rt_workspace/rt-thread/src/ipc.c.obj
 .text.rt_list_isempty
                0x02006fd8       0x24 CMakeFiles/rtt_Kernel.dir/home/wenbo/rt_workspace/rt-thread/src/ipc.c.obj
 .text._ipc_object_init
                0x02006ffc       0x1c CMakeFiles/rtt_Kernel.dir/home/wenbo/rt_workspace/rt-thread/src/ipc.c.obj
 .text.rt_susp_list_dequeue
                0x02007018       0x78 CMakeFiles/rtt_Kernel.dir/home/wenbo/rt_workspace/rt-thread/src/ipc.c.obj
                0x02007018                rt_susp_list_dequeue
 .text.rt_susp_list_resume_all
                0x02007090       0x30 CMakeFiles/rtt_Kernel.dir/home/wenbo/rt_workspace/rt-thread/src/ipc.c.obj
                0x02007090                rt_susp_list_resume_all
 .text.rt_susp_list_enqueue
                0x020070c0       0xa8 CMakeFiles/rtt_Kernel.dir/home/wenbo/rt_workspace/rt-thread/src/ipc.c.obj
                0x020070c0                rt_susp_list_enqueue
 .text.rt_susp_list_print
                0x02007168       0x64 CMakeFiles/rtt_Kernel.dir/home/wenbo/rt_workspace/rt-thread/src/ipc.c.obj
                0x02007168                rt_susp_list_print
 .text._sem_object_init
                0x020071cc       0x46 CMakeFiles/rtt_Kernel.dir/home/wenbo/rt_workspace/rt-thread/src/ipc.c.obj
 *fill*         0x02007212        0x2 ff
 .text.rt_sem_init
                0x02007214       0x84 CMakeFiles/rtt_Kernel.dir/home/wenbo/rt_workspace/rt-thread/src/ipc.c.obj
                0x02007214                rt_sem_init
 .text._rt_sem_take
                0x02007298      0x1ac CMakeFiles/rtt_Kernel.dir/home/wenbo/rt_workspace/rt-thread/src/ipc.c.obj
 .text.rt_sem_take
                0x02007444       0x1e CMakeFiles/rtt_Kernel.dir/home/wenbo/rt_workspace/rt-thread/src/ipc.c.obj
                0x02007444                rt_sem_take
 *fill*         0x02007462        0x2 ff
 .text.rt_sem_release
                0x02007464       0xd4 CMakeFiles/rtt_Kernel.dir/home/wenbo/rt_workspace/rt-thread/src/ipc.c.obj
                0x02007464                rt_sem_release
 .text.rt_sem_control
                0x02007538      0x10c CMakeFiles/rtt_Kernel.dir/home/wenbo/rt_workspace/rt-thread/src/ipc.c.obj
                0x02007538                rt_sem_control
 .text._mutex_update_priority
                0x02007644       0x48 CMakeFiles/rtt_Kernel.dir/home/wenbo/rt_workspace/rt-thread/src/ipc.c.obj
 .text._thread_get_mutex_priority
                0x0200768c       0x68 CMakeFiles/rtt_Kernel.dir/home/wenbo/rt_workspace/rt-thread/src/ipc.c.obj
 .text._thread_update_priority
                0x020076f4       0xd4 CMakeFiles/rtt_Kernel.dir/home/wenbo/rt_workspace/rt-thread/src/ipc.c.obj
 .text._check_and_update_prio
                0x020077c8       0x52 CMakeFiles/rtt_Kernel.dir/home/wenbo/rt_workspace/rt-thread/src/ipc.c.obj
 *fill*         0x0200781a        0x2 ff
 .text.rt_mutex_init
                0x0200781c       0x80 CMakeFiles/rtt_Kernel.dir/home/wenbo/rt_workspace/rt-thread/src/ipc.c.obj
                0x0200781c                rt_mutex_init
 .text.rt_mutex_drop_thread
                0x0200789c      0x168 CMakeFiles/rtt_Kernel.dir/home/wenbo/rt_workspace/rt-thread/src/ipc.c.obj
                0x0200789c                rt_mutex_drop_thread
 .text._rt_mutex_take
                0x02007a04      0x3a4 CMakeFiles/rtt_Kernel.dir/home/wenbo/rt_workspace/rt-thread/src/ipc.c.obj
 .text.rt_mutex_take
                0x02007da8       0x1e CMakeFiles/rtt_Kernel.dir/home/wenbo/rt_workspace/rt-thread/src/ipc.c.obj
                0x02007da8                rt_mutex_take
 *fill*         0x02007dc6        0x2 ff
 .text.rt_mutex_release
                0x02007dc8      0x224 CMakeFiles/rtt_Kernel.dir/home/wenbo/rt_workspace/rt-thread/src/ipc.c.obj
                0x02007dc8                rt_mutex_release
 .text.rt_interrupt_enter
                0x02007fec       0x28 CMakeFiles/rtt_Kernel.dir/home/wenbo/rt_workspace/rt-thread/src/irq.c.obj
                0x02007fec                rt_interrupt_enter
 .text.rt_interrupt_leave
                0x02008014       0x28 CMakeFiles/rtt_Kernel.dir/home/wenbo/rt_workspace/rt-thread/src/irq.c.obj
                0x02008014                rt_interrupt_leave
 .text.rt_interrupt_get_nest
                0x0200803c       0x2c CMakeFiles/rtt_Kernel.dir/home/wenbo/rt_workspace/rt-thread/src/irq.c.obj
                0x0200803c                rt_interrupt_get_nest
 .text.rt_hw_backtrace_frame_get
                0x02008068       0x3c CMakeFiles/rtt_Kernel.dir/home/wenbo/rt_workspace/rt-thread/src/kservice.c.obj
                0x02008068                rt_hw_backtrace_frame_get
 .text.rt_hw_backtrace_frame_unwind
                0x020080a4       0x3c CMakeFiles/rtt_Kernel.dir/home/wenbo/rt_workspace/rt-thread/src/kservice.c.obj
                0x020080a4                rt_hw_backtrace_frame_unwind
 .text.rt_show_version
                0x020080e0       0x4c CMakeFiles/rtt_Kernel.dir/home/wenbo/rt_workspace/rt-thread/src/kservice.c.obj
                0x020080e0                rt_show_version
 .text.rt_console_get_device
                0x0200812c       0x18 CMakeFiles/rtt_Kernel.dir/home/wenbo/rt_workspace/rt-thread/src/kservice.c.obj
                0x0200812c                rt_console_get_device
 .text.rt_console_set_device
                0x02008144       0x4c CMakeFiles/rtt_Kernel.dir/home/wenbo/rt_workspace/rt-thread/src/kservice.c.obj
                0x02008144                rt_console_set_device
 .text.rt_console_output_get_enabled
                0x02008190       0x18 CMakeFiles/rtt_Kernel.dir/home/wenbo/rt_workspace/rt-thread/src/kservice.c.obj
                0x02008190                rt_console_output_get_enabled
 .text.rt_hw_console_output
                0x020081a8       0x14 CMakeFiles/rtt_Kernel.dir/home/wenbo/rt_workspace/rt-thread/src/kservice.c.obj
                0x020081a8                rt_hw_console_output
 .text._kputs   0x020081bc       0x32 CMakeFiles/rtt_Kernel.dir/home/wenbo/rt_workspace/rt-thread/src/kservice.c.obj
 *fill*         0x020081ee        0x2 ff
 .text.rt_kprintf
                0x020081f0       0x58 CMakeFiles/rtt_Kernel.dir/home/wenbo/rt_workspace/rt-thread/src/kservice.c.obj
                0x020081f0                rt_kprintf
 .text.rt_backtrace
                0x02008248       0x44 CMakeFiles/rtt_Kernel.dir/home/wenbo/rt_workspace/rt-thread/src/kservice.c.obj
                0x02008248                rt_backtrace
 .text.rt_backtrace_frame
                0x0200828c       0x5c CMakeFiles/rtt_Kernel.dir/home/wenbo/rt_workspace/rt-thread/src/kservice.c.obj
                0x0200828c                rt_backtrace_frame
 .text.rt_backtrace_thread
                0x020082e8       0x42 CMakeFiles/rtt_Kernel.dir/home/wenbo/rt_workspace/rt-thread/src/kservice.c.obj
                0x020082e8                rt_backtrace_thread
 *fill*         0x0200832a        0x2 ff
 .text.cmd_backtrace
                0x0200832c       0xb4 CMakeFiles/rtt_Kernel.dir/home/wenbo/rt_workspace/rt-thread/src/kservice.c.obj
 .text._heap_lock_init
                0x020083e0       0x1c CMakeFiles/rtt_Kernel.dir/home/wenbo/rt_workspace/rt-thread/src/kservice.c.obj
 .text._heap_lock
                0x020083fc       0x28 CMakeFiles/rtt_Kernel.dir/home/wenbo/rt_workspace/rt-thread/src/kservice.c.obj
 .text._heap_unlock
                0x02008424       0x40 CMakeFiles/rtt_Kernel.dir/home/wenbo/rt_workspace/rt-thread/src/kservice.c.obj
 .text.rt_system_heap_init_generic
                0x02008464       0x64 CMakeFiles/rtt_Kernel.dir/home/wenbo/rt_workspace/rt-thread/src/kservice.c.obj
                0x02008464                rt_system_heap_init_generic
 .text.rt_system_heap_init
                0x020084c8       0x1a CMakeFiles/rtt_Kernel.dir/home/wenbo/rt_workspace/rt-thread/src/kservice.c.obj
                0x020084c8                rt_system_heap_init
 *fill*         0x020084e2        0x2 ff
 .text.rt_malloc
                0x020084e4       0x48 CMakeFiles/rtt_Kernel.dir/home/wenbo/rt_workspace/rt-thread/src/kservice.c.obj
                0x020084e4                rt_malloc
 .text.rt_calloc
                0x0200852c       0x3c CMakeFiles/rtt_Kernel.dir/home/wenbo/rt_workspace/rt-thread/src/kservice.c.obj
                0x0200852c                rt_calloc
 .text.rt_free  0x02008568       0x44 CMakeFiles/rtt_Kernel.dir/home/wenbo/rt_workspace/rt-thread/src/kservice.c.obj
                0x02008568                rt_free
 .text.rt_assert_handler
                0x020085ac       0x50 CMakeFiles/rtt_Kernel.dir/home/wenbo/rt_workspace/rt-thread/src/kservice.c.obj
                0x020085ac                rt_assert_handler
 .text.rt_memheap_init
                0x020085fc      0x148 CMakeFiles/rtt_Kernel.dir/home/wenbo/rt_workspace/rt-thread/src/memheap.c.obj
                0x020085fc                rt_memheap_init
 .text.rt_memheap_alloc
                0x02008744      0x20c CMakeFiles/rtt_Kernel.dir/home/wenbo/rt_workspace/rt-thread/src/memheap.c.obj
                0x02008744                rt_memheap_alloc
 .text.rt_memheap_free
                0x02008950      0x1c0 CMakeFiles/rtt_Kernel.dir/home/wenbo/rt_workspace/rt-thread/src/memheap.c.obj
                0x02008950                rt_memheap_free
 .text._memheap_alloc
                0x02008b10       0x88 CMakeFiles/rtt_Kernel.dir/home/wenbo/rt_workspace/rt-thread/src/memheap.c.obj
                0x02008b10                _memheap_alloc
 .text._memheap_free
                0x02008b98       0x16 CMakeFiles/rtt_Kernel.dir/home/wenbo/rt_workspace/rt-thread/src/memheap.c.obj
                0x02008b98                _memheap_free
 .text.rt_list_insert_after
                0x02008bae       0x32 CMakeFiles/rtt_Kernel.dir/home/wenbo/rt_workspace/rt-thread/src/object.c.obj
 .text.rt_list_remove
                0x02008be0       0x36 CMakeFiles/rtt_Kernel.dir/home/wenbo/rt_workspace/rt-thread/src/object.c.obj
 *fill*         0x02008c16        0x2 ff
 .text.rt_object_get_information
                0x02008c18       0x5c CMakeFiles/rtt_Kernel.dir/home/wenbo/rt_workspace/rt-thread/src/object.c.obj
                0x02008c18                rt_object_get_information
 .text.rt_object_init
                0x02008c74      0x124 CMakeFiles/rtt_Kernel.dir/home/wenbo/rt_workspace/rt-thread/src/object.c.obj
                0x02008c74                rt_object_init
 .text.rt_object_detach
                0x02008d98       0x88 CMakeFiles/rtt_Kernel.dir/home/wenbo/rt_workspace/rt-thread/src/object.c.obj
                0x02008d98                rt_object_detach
 .text.rt_object_allocate
                0x02008e20      0x11c CMakeFiles/rtt_Kernel.dir/home/wenbo/rt_workspace/rt-thread/src/object.c.obj
                0x02008e20                rt_object_allocate
 .text.rt_object_delete
                0x02008f3c       0xa8 CMakeFiles/rtt_Kernel.dir/home/wenbo/rt_workspace/rt-thread/src/object.c.obj
                0x02008f3c                rt_object_delete
 .text.rt_object_is_systemobject
                0x02008fe4       0x3c CMakeFiles/rtt_Kernel.dir/home/wenbo/rt_workspace/rt-thread/src/object.c.obj
                0x02008fe4                rt_object_is_systemobject
 .text.rt_object_get_type
                0x02009020       0x34 CMakeFiles/rtt_Kernel.dir/home/wenbo/rt_workspace/rt-thread/src/object.c.obj
                0x02009020                rt_object_get_type
 .text.rt_object_for_each
                0x02009054       0xc0 CMakeFiles/rtt_Kernel.dir/home/wenbo/rt_workspace/rt-thread/src/object.c.obj
                0x02009054                rt_object_for_each
 .text._match_name
                0x02009114       0x4e CMakeFiles/rtt_Kernel.dir/home/wenbo/rt_workspace/rt-thread/src/object.c.obj
 *fill*         0x02009162        0x2 ff
 .text.rt_object_find
                0x02009164       0x74 CMakeFiles/rtt_Kernel.dir/home/wenbo/rt_workspace/rt-thread/src/object.c.obj
                0x02009164                rt_object_find
 .text.rt_list_remove
                0x020091d8       0x36 CMakeFiles/rtt_Kernel.dir/home/wenbo/rt_workspace/rt-thread/src/scheduler_comm.c.obj
 .text.rt_sched_thread_init_ctx
                0x0200920e       0x2a CMakeFiles/rtt_Kernel.dir/home/wenbo/rt_workspace/rt-thread/src/scheduler_comm.c.obj
                0x0200920e                rt_sched_thread_init_ctx
 .text.rt_sched_thread_timer_start
                0x02009238       0x24 CMakeFiles/rtt_Kernel.dir/home/wenbo/rt_workspace/rt-thread/src/scheduler_comm.c.obj
                0x02009238                rt_sched_thread_timer_start
 .text.rt_sched_thread_timer_stop
                0x0200925c       0x42 CMakeFiles/rtt_Kernel.dir/home/wenbo/rt_workspace/rt-thread/src/scheduler_comm.c.obj
                0x0200925c                rt_sched_thread_timer_stop
 .text.rt_sched_thread_get_stat
                0x0200929e       0x20 CMakeFiles/rtt_Kernel.dir/home/wenbo/rt_workspace/rt-thread/src/scheduler_comm.c.obj
                0x0200929e                rt_sched_thread_get_stat
 .text.rt_sched_thread_get_curr_prio
                0x020092be       0x1a CMakeFiles/rtt_Kernel.dir/home/wenbo/rt_workspace/rt-thread/src/scheduler_comm.c.obj
                0x020092be                rt_sched_thread_get_curr_prio
 .text.rt_sched_thread_get_init_prio
                0x020092d8       0x1a CMakeFiles/rtt_Kernel.dir/home/wenbo/rt_workspace/rt-thread/src/scheduler_comm.c.obj
                0x020092d8                rt_sched_thread_get_init_prio
 .text.rt_sched_thread_is_suspended
                0x020092f2       0x28 CMakeFiles/rtt_Kernel.dir/home/wenbo/rt_workspace/rt-thread/src/scheduler_comm.c.obj
                0x020092f2                rt_sched_thread_is_suspended
 .text.rt_sched_thread_close
                0x0200931a       0x1e CMakeFiles/rtt_Kernel.dir/home/wenbo/rt_workspace/rt-thread/src/scheduler_comm.c.obj
                0x0200931a                rt_sched_thread_close
 .text.rt_sched_thread_yield
                0x02009338       0x30 CMakeFiles/rtt_Kernel.dir/home/wenbo/rt_workspace/rt-thread/src/scheduler_comm.c.obj
                0x02009338                rt_sched_thread_yield
 .text.rt_sched_thread_ready
                0x02009368       0x5a CMakeFiles/rtt_Kernel.dir/home/wenbo/rt_workspace/rt-thread/src/scheduler_comm.c.obj
                0x02009368                rt_sched_thread_ready
 .text.rt_sched_tick_increase
                0x020093c2       0x60 CMakeFiles/rtt_Kernel.dir/home/wenbo/rt_workspace/rt-thread/src/scheduler_comm.c.obj
                0x020093c2                rt_sched_tick_increase
 *fill*         0x02009422        0x2 ff
 .text._rt_sched_update_priority
                0x02009424       0xa8 CMakeFiles/rtt_Kernel.dir/home/wenbo/rt_workspace/rt-thread/src/scheduler_comm.c.obj
 .text.rt_sched_thread_change_priority
                0x020094cc       0x22 CMakeFiles/rtt_Kernel.dir/home/wenbo/rt_workspace/rt-thread/src/scheduler_comm.c.obj
                0x020094cc                rt_sched_thread_change_priority
 *fill*         0x020094ee        0x2 ff
 .text.rt_scheduler_stack_check
                0x020094f0       0xdc CMakeFiles/rtt_Kernel.dir/home/wenbo/rt_workspace/rt-thread/src/scheduler_comm.c.obj
                0x020094f0                rt_scheduler_stack_check
 .text.rt_list_init
                0x020095cc       0x22 CMakeFiles/rtt_Kernel.dir/home/wenbo/rt_workspace/rt-thread/src/scheduler_up.c.obj
 .text.rt_list_insert_after
                0x020095ee       0x32 CMakeFiles/rtt_Kernel.dir/home/wenbo/rt_workspace/rt-thread/src/scheduler_up.c.obj
 .text.rt_list_insert_before
                0x02009620       0x32 CMakeFiles/rtt_Kernel.dir/home/wenbo/rt_workspace/rt-thread/src/scheduler_up.c.obj
 .text.rt_list_remove
                0x02009652       0x36 CMakeFiles/rtt_Kernel.dir/home/wenbo/rt_workspace/rt-thread/src/scheduler_up.c.obj
 .text.rt_list_isempty
                0x02009688       0x24 CMakeFiles/rtt_Kernel.dir/home/wenbo/rt_workspace/rt-thread/src/scheduler_up.c.obj
 .text._scheduler_get_highest_priority_thread
                0x020096ac       0x3c CMakeFiles/rtt_Kernel.dir/home/wenbo/rt_workspace/rt-thread/src/scheduler_up.c.obj
 .text.rt_sched_lock
                0x020096e8       0x2a CMakeFiles/rtt_Kernel.dir/home/wenbo/rt_workspace/rt-thread/src/scheduler_up.c.obj
                0x020096e8                rt_sched_lock
 .text.rt_sched_unlock
                0x02009712       0x1a CMakeFiles/rtt_Kernel.dir/home/wenbo/rt_workspace/rt-thread/src/scheduler_up.c.obj
                0x02009712                rt_sched_unlock
 .text.rt_sched_unlock_n_resched
                0x0200972c       0x28 CMakeFiles/rtt_Kernel.dir/home/wenbo/rt_workspace/rt-thread/src/scheduler_up.c.obj
                0x0200972c                rt_sched_unlock_n_resched
 .text.rt_system_scheduler_init
                0x02009754       0x48 CMakeFiles/rtt_Kernel.dir/home/wenbo/rt_workspace/rt-thread/src/scheduler_up.c.obj
                0x02009754                rt_system_scheduler_init
 .text.rt_system_scheduler_start
                0x0200979c       0x44 CMakeFiles/rtt_Kernel.dir/home/wenbo/rt_workspace/rt-thread/src/scheduler_up.c.obj
                0x0200979c                rt_system_scheduler_start
 .text.rt_schedule
                0x020097e0      0x1a0 CMakeFiles/rtt_Kernel.dir/home/wenbo/rt_workspace/rt-thread/src/scheduler_up.c.obj
                0x020097e0                rt_schedule
 .text.rt_sched_thread_startup
                0x02009980       0x2e CMakeFiles/rtt_Kernel.dir/home/wenbo/rt_workspace/rt-thread/src/scheduler_up.c.obj
                0x02009980                rt_sched_thread_startup
 *fill*         0x020099ae        0x2 ff
 .text.rt_sched_thread_init_priv
                0x020099b0       0x5c CMakeFiles/rtt_Kernel.dir/home/wenbo/rt_workspace/rt-thread/src/scheduler_up.c.obj
                0x020099b0                rt_sched_thread_init_priv
 .text.rt_sched_insert_thread
                0x02009a0c       0xd4 CMakeFiles/rtt_Kernel.dir/home/wenbo/rt_workspace/rt-thread/src/scheduler_up.c.obj
                0x02009a0c                rt_sched_insert_thread
 .text.rt_sched_remove_thread
                0x02009ae0       0x70 CMakeFiles/rtt_Kernel.dir/home/wenbo/rt_workspace/rt-thread/src/scheduler_up.c.obj
                0x02009ae0                rt_sched_remove_thread
 .text.rt_exit_critical_safe
                0x02009b50       0x14 CMakeFiles/rtt_Kernel.dir/home/wenbo/rt_workspace/rt-thread/src/scheduler_up.c.obj
                0x02009b50                rt_exit_critical_safe
 .text.rt_enter_critical
                0x02009b64       0x24 CMakeFiles/rtt_Kernel.dir/home/wenbo/rt_workspace/rt-thread/src/scheduler_up.c.obj
                0x02009b64                rt_enter_critical
 .text.rt_exit_critical
                0x02009b88       0x58 CMakeFiles/rtt_Kernel.dir/home/wenbo/rt_workspace/rt-thread/src/scheduler_up.c.obj
                0x02009b88                rt_exit_critical
 .text.rt_critical_level
                0x02009be0       0x18 CMakeFiles/rtt_Kernel.dir/home/wenbo/rt_workspace/rt-thread/src/scheduler_up.c.obj
                0x02009be0                rt_critical_level
 .text.rt_list_init
                0x02009bf8       0x22 CMakeFiles/rtt_Kernel.dir/home/wenbo/rt_workspace/rt-thread/src/thread.c.obj
 .text.rt_list_remove
                0x02009c1a       0x36 CMakeFiles/rtt_Kernel.dir/home/wenbo/rt_workspace/rt-thread/src/thread.c.obj
 .text._thread_detach_from_mutex
                0x02009c50       0x94 CMakeFiles/rtt_Kernel.dir/home/wenbo/rt_workspace/rt-thread/src/thread.c.obj
 .text._thread_exit
                0x02009ce4       0x36 CMakeFiles/rtt_Kernel.dir/home/wenbo/rt_workspace/rt-thread/src/thread.c.obj
 *fill*         0x02009d1a        0x2 ff
 .text._thread_timeout
                0x02009d1c       0x8c CMakeFiles/rtt_Kernel.dir/home/wenbo/rt_workspace/rt-thread/src/thread.c.obj
 .text._thread_init
                0x02009da8       0xd0 CMakeFiles/rtt_Kernel.dir/home/wenbo/rt_workspace/rt-thread/src/thread.c.obj
 .text.rt_thread_init
                0x02009e78       0x90 CMakeFiles/rtt_Kernel.dir/home/wenbo/rt_workspace/rt-thread/src/thread.c.obj
                0x02009e78                rt_thread_init
 .text.rt_thread_self
                0x02009f08       0x10 CMakeFiles/rtt_Kernel.dir/home/wenbo/rt_workspace/rt-thread/src/thread.c.obj
                0x02009f08                rt_thread_self
 .text.rt_thread_startup
                0x02009f18       0x74 CMakeFiles/rtt_Kernel.dir/home/wenbo/rt_workspace/rt-thread/src/thread.c.obj
                0x02009f18                rt_thread_startup
 .text.rt_thread_close
                0x02009f8c       0x7c CMakeFiles/rtt_Kernel.dir/home/wenbo/rt_workspace/rt-thread/src/thread.c.obj
                0x02009f8c                rt_thread_close
 .text.rt_thread_create
                0x0200a008       0x7c CMakeFiles/rtt_Kernel.dir/home/wenbo/rt_workspace/rt-thread/src/thread.c.obj
                0x0200a008                rt_thread_create
 .text.rt_thread_yield
                0x0200a084       0x2c CMakeFiles/rtt_Kernel.dir/home/wenbo/rt_workspace/rt-thread/src/thread.c.obj
                0x0200a084                rt_thread_yield
 .text._thread_sleep
                0x0200a0b0      0x124 CMakeFiles/rtt_Kernel.dir/home/wenbo/rt_workspace/rt-thread/src/thread.c.obj
 .text.rt_thread_mdelay
                0x0200a1d4       0x20 CMakeFiles/rtt_Kernel.dir/home/wenbo/rt_workspace/rt-thread/src/thread.c.obj
                0x0200a1d4                rt_thread_mdelay
 .text._thread_get_suspend_state
                0x0200a1f4       0x2c CMakeFiles/rtt_Kernel.dir/home/wenbo/rt_workspace/rt-thread/src/thread.c.obj
 .text._thread_set_suspend_state
                0x0200a220       0x54 CMakeFiles/rtt_Kernel.dir/home/wenbo/rt_workspace/rt-thread/src/thread.c.obj
 .text.rt_thread_suspend_to_list
                0x0200a274      0x164 CMakeFiles/rtt_Kernel.dir/home/wenbo/rt_workspace/rt-thread/src/thread.c.obj
                0x0200a274                rt_thread_suspend_to_list
 .text.rt_thread_suspend_with_flag
                0x0200a3d8       0x20 CMakeFiles/rtt_Kernel.dir/home/wenbo/rt_workspace/rt-thread/src/thread.c.obj
                0x0200a3d8                rt_thread_suspend_with_flag
 .text.rt_thread_resume
                0x0200a3f8       0x94 CMakeFiles/rtt_Kernel.dir/home/wenbo/rt_workspace/rt-thread/src/thread.c.obj
                0x0200a3f8                rt_thread_resume
 .text.rt_list_init
                0x0200a48c       0x22 CMakeFiles/rtt_Kernel.dir/home/wenbo/rt_workspace/rt-thread/src/timer.c.obj
 .text.rt_list_insert_after
                0x0200a4ae       0x32 CMakeFiles/rtt_Kernel.dir/home/wenbo/rt_workspace/rt-thread/src/timer.c.obj
 .text.rt_list_remove
                0x0200a4e0       0x36 CMakeFiles/rtt_Kernel.dir/home/wenbo/rt_workspace/rt-thread/src/timer.c.obj
 .text.rt_list_isempty
                0x0200a516       0x24 CMakeFiles/rtt_Kernel.dir/home/wenbo/rt_workspace/rt-thread/src/timer.c.obj
 *fill*         0x0200a53a        0x2 ff
 .text._timerlock_idx
                0x0200a53c       0x30 CMakeFiles/rtt_Kernel.dir/home/wenbo/rt_workspace/rt-thread/src/timer.c.obj
 .text._timer_init
                0x0200a56c       0x68 CMakeFiles/rtt_Kernel.dir/home/wenbo/rt_workspace/rt-thread/src/timer.c.obj
 .text._timer_list_next_timeout
                0x0200a5d4       0x36 CMakeFiles/rtt_Kernel.dir/home/wenbo/rt_workspace/rt-thread/src/timer.c.obj
 .text._timer_remove
                0x0200a60a       0x34 CMakeFiles/rtt_Kernel.dir/home/wenbo/rt_workspace/rt-thread/src/timer.c.obj
 *fill*         0x0200a63e        0x2 ff
 .text.rt_timer_init
                0x0200a640       0x7c CMakeFiles/rtt_Kernel.dir/home/wenbo/rt_workspace/rt-thread/src/timer.c.obj
                0x0200a640                rt_timer_init
 .text.rt_timer_detach
                0x0200a6bc       0x9c CMakeFiles/rtt_Kernel.dir/home/wenbo/rt_workspace/rt-thread/src/timer.c.obj
                0x0200a6bc                rt_timer_detach
 .text._timer_start
                0x0200a758      0x178 CMakeFiles/rtt_Kernel.dir/home/wenbo/rt_workspace/rt-thread/src/timer.c.obj
 .text._timer_check
                0x0200a8d0      0x124 CMakeFiles/rtt_Kernel.dir/home/wenbo/rt_workspace/rt-thread/src/timer.c.obj
 .text.rt_timer_start
                0x0200a9f4       0xe8 CMakeFiles/rtt_Kernel.dir/home/wenbo/rt_workspace/rt-thread/src/timer.c.obj
                0x0200a9f4                rt_timer_start
 .text.rt_timer_stop
                0x0200aadc       0xa8 CMakeFiles/rtt_Kernel.dir/home/wenbo/rt_workspace/rt-thread/src/timer.c.obj
                0x0200aadc                rt_timer_stop
 .text.rt_timer_control
                0x0200ab84      0x158 CMakeFiles/rtt_Kernel.dir/home/wenbo/rt_workspace/rt-thread/src/timer.c.obj
                0x0200ab84                rt_timer_control
 .text.rt_timer_check
                0x0200acdc       0x6c CMakeFiles/rtt_Kernel.dir/home/wenbo/rt_workspace/rt-thread/src/timer.c.obj
                0x0200acdc                rt_timer_check
 .text._timer_thread_entry
                0x0200ad48       0x2c CMakeFiles/rtt_Kernel.dir/home/wenbo/rt_workspace/rt-thread/src/timer.c.obj
 .text.rt_system_timer_init
                0x0200ad74       0x3c CMakeFiles/rtt_Kernel.dir/home/wenbo/rt_workspace/rt-thread/src/timer.c.obj
                0x0200ad74                rt_system_timer_init
 .text.rt_system_timer_thread_init
                0x0200adb0       0x90 CMakeFiles/rtt_Kernel.dir/home/wenbo/rt_workspace/rt-thread/src/timer.c.obj
                0x0200adb0                rt_system_timer_thread_init
 .text.__errno  0x0200ae40        0xe CMakeFiles/rtt_Libc.dir/home/wenbo/rt_workspace/rt-thread/components/libc/compilers/newlib/syscalls.c.obj
                0x0200ae40                __errno
 *fill*         0x0200ae4e        0x2 ff
 .text.rt_strerror
                0x0200ae50       0x5c CMakeFiles/rtt_Libc.dir/home/wenbo/rt_workspace/rt-thread/src/klibc/kerrno.c.obj
                0x0200ae50                rt_strerror
 .text.rt_set_errno
                0x0200aeac       0x44 CMakeFiles/rtt_Libc.dir/home/wenbo/rt_workspace/rt-thread/src/klibc/kerrno.c.obj
                0x0200aeac                rt_set_errno
 .text._rt_errno
                0x0200aef0       0x38 CMakeFiles/rtt_Libc.dir/home/wenbo/rt_workspace/rt-thread/src/klibc/kerrno.c.obj
                0x0200aef0                _rt_errno
 .text.rt_snprintf
                0x0200af28       0x34 CMakeFiles/rtt_Libc.dir/home/wenbo/rt_workspace/rt-thread/src/klibc/kstdio.c.obj
                0x0200af28                rt_snprintf
 .text.rt_memset
                0x0200af5c       0xc8 CMakeFiles/rtt_Libc.dir/home/wenbo/rt_workspace/rt-thread/src/klibc/kstring.c.obj
                0x0200af5c                rt_memset
 .text.rt_memcpy
                0x0200b024       0xda CMakeFiles/rtt_Libc.dir/home/wenbo/rt_workspace/rt-thread/src/klibc/kstring.c.obj
                0x0200b024                rt_memcpy
 .text.rt_memmove
                0x0200b0fe       0x82 CMakeFiles/rtt_Libc.dir/home/wenbo/rt_workspace/rt-thread/src/klibc/kstring.c.obj
                0x0200b0fe                rt_memmove
 .text.rt_memcmp
                0x0200b180       0x60 CMakeFiles/rtt_Libc.dir/home/wenbo/rt_workspace/rt-thread/src/klibc/kstring.c.obj
                0x0200b180                rt_memcmp
 .text.rt_strncpy
                0x0200b1e0       0x64 CMakeFiles/rtt_Libc.dir/home/wenbo/rt_workspace/rt-thread/src/klibc/kstring.c.obj
                0x0200b1e0                rt_strncpy
 .text.rt_strcpy
                0x0200b244       0x40 CMakeFiles/rtt_Libc.dir/home/wenbo/rt_workspace/rt-thread/src/klibc/kstring.c.obj
                0x0200b244                rt_strcpy
 .text.rt_strncmp
                0x0200b284       0x54 CMakeFiles/rtt_Libc.dir/home/wenbo/rt_workspace/rt-thread/src/klibc/kstring.c.obj
                0x0200b284                rt_strncmp
 .text.rt_strcmp
                0x0200b2d8       0x44 CMakeFiles/rtt_Libc.dir/home/wenbo/rt_workspace/rt-thread/src/klibc/kstring.c.obj
                0x0200b2d8                rt_strcmp
 .text.rt_strlen
                0x0200b31c       0x32 CMakeFiles/rtt_Libc.dir/home/wenbo/rt_workspace/rt-thread/src/klibc/kstring.c.obj
                0x0200b31c                rt_strlen
 .text.divide   0x0200b34e       0x38 CMakeFiles/rtt_Libc.dir/home/wenbo/rt_workspace/rt-thread/src/klibc/rt_vsnprintf_tiny.c.obj
 .text.skip_atoi
                0x0200b386       0x46 CMakeFiles/rtt_Libc.dir/home/wenbo/rt_workspace/rt-thread/src/klibc/rt_vsnprintf_tiny.c.obj
 .text.print_number
                0x0200b3cc      0x338 CMakeFiles/rtt_Libc.dir/home/wenbo/rt_workspace/rt-thread/src/klibc/rt_vsnprintf_tiny.c.obj
 .text.rt_vsnprintf
                0x0200b704      0x628 CMakeFiles/rtt_Libc.dir/home/wenbo/rt_workspace/rt-thread/src/klibc/rt_vsnprintf_tiny.c.obj
                0x0200b704                rt_vsnprintf
 .text.R_BSP_FlashCacheEnable
                0x0200bd2c       0x28 CMakeFiles/rtt_ra.dir/ra/fsp/src/bsp/mcu/all/bsp_clocks.c.obj
 .text.SystemCoreClockUpdate
                0x0200bd54       0xa4 CMakeFiles/rtt_ra.dir/ra/fsp/src/bsp/mcu/all/bsp_clocks.c.obj
                0x0200bd54                SystemCoreClockUpdate
 .text.bsp_prv_clock_set_hard_reset
                0x0200bdf8       0x64 CMakeFiles/rtt_ra.dir/ra/fsp/src/bsp/mcu/all/bsp_clocks.c.obj
 .text.bsp_clock_freq_var_init
                0x0200be5c       0x58 CMakeFiles/rtt_ra.dir/ra/fsp/src/bsp/mcu/all/bsp_clocks.c.obj
 .text.bsp_clock_init
                0x0200beb4      0x108 CMakeFiles/rtt_ra.dir/ra/fsp/src/bsp/mcu/all/bsp_clocks.c.obj
                0x0200beb4                bsp_clock_init
 .text.R_BSP_SubClockStabilizeWaitAfterReset
                0x0200bfbc       0x14 CMakeFiles/rtt_ra.dir/ra/fsp/src/bsp/mcu/all/bsp_clocks.c.obj
                0x0200bfbc                R_BSP_SubClockStabilizeWaitAfterReset
 .text.bsp_peripheral_clock_set
                0x0200bfd0       0x7e CMakeFiles/rtt_ra.dir/ra/fsp/src/bsp/mcu/all/bsp_clocks.c.obj
 *fill*         0x0200c04e        0x2 ff
 .text.bsp_sosc_init
                0x0200c050       0x6c CMakeFiles/rtt_ra.dir/ra/fsp/src/bsp/mcu/all/bsp_clocks.c.obj
 .text.R_BSP_Init_RTC
                0x0200c0bc       0xbc CMakeFiles/rtt_ra.dir/ra/fsp/src/bsp/mcu/all/bsp_clocks.c.obj
                0x0200c0bc                R_BSP_Init_RTC
 .text.bsp_init_internal
                0x0200c178       0x14 CMakeFiles/rtt_ra.dir/ra/fsp/src/bsp/mcu/all/bsp_common.c.obj
                0x0200c178                bsp_init
                0x0200c178                bsp_init_internal
 .text.R_BSP_SoftwareDelay
                0x0200c18c       0xf8 CMakeFiles/rtt_ra.dir/ra/fsp/src/bsp/mcu/all/bsp_delay.c.obj
                0x0200c18c                R_BSP_SoftwareDelay
 *fill*         0x0200c284        0x4 ff
 .text.bsp_prv_software_delay_loop
                0x0200c288        0xc CMakeFiles/rtt_ra.dir/ra/fsp/src/bsp/mcu/all/bsp_delay.c.obj
                0x0200c288                bsp_prv_software_delay_loop
 .text.bsp_group_irq_call
                0x0200c294       0x30 CMakeFiles/rtt_ra.dir/ra/fsp/src/bsp/mcu/all/bsp_group_irq.c.obj
 .text.NMI_Handler
                0x0200c2c4       0x80 CMakeFiles/rtt_ra.dir/ra/fsp/src/bsp/mcu/all/bsp_group_irq.c.obj
                0x0200c2c4                NMI_Handler
 .text.bsp_irq_cfg
                0x0200c344       0x50 CMakeFiles/rtt_ra.dir/ra/fsp/src/bsp/mcu/all/bsp_irq.c.obj
                0x0200c344                bsp_irq_cfg
 .text.R_BSP_RegisterProtectEnable
                0x0200c394       0xa0 CMakeFiles/rtt_ra.dir/ra/fsp/src/bsp/mcu/all/bsp_register_protection.c.obj
                0x0200c394                R_BSP_RegisterProtectEnable
 .text.R_BSP_RegisterProtectDisable
                0x0200c434       0x90 CMakeFiles/rtt_ra.dir/ra/fsp/src/bsp/mcu/all/bsp_register_protection.c.obj
                0x0200c434                R_BSP_RegisterProtectDisable
 .text.ARM_MPU_Enable
                0x0200c4c4       0x44 CMakeFiles/rtt_ra.dir/ra/fsp/src/bsp/cmsis/Device/RENESAS/Source/system.c.obj
 .text.ARM_MPU_SetMemAttrEx
                0x0200c508       0x6a CMakeFiles/rtt_ra.dir/ra/fsp/src/bsp/cmsis/Device/RENESAS/Source/system.c.obj
 *fill*         0x0200c572        0x2 ff
 .text.ARM_MPU_SetMemAttr
                0x0200c574       0x28 CMakeFiles/rtt_ra.dir/ra/fsp/src/bsp/cmsis/Device/RENESAS/Source/system.c.obj
 .text.ARM_MPU_SetRegionEx
                0x0200c59c       0x2c CMakeFiles/rtt_ra.dir/ra/fsp/src/bsp/cmsis/Device/RENESAS/Source/system.c.obj
 .text.ARM_MPU_SetRegion
                0x0200c5c8       0x24 CMakeFiles/rtt_ra.dir/ra/fsp/src/bsp/cmsis/Device/RENESAS/Source/system.c.obj
 .text.SystemInit
                0x0200c5ec      0x20c CMakeFiles/rtt_ra.dir/ra/fsp/src/bsp/cmsis/Device/RENESAS/Source/system.c.obj
                0x0200c5ec                SystemInit
 .text.memcpy_64
                0x0200c7f8       0x34 CMakeFiles/rtt_ra.dir/ra/fsp/src/bsp/cmsis/Device/RENESAS/Source/system.c.obj
 *fill*         0x0200c82c        0x4 ff
 .text.memset_64
                0x0200c830       0x2c CMakeFiles/rtt_ra.dir/ra/fsp/src/bsp/cmsis/Device/RENESAS/Source/system.c.obj
 .text.bsp_init_itcm
                0x0200c85c       0x38 CMakeFiles/rtt_ra.dir/ra/fsp/src/bsp/cmsis/Device/RENESAS/Source/system.c.obj
 .text.bsp_init_dtcm
                0x0200c894       0x60 CMakeFiles/rtt_ra.dir/ra/fsp/src/bsp/cmsis/Device/RENESAS/Source/system.c.obj
 .text.bsp_init_mpu
                0x0200c8f4      0x10c CMakeFiles/rtt_ra.dir/ra/fsp/src/bsp/cmsis/Device/RENESAS/Source/system.c.obj
 .text.Reset_Handler
                0x0200ca00       0x10 CMakeFiles/rtt_ra.dir/ra/fsp/src/bsp/cmsis/Device/RENESAS/Source/startup.c.obj
                0x0200ca00                Reset_Handler
 .text.Default_Handler
                0x0200ca10       0x10 CMakeFiles/rtt_ra.dir/ra/fsp/src/bsp/cmsis/Device/RENESAS/Source/startup.c.obj
                0x0200ca10                DebugMon_Handler
                0x0200ca10                UsageFault_Handler
                0x0200ca10                SecureFault_Handler
                0x0200ca10                Default_Handler
                0x0200ca10                MemManage_Handler
                0x0200ca10                SVC_Handler
                0x0200ca10                BusFault_Handler
 .text.R_FSP_CurrentIrqGet
                0x0200ca20       0x2c CMakeFiles/rtt_ra.dir/ra/fsp/src/r_ceu/r_ceu.c.obj
 .text.R_BSP_IrqStatusClear
                0x0200ca4c       0x40 CMakeFiles/rtt_ra.dir/ra/fsp/src/r_ceu/r_ceu.c.obj
 .text.R_FSP_IsrContextGet
                0x0200ca8c       0x24 CMakeFiles/rtt_ra.dir/ra/fsp/src/r_ceu/r_ceu.c.obj
 .text.ceu_call_callback
                0x0200cab0       0x5c CMakeFiles/rtt_ra.dir/ra/fsp/src/r_ceu/r_ceu.c.obj
 .text.ceu_isr  0x0200cb0c       0x68 CMakeFiles/rtt_ra.dir/ra/fsp/src/r_ceu/r_ceu.c.obj
                0x0200cb0c                ceu_isr
 .text.R_FSP_CurrentIrqGet
                0x0200cb74       0x2c CMakeFiles/rtt_ra.dir/ra/fsp/src/r_drw/r_drw_irq.c.obj
 .text.R_BSP_IrqStatusClear
                0x0200cba0       0x40 CMakeFiles/rtt_ra.dir/ra/fsp/src/r_drw/r_drw_irq.c.obj
 .text.R_FSP_IsrContextGet
                0x0200cbe0       0x24 CMakeFiles/rtt_ra.dir/ra/fsp/src/r_drw/r_drw_irq.c.obj
 .text.drw_int_isr
                0x0200cc04       0x8c CMakeFiles/rtt_ra.dir/ra/fsp/src/r_drw/r_drw_irq.c.obj
                0x0200cc04                drw_int_isr
 .text.R_FSP_CurrentIrqGet
                0x0200cc90       0x2c CMakeFiles/rtt_ra.dir/ra/fsp/src/r_glcdc/r_glcdc.c.obj
 .text.R_BSP_IrqStatusClear
                0x0200ccbc       0x40 CMakeFiles/rtt_ra.dir/ra/fsp/src/r_glcdc/r_glcdc.c.obj
 .text.glcdc_line_detect_isr
                0x0200ccfc       0x90 CMakeFiles/rtt_ra.dir/ra/fsp/src/r_glcdc/r_glcdc.c.obj
                0x0200ccfc                glcdc_line_detect_isr
 .text.R_BSP_PinRead
                0x0200cd8c       0x38 CMakeFiles/rtt_ra.dir/ra/fsp/src/r_ioport/r_ioport.c.obj
 .text.R_BSP_PinAccessEnable
                0x0200cdc4       0x60 CMakeFiles/rtt_ra.dir/ra/fsp/src/r_ioport/r_ioport.c.obj
 .text.R_BSP_PinAccessDisable
                0x0200ce24       0x68 CMakeFiles/rtt_ra.dir/ra/fsp/src/r_ioport/r_ioport.c.obj
 .text.R_IOPORT_Open
                0x0200ce8c       0x28 CMakeFiles/rtt_ra.dir/ra/fsp/src/r_ioport/r_ioport.c.obj
                0x0200ce8c                R_IOPORT_Open
 .text.R_IOPORT_Close
                0x0200ceb4       0x20 CMakeFiles/rtt_ra.dir/ra/fsp/src/r_ioport/r_ioport.c.obj
                0x0200ceb4                R_IOPORT_Close
 .text.R_IOPORT_PinsCfg
                0x0200ced4       0x1a CMakeFiles/rtt_ra.dir/ra/fsp/src/r_ioport/r_ioport.c.obj
                0x0200ced4                R_IOPORT_PinsCfg
 .text.R_IOPORT_PinCfg
                0x0200ceee       0x46 CMakeFiles/rtt_ra.dir/ra/fsp/src/r_ioport/r_ioport.c.obj
                0x0200ceee                R_IOPORT_PinCfg
 .text.R_IOPORT_PinRead
                0x0200cf34       0x28 CMakeFiles/rtt_ra.dir/ra/fsp/src/r_ioport/r_ioport.c.obj
                0x0200cf34                R_IOPORT_PinRead
 .text.R_IOPORT_PortRead
                0x0200cf5c       0x3a CMakeFiles/rtt_ra.dir/ra/fsp/src/r_ioport/r_ioport.c.obj
                0x0200cf5c                R_IOPORT_PortRead
 .text.R_IOPORT_PortWrite
                0x0200cf96       0x62 CMakeFiles/rtt_ra.dir/ra/fsp/src/r_ioport/r_ioport.c.obj
                0x0200cf96                R_IOPORT_PortWrite
 .text.R_IOPORT_PinWrite
                0x0200cff8       0x6e CMakeFiles/rtt_ra.dir/ra/fsp/src/r_ioport/r_ioport.c.obj
                0x0200cff8                R_IOPORT_PinWrite
 .text.R_IOPORT_PortDirectionSet
                0x0200d066       0x72 CMakeFiles/rtt_ra.dir/ra/fsp/src/r_ioport/r_ioport.c.obj
                0x0200d066                R_IOPORT_PortDirectionSet
 .text.R_IOPORT_PortEventInputRead
                0x0200d0d8       0x3e CMakeFiles/rtt_ra.dir/ra/fsp/src/r_ioport/r_ioport.c.obj
                0x0200d0d8                R_IOPORT_PortEventInputRead
 .text.R_IOPORT_PinEventInputRead
                0x0200d116       0x62 CMakeFiles/rtt_ra.dir/ra/fsp/src/r_ioport/r_ioport.c.obj
                0x0200d116                R_IOPORT_PinEventInputRead
 .text.R_IOPORT_PortEventOutputWrite
                0x0200d178       0x62 CMakeFiles/rtt_ra.dir/ra/fsp/src/r_ioport/r_ioport.c.obj
                0x0200d178                R_IOPORT_PortEventOutputWrite
 .text.R_IOPORT_PinEventOutputWrite
                0x0200d1da       0x5e CMakeFiles/rtt_ra.dir/ra/fsp/src/r_ioport/r_ioport.c.obj
                0x0200d1da                R_IOPORT_PinEventOutputWrite
 .text.r_ioport_pins_config
                0x0200d238       0x56 CMakeFiles/rtt_ra.dir/ra/fsp/src/r_ioport/r_ioport.c.obj
 .text.r_ioport_hw_pin_event_output_data_write
                0x0200d28e       0x88 CMakeFiles/rtt_ra.dir/ra/fsp/src/r_ioport/r_ioport.c.obj
 *fill*         0x0200d316        0x2 ff
 .text.r_ioport_pfs_write
                0x0200d318       0x78 CMakeFiles/rtt_ra.dir/ra/fsp/src/r_ioport/r_ioport.c.obj
 .text.bsp_vbatt_init
                0x0200d390      0x17c CMakeFiles/rtt_ra.dir/ra/fsp/src/r_ioport/r_ioport.c.obj
 .text.R_FSP_CurrentIrqGet
                0x0200d50c       0x2c CMakeFiles/rtt_ra.dir/ra/fsp/src/r_mipi_dsi/r_mipi_dsi.c.obj
 .text.R_BSP_IrqStatusClear